[2024-03-16T13:28:43.104-0300][gc,init] Initializing The Z Garbage Collector
[2024-03-16T13:28:43.104-0300][gc,init] Version: 21+35-2513 (release)
[2024-03-16T13:28:43.150-0300][gc,init] Using legacy single-generation mode
[2024-03-16T13:28:43.150-0300][gc,init] NUMA Support: Disabled
[2024-03-16T13:28:43.150-0300][gc,init] CPUs: 8 total, 8 available
[2024-03-16T13:28:43.150-0300][gc,init] Memory: 15876M
[2024-03-16T13:28:43.150-0300][gc,init] Large Page Support: Disabled
[2024-03-16T13:28:43.150-0300][gc,init] GC Workers: 2 (dynamic)
[2024-03-16T13:28:43.152-0300][gc,init] Address Space Type: Contiguous/Unrestricted/Complete
[2024-03-16T13:28:43.152-0300][gc,init] Address Space Size: 63520M x 3 = 190560M
[2024-03-16T13:28:43.152-0300][gc,init] Heap Backing File: /memfd:java_heap
[2024-03-16T13:28:43.152-0300][gc,init] Heap Backing Filesystem: tmpfs (0x1021994)
[2024-03-16T13:28:43.153-0300][gc,init] Min Capacity: 8M
[2024-03-16T13:28:43.153-0300][gc,init] Initial Capacity: 250M
[2024-03-16T13:28:43.153-0300][gc,init] Max Capacity: 3970M
[2024-03-16T13:28:43.153-0300][gc,init] Medium Page Size: 32M
[2024-03-16T13:28:43.153-0300][gc,init] Pre-touch: Disabled
[2024-03-16T13:28:43.153-0300][gc,init] Available space on backing filesystem: N/A
[2024-03-16T13:28:43.156-0300][gc,init] Uncommit: Enabled
[2024-03-16T13:28:43.156-0300][gc,init] Uncommit Delay: 300s
[2024-03-16T13:28:43.210-0300][gc,init] Runtime Workers: 5
[2024-03-16T13:28:43.210-0300][gc     ] Using The Z Garbage Collector
[2024-03-16T13:28:43.434-0300][gc,metaspace] CDS archive(s) mapped at: [0x00007f3a73000000-0x00007f3a73ca5000-0x00007f3a73ca5000), size 13258752, SharedBaseAddress: 0x00007f3a73000000, ArchiveRelocationMode: 1.
[2024-03-16T13:28:43.434-0300][gc,metaspace] Compressed class space mapped at: 0x00007f3a74000000-0x00007f3ab4000000, reserved size: 1073741824
[2024-03-16T13:28:43.434-0300][gc,metaspace] Narrow klass base: 0x00007f3a73000000, Narrow klass shift: 0, Narrow klass range: 0x100000000
[2024-03-16T13:28:44.782-0300][gc,start    ] GC(0) Garbage Collection (Metadata GC Threshold)
[2024-03-16T13:28:44.782-0300][gc,task     ] GC(0) Using 2 workers
[2024-03-16T13:28:44.782-0300][gc,phases   ] GC(0) Pause Mark Start 0,018ms
[2024-03-16T13:28:44.806-0300][gc,phases   ] GC(0) Concurrent Mark 23,676ms
[2024-03-16T13:28:44.806-0300][gc,phases   ] GC(0) Pause Mark End 0,009ms
[2024-03-16T13:28:44.806-0300][gc,phases   ] GC(0) Concurrent Mark Free 0,000ms
[2024-03-16T13:28:44.810-0300][gc,phases   ] GC(0) Concurrent Process Non-Strong References 3,892ms
[2024-03-16T13:28:44.810-0300][gc,phases   ] GC(0) Concurrent Reset Relocation Set 0,001ms
[2024-03-16T13:28:44.816-0300][gc,phases   ] GC(0) Concurrent Select Relocation Set 5,773ms
[2024-03-16T13:28:44.838-0300][gc,phases   ] GC(0) Pause Relocate Start 0,006ms
[2024-03-16T13:28:44.849-0300][gc,phases   ] GC(0) Concurrent Relocate 10,484ms
[2024-03-16T13:28:44.849-0300][gc,load     ] GC(0) Load: 1,63/1,49/1,56
[2024-03-16T13:28:44.849-0300][gc,mmu      ] GC(0) MMU: 2ms/99,1%, 5ms/99,6%, 10ms/99,8%, 20ms/99,9%, 50ms/99,9%, 100ms/100,0%
[2024-03-16T13:28:44.849-0300][gc,marking  ] GC(0) Mark: 2 stripe(s), 2 proactive flush(es), 1 terminate flush(es), 0 completion(s), 0 continuation(s) 
[2024-03-16T13:28:44.849-0300][gc,marking  ] GC(0) Mark Stack Usage: 32M
[2024-03-16T13:28:44.849-0300][gc,nmethod  ] GC(0) NMethods: 2894 registered, 510 unregistered
[2024-03-16T13:28:44.849-0300][gc,metaspace] GC(0) Metaspace: 21M used, 21M committed, 1088M reserved
[2024-03-16T13:28:44.849-0300][gc,ref      ] GC(0) Soft: 4867 encountered, 0 discovered, 0 enqueued
[2024-03-16T13:28:44.849-0300][gc,ref      ] GC(0) Weak: 2264 encountered, 1712 discovered, 697 enqueued
[2024-03-16T13:28:44.849-0300][gc,ref      ] GC(0) Final: 0 encountered, 0 discovered, 0 enqueued
[2024-03-16T13:28:44.849-0300][gc,ref      ] GC(0) Phantom: 3792 encountered, 3754 discovered, 3529 enqueued
[2024-03-16T13:28:44.849-0300][gc,reloc    ] GC(0) Small Pages: 84 / 168M, Empty: 0M, Relocated: 11M, In-Place: 0
[2024-03-16T13:28:44.849-0300][gc,reloc    ] GC(0) Medium Pages: 0 / 0M, Empty: 0M, Relocated: 0M, In-Place: 0
[2024-03-16T13:28:44.849-0300][gc,reloc    ] GC(0) Large Pages: 0 / 0M, Empty: 0M, Relocated: 0M, In-Place: 0
[2024-03-16T13:28:44.849-0300][gc,reloc    ] GC(0) Forwarding Usage: 4M
[2024-03-16T13:28:44.849-0300][gc,heap     ] GC(0) Min Capacity: 8M(0%)
[2024-03-16T13:28:44.849-0300][gc,heap     ] GC(0) Max Capacity: 3970M(100%)
[2024-03-16T13:28:44.849-0300][gc,heap     ] GC(0) Soft Max Capacity: 3970M(100%)
[2024-03-16T13:28:44.849-0300][gc,heap     ] GC(0)                Mark Start          Mark End        Relocate Start      Relocate End           High               Low         
[2024-03-16T13:28:44.849-0300][gc,heap     ] GC(0)  Capacity:      250M (6%)          250M (6%)          250M (6%)          250M (6%)          250M (6%)          250M (6%)     
[2024-03-16T13:28:44.849-0300][gc,heap     ] GC(0)      Free:     3802M (96%)        3796M (96%)        3794M (96%)        3940M (99%)        3940M (99%)        3790M (95%)    
[2024-03-16T13:28:44.849-0300][gc,heap     ] GC(0)      Used:      168M (4%)          174M (4%)          176M (4%)           30M (1%)          180M (5%)           30M (1%)     
[2024-03-16T13:28:44.849-0300][gc,heap     ] GC(0)      Live:         -                11M (0%)           11M (0%)           11M (0%)             -                  -          
[2024-03-16T13:28:44.849-0300][gc,heap     ] GC(0) Allocated:         -                 6M (0%)            8M (0%)           17M (0%)             -                  -          
[2024-03-16T13:28:44.849-0300][gc,heap     ] GC(0)   Garbage:         -               156M (4%)          156M (4%)            1M (0%)             -                  -          
[2024-03-16T13:28:44.849-0300][gc,heap     ] GC(0) Reclaimed:         -                  -                 0M (0%)          155M (4%)             -                  -          
[2024-03-16T13:28:44.849-0300][gc          ] GC(0) Garbage Collection (Metadata GC Threshold) 168M(4%)->30M(1%)
[2024-03-16T13:28:53.477-0300][gc,stats    ] === Garbage Collection Statistics =======================================================================================================================
[2024-03-16T13:28:53.477-0300][gc,stats    ]                                                              Last 10s              Last 10m              Last 10h                Total
[2024-03-16T13:28:53.477-0300][gc,stats    ]                                                              Avg / Max             Avg / Max             Avg / Max             Avg / Max
[2024-03-16T13:28:53.477-0300][gc,stats    ]   Collector: Garbage Collection Cycle                     67,231 / 67,231       67,231 / 67,231       67,231 / 67,231       67,231 / 67,231      ms
[2024-03-16T13:28:53.477-0300][gc,stats    ]  Contention: Mark Segment Reset Contention                     0 / 1                 0 / 1                 0 / 1                 0 / 1           ops/s
[2024-03-16T13:28:53.477-0300][gc,stats    ]  Contention: Mark SeqNum Reset Contention                      0 / 0                 0 / 0                 0 / 0                 0 / 0           ops/s
[2024-03-16T13:28:53.477-0300][gc,stats    ]    Critical: Allocation Stall                                  0 / 0                 0 / 0                 0 / 0                 0 / 0           ops/s
[2024-03-16T13:28:53.477-0300][gc,stats    ]    Critical: Allocation Stall                              0,000 / 0,000         0,000 / 0,000         0,000 / 0,000         0,000 / 0,000       ms
[2024-03-16T13:28:53.477-0300][gc,stats    ]    Critical: GC Locker Stall                                   0 / 0                 0 / 0                 0 / 0                 0 / 0           ops/s
[2024-03-16T13:28:53.477-0300][gc,stats    ]    Critical: GC Locker Stall                               0,000 / 0,000         0,000 / 0,000         0,000 / 0,000         0,000 / 0,000       ms
[2024-03-16T13:28:53.477-0300][gc,stats    ]    Critical: Relocation Stall                                  0 / 0                 0 / 0                 0 / 0                 0 / 0           ops/s
[2024-03-16T13:28:53.477-0300][gc,stats    ]    Critical: Relocation Stall                              0,000 / 0,000         0,000 / 0,000         0,000 / 0,000         0,000 / 0,000       ms
[2024-03-16T13:28:53.477-0300][gc,stats    ]      Memory: Allocation Rate                                  27 / 142              27 / 142              27 / 142              27 / 142         MB/s
[2024-03-16T13:28:53.477-0300][gc,stats    ]      Memory: Defragment                                        0 / 0                 0 / 0                 0 / 0                 0 / 0           ops/s
[2024-03-16T13:28:53.477-0300][gc,stats    ]      Memory: Out Of Memory                                     0 / 0                 0 / 0                 0 / 0                 0 / 0           ops/s
[2024-03-16T13:28:53.477-0300][gc,stats    ]      Memory: Page Cache Flush                                  0 / 0                 0 / 0                 0 / 0                 0 / 0           MB/s
[2024-03-16T13:28:53.477-0300][gc,stats    ]      Memory: Page Cache Hit L1                                 5 / 52                5 / 52                5 / 52                5 / 52          ops/s
[2024-03-16T13:28:53.477-0300][gc,stats    ]      Memory: Page Cache Hit L2                                 0 / 0                 0 / 0                 0 / 0                 0 / 0           ops/s
[2024-03-16T13:28:53.477-0300][gc,stats    ]      Memory: Page Cache Hit L3                                 9 / 65                9 / 65                9 / 65                9 / 65          ops/s
[2024-03-16T13:28:53.477-0300][gc,stats    ]      Memory: Page Cache Miss                                   0 / 1                 0 / 1                 0 / 1                 0 / 1           ops/s
[2024-03-16T13:28:53.477-0300][gc,stats    ]      Memory: Uncommit                                          0 / 0                 0 / 0                 0 / 0                 0 / 0           MB/s
[2024-03-16T13:28:53.477-0300][gc,stats    ]      Memory: Undo Object Allocation Failed                     0 / 0                 0 / 0                 0 / 0                 0 / 0           ops/s
[2024-03-16T13:28:53.477-0300][gc,stats    ]      Memory: Undo Object Allocation Succeeded                  0 / 9                 0 / 9                 0 / 9                 0 / 9           ops/s
[2024-03-16T13:28:53.477-0300][gc,stats    ]      Memory: Undo Page Allocation                              0 / 0                 0 / 0                 0 / 0                 0 / 0           ops/s
[2024-03-16T13:28:53.477-0300][gc,stats    ]       Phase: Concurrent Mark                              23,676 / 23,676       23,676 / 23,676       23,676 / 23,676       23,676 / 23,676      ms
[2024-03-16T13:28:53.477-0300][gc,stats    ]       Phase: Concurrent Mark Continue                      0,000 / 0,000         0,000 / 0,000         0,000 / 0,000         0,000 / 0,000       ms
[2024-03-16T13:28:53.477-0300][gc,stats    ]       Phase: Concurrent Mark Free                          0,000 / 0,000         0,000 / 0,000         0,000 / 0,000         0,000 / 0,000       ms
[2024-03-16T13:28:53.477-0300][gc,stats    ]       Phase: Concurrent Process Non-Strong References      3,892 / 3,892         3,892 / 3,892         3,892 / 3,892         3,892 / 3,892       ms
[2024-03-16T13:28:53.477-0300][gc,stats    ]       Phase: Concurrent Relocate                          10,484 / 10,484       10,484 / 10,484       10,484 / 10,484       10,484 / 10,484      ms
[2024-03-16T13:28:53.477-0300][gc,stats    ]       Phase: Concurrent Reset Relocation Set               0,001 / 0,001         0,001 / 0,001         0,001 / 0,001         0,001 / 0,001       ms
[2024-03-16T13:28:53.477-0300][gc,stats    ]       Phase: Concurrent Select Relocation Set              5,773 / 5,773         5,773 / 5,773         5,773 / 5,773         5,773 / 5,773       ms
[2024-03-16T13:28:53.477-0300][gc,stats    ]       Phase: Pause Mark End                                0,009 / 0,009         0,009 / 0,009         0,009 / 0,009         0,009 / 0,009       ms
[2024-03-16T13:28:53.477-0300][gc,stats    ]       Phase: Pause Mark Start                              0,018 / 0,018         0,018 / 0,018         0,018 / 0,018         0,018 / 0,018       ms
[2024-03-16T13:28:53.477-0300][gc,stats    ]       Phase: Pause Relocate Start                          0,006 / 0,006         0,006 / 0,006         0,006 / 0,006         0,006 / 0,006       ms
[2024-03-16T13:28:53.477-0300][gc,stats    ]    Subphase: Concurrent Classes Purge                      0,505 / 0,505         0,505 / 0,505         0,505 / 0,505         0,505 / 0,505       ms
[2024-03-16T13:28:53.477-0300][gc,stats    ]    Subphase: Concurrent Classes Unlink                     2,518 / 2,518         2,518 / 2,518         2,518 / 2,518         2,518 / 2,518       ms
[2024-03-16T13:28:53.477-0300][gc,stats    ]    Subphase: Concurrent Mark                              22,961 / 23,020       22,961 / 23,020       22,961 / 23,020       22,961 / 23,020      ms
[2024-03-16T13:28:53.477-0300][gc,stats    ]    Subphase: Concurrent Mark Try Flush                     0,029 / 0,036         0,029 / 0,036         0,029 / 0,036         0,029 / 0,036       ms
[2024-03-16T13:28:53.478-0300][gc,stats    ]    Subphase: Concurrent Mark Try Terminate                 0,544 / 1,085         0,544 / 1,085         0,544 / 1,085         0,544 / 1,085       ms
[2024-03-16T13:28:53.478-0300][gc,stats    ]    Subphase: Concurrent References Enqueue                 0,003 / 0,003         0,003 / 0,003         0,003 / 0,003         0,003 / 0,003       ms
[2024-03-16T13:28:53.478-0300][gc,stats    ]    Subphase: Concurrent References Process                 0,418 / 0,418         0,418 / 0,418         0,418 / 0,418         0,418 / 0,418       ms
[2024-03-16T13:28:53.478-0300][gc,stats    ]    Subphase: Concurrent Roots ClassLoaderDataGraph         0,201 / 0,393         0,201 / 0,393         0,201 / 0,393         0,201 / 0,393       ms
[2024-03-16T13:28:53.478-0300][gc,stats    ]    Subphase: Concurrent Roots CodeCache                    0,000 / 0,000         0,000 / 0,000         0,000 / 0,000         0,000 / 0,000       ms
[2024-03-16T13:28:53.478-0300][gc,stats    ]    Subphase: Concurrent Roots JavaThreads                  0,302 / 0,440         0,302 / 0,440         0,302 / 0,440         0,302 / 0,440       ms
[2024-03-16T13:28:53.478-0300][gc,stats    ]    Subphase: Concurrent Roots OopStorageSet                0,062 / 0,092         0,062 / 0,092         0,062 / 0,092         0,062 / 0,092       ms
[2024-03-16T13:28:53.478-0300][gc,stats    ]    Subphase: Concurrent Weak Roots OopStorageSet           0,369 / 0,370         0,369 / 0,370         0,369 / 0,370         0,369 / 0,370       ms
[2024-03-16T13:28:53.478-0300][gc,stats    ]    Subphase: Pause Mark Try Complete                       0,000 / 0,000         0,000 / 0,000         0,000 / 0,000         0,000 / 0,000       ms
[2024-03-16T13:28:53.478-0300][gc,stats    ]      System: Java Threads                                     12 / 12               12 / 12               12 / 12               12 / 12          threads
[2024-03-16T13:28:53.478-0300][gc,stats    ] =========================================================================================================================================================
[2024-03-16T13:29:03.477-0300][gc,stats    ] === Garbage Collection Statistics =======================================================================================================================
[2024-03-16T13:29:03.477-0300][gc,stats    ]                                                              Last 10s              Last 10m              Last 10h                Total
[2024-03-16T13:29:03.477-0300][gc,stats    ]                                                              Avg / Max             Avg / Max             Avg / Max             Avg / Max
[2024-03-16T13:29:03.477-0300][gc,stats    ]   Collector: Garbage Collection Cycle                      0,000 / 0,000        67,231 / 67,231       67,231 / 67,231       67,231 / 67,231      ms
[2024-03-16T13:29:03.477-0300][gc,stats    ]  Contention: Mark Segment Reset Contention                     0 / 0                 0 / 1                 0 / 1                 0 / 1           ops/s
[2024-03-16T13:29:03.477-0300][gc,stats    ]  Contention: Mark SeqNum Reset Contention                      0 / 0                 0 / 0                 0 / 0                 0 / 0           ops/s
[2024-03-16T13:29:03.477-0300][gc,stats    ]    Critical: Allocation Stall                                  0 / 0                 0 / 0                 0 / 0                 0 / 0           ops/s
[2024-03-16T13:29:03.477-0300][gc,stats    ]    Critical: Allocation Stall                              0,000 / 0,000         0,000 / 0,000         0,000 / 0,000         0,000 / 0,000       ms
[2024-03-16T13:29:03.477-0300][gc,stats    ]    Critical: GC Locker Stall                                   0 / 0                 0 / 0                 0 / 0                 0 / 0           ops/s
[2024-03-16T13:29:03.477-0300][gc,stats    ]    Critical: GC Locker Stall                               0,000 / 0,000         0,000 / 0,000         0,000 / 0,000         0,000 / 0,000       ms
[2024-03-16T13:29:03.477-0300][gc,stats    ]    Critical: Relocation Stall                                  0 / 0                 0 / 0                 0 / 0                 0 / 0           ops/s
[2024-03-16T13:29:03.477-0300][gc,stats    ]    Critical: Relocation Stall                              0,000 / 0,000         0,000 / 0,000         0,000 / 0,000         0,000 / 0,000       ms
[2024-03-16T13:29:03.477-0300][gc,stats    ]      Memory: Allocation Rate                                   0 / 0                13 / 142              13 / 142              13 / 142         MB/s
[2024-03-16T13:29:03.477-0300][gc,stats    ]      Memory: Defragment                                        0 / 0                 0 / 0                 0 / 0                 0 / 0           ops/s
[2024-03-16T13:29:03.477-0300][gc,stats    ]      Memory: Out Of Memory                                     0 / 0                 0 / 0                 0 / 0                 0 / 0           ops/s
[2024-03-16T13:29:03.477-0300][gc,stats    ]      Memory: Page Cache Flush                                  0 / 0                 0 / 0                 0 / 0                 0 / 0           MB/s
[2024-03-16T13:29:03.477-0300][gc,stats    ]      Memory: Page Cache Hit L1                                 0 / 0                 2 / 52                2 / 52                2 / 52          ops/s
[2024-03-16T13:29:03.477-0300][gc,stats    ]      Memory: Page Cache Hit L2                                 0 / 0                 0 / 0                 0 / 0                 0 / 0           ops/s
[2024-03-16T13:29:03.477-0300][gc,stats    ]      Memory: Page Cache Hit L3                                 0 / 0                 4 / 65                4 / 65                4 / 65          ops/s
[2024-03-16T13:29:03.477-0300][gc,stats    ]      Memory: Page Cache Miss                                   0 / 0                 0 / 1                 0 / 1                 0 / 1           ops/s
[2024-03-16T13:29:03.477-0300][gc,stats    ]      Memory: Uncommit                                          0 / 0                 0 / 0                 0 / 0                 0 / 0           MB/s
[2024-03-16T13:29:03.477-0300][gc,stats    ]      Memory: Undo Object Allocation Failed                     0 / 0                 0 / 0                 0 / 0                 0 / 0           ops/s
[2024-03-16T13:29:03.477-0300][gc,stats    ]      Memory: Undo Object Allocation Succeeded                  0 / 0                 0 / 9                 0 / 9                 0 / 9           ops/s
[2024-03-16T13:29:03.477-0300][gc,stats    ]      Memory: Undo Page Allocation                              0 / 0                 0 / 0                 0 / 0                 0 / 0           ops/s
[2024-03-16T13:29:03.477-0300][gc,stats    ]       Phase: Concurrent Mark                               0,000 / 0,000        23,676 / 23,676       23,676 / 23,676       23,676 / 23,676      ms
[2024-03-16T13:29:03.477-0300][gc,stats    ]       Phase: Concurrent Mark Continue                      0,000 / 0,000         0,000 / 0,000         0,000 / 0,000         0,000 / 0,000       ms
[2024-03-16T13:29:03.477-0300][gc,stats    ]       Phase: Concurrent Mark Free                          0,000 / 0,000         0,000 / 0,000         0,000 / 0,000         0,000 / 0,000       ms
[2024-03-16T13:29:03.477-0300][gc,stats    ]       Phase: Concurrent Process Non-Strong References      0,000 / 0,000         3,892 / 3,892         3,892 / 3,892         3,892 / 3,892       ms
[2024-03-16T13:29:03.477-0300][gc,stats    ]       Phase: Concurrent Relocate                           0,000 / 0,000        10,484 / 10,484       10,484 / 10,484       10,484 / 10,484      ms
[2024-03-16T13:29:03.477-0300][gc,stats    ]       Phase: Concurrent Reset Relocation Set               0,000 / 0,000         0,001 / 0,001         0,001 / 0,001         0,001 / 0,001       ms
[2024-03-16T13:29:03.477-0300][gc,stats    ]       Phase: Concurrent Select Relocation Set              0,000 / 0,000         5,773 / 5,773         5,773 / 5,773         5,773 / 5,773       ms
[2024-03-16T13:29:03.477-0300][gc,stats    ]       Phase: Pause Mark End                                0,000 / 0,000         0,009 / 0,009         0,009 / 0,009         0,009 / 0,009       ms
[2024-03-16T13:29:03.477-0300][gc,stats    ]       Phase: Pause Mark Start                              0,000 / 0,000         0,018 / 0,018         0,018 / 0,018         0,018 / 0,018       ms
[2024-03-16T13:29:03.477-0300][gc,stats    ]       Phase: Pause Relocate Start                          0,000 / 0,000         0,006 / 0,006         0,006 / 0,006         0,006 / 0,006       ms
[2024-03-16T13:29:03.477-0300][gc,stats    ]    Subphase: Concurrent Classes Purge                      0,000 / 0,000         0,505 / 0,505         0,505 / 0,505         0,505 / 0,505       ms
[2024-03-16T13:29:03.477-0300][gc,stats    ]    Subphase: Concurrent Classes Unlink                     0,000 / 0,000         2,518 / 2,518         2,518 / 2,518         2,518 / 2,518       ms
[2024-03-16T13:29:03.477-0300][gc,stats    ]    Subphase: Concurrent Mark                               0,000 / 0,000        22,961 / 23,020       22,961 / 23,020       22,961 / 23,020      ms
[2024-03-16T13:29:03.477-0300][gc,stats    ]    Subphase: Concurrent Mark Try Flush                     0,000 / 0,000         0,029 / 0,036         0,029 / 0,036         0,029 / 0,036       ms
[2024-03-16T13:29:03.477-0300][gc,stats    ]    Subphase: Concurrent Mark Try Terminate                 0,000 / 0,000         0,544 / 1,085         0,544 / 1,085         0,544 / 1,085       ms
[2024-03-16T13:29:03.477-0300][gc,stats    ]    Subphase: Concurrent References Enqueue                 0,000 / 0,000         0,003 / 0,003         0,003 / 0,003         0,003 / 0,003       ms
[2024-03-16T13:29:03.477-0300][gc,stats    ]    Subphase: Concurrent References Process                 0,000 / 0,000         0,418 / 0,418         0,418 / 0,418         0,418 / 0,418       ms
[2024-03-16T13:29:03.477-0300][gc,stats    ]    Subphase: Concurrent Roots ClassLoaderDataGraph         0,000 / 0,000         0,201 / 0,393         0,201 / 0,393         0,201 / 0,393       ms
[2024-03-16T13:29:03.478-0300][gc,stats    ]    Subphase: Concurrent Roots CodeCache                    0,000 / 0,000         0,000 / 0,000         0,000 / 0,000         0,000 / 0,000       ms
[2024-03-16T13:29:03.478-0300][gc,stats    ]    Subphase: Concurrent Roots JavaThreads                  0,000 / 0,000         0,302 / 0,440         0,302 / 0,440         0,302 / 0,440       ms
[2024-03-16T13:29:03.478-0300][gc,stats    ]    Subphase: Concurrent Roots OopStorageSet                0,000 / 0,000         0,062 / 0,092         0,062 / 0,092         0,062 / 0,092       ms
[2024-03-16T13:29:03.478-0300][gc,stats    ]    Subphase: Concurrent Weak Roots OopStorageSet           0,000 / 0,000         0,369 / 0,370         0,369 / 0,370         0,369 / 0,370       ms
[2024-03-16T13:29:03.478-0300][gc,stats    ]    Subphase: Pause Mark Try Complete                       0,000 / 0,000         0,000 / 0,000         0,000 / 0,000         0,000 / 0,000       ms
[2024-03-16T13:29:03.478-0300][gc,stats    ]      System: Java Threads                                      0 / 0                12 / 12               12 / 12               12 / 12          threads
[2024-03-16T13:29:03.478-0300][gc,stats    ] =========================================================================================================================================================
[2024-03-16T13:29:13.477-0300][gc,stats    ] === Garbage Collection Statistics =======================================================================================================================
[2024-03-16T13:29:13.477-0300][gc,stats    ]                                                              Last 10s              Last 10m              Last 10h                Total
[2024-03-16T13:29:13.477-0300][gc,stats    ]                                                              Avg / Max             Avg / Max             Avg / Max             Avg / Max
[2024-03-16T13:29:13.477-0300][gc,stats    ]   Collector: Garbage Collection Cycle                      0,000 / 0,000        67,231 / 67,231       67,231 / 67,231       67,231 / 67,231      ms
[2024-03-16T13:29:13.477-0300][gc,stats    ]  Contention: Mark Segment Reset Contention                     0 / 0                 0 / 1                 0 / 1                 0 / 1           ops/s
[2024-03-16T13:29:13.477-0300][gc,stats    ]  Contention: Mark SeqNum Reset Contention                      0 / 0                 0 / 0                 0 / 0                 0 / 0           ops/s
[2024-03-16T13:29:13.477-0300][gc,stats    ]    Critical: Allocation Stall                                  0 / 0                 0 / 0                 0 / 0                 0 / 0           ops/s
[2024-03-16T13:29:13.477-0300][gc,stats    ]    Critical: Allocation Stall                              0,000 / 0,000         0,000 / 0,000         0,000 / 0,000         0,000 / 0,000       ms
[2024-03-16T13:29:13.477-0300][gc,stats    ]    Critical: GC Locker Stall                                   0 / 0                 0 / 0                 0 / 0                 0 / 0           ops/s
[2024-03-16T13:29:13.477-0300][gc,stats    ]    Critical: GC Locker Stall                               0,000 / 0,000         0,000 / 0,000         0,000 / 0,000         0,000 / 0,000       ms
[2024-03-16T13:29:13.477-0300][gc,stats    ]    Critical: Relocation Stall                                  0 / 0                 0 / 0                 0 / 0                 0 / 0           ops/s
[2024-03-16T13:29:13.477-0300][gc,stats    ]    Critical: Relocation Stall                              0,000 / 0,000         0,000 / 0,000         0,000 / 0,000         0,000 / 0,000       ms
[2024-03-16T13:29:13.477-0300][gc,stats    ]      Memory: Allocation Rate                                   0 / 0                 9 / 142               9 / 142               9 / 142         MB/s
[2024-03-16T13:29:13.477-0300][gc,stats    ]      Memory: Defragment                                        0 / 0                 0 / 0                 0 / 0                 0 / 0           ops/s
[2024-03-16T13:29:13.477-0300][gc,stats    ]      Memory: Out Of Memory                                     0 / 0                 0 / 0                 0 / 0                 0 / 0           ops/s
[2024-03-16T13:29:13.477-0300][gc,stats    ]      Memory: Page Cache Flush                                  0 / 0                 0 / 0                 0 / 0                 0 / 0           MB/s
[2024-03-16T13:29:13.477-0300][gc,stats    ]      Memory: Page Cache Hit L1                                 0 / 0                 1 / 52                1 / 52                1 / 52          ops/s
[2024-03-16T13:29:13.477-0300][gc,stats    ]      Memory: Page Cache Hit L2                                 0 / 0                 0 / 0                 0 / 0                 0 / 0           ops/s
[2024-03-16T13:29:13.477-0300][gc,stats    ]      Memory: Page Cache Hit L3                                 0 / 0                 3 / 65                3 / 65                3 / 65          ops/s
[2024-03-16T13:29:13.477-0300][gc,stats    ]      Memory: Page Cache Miss                                   0 / 0                 0 / 1                 0 / 1                 0 / 1           ops/s
[2024-03-16T13:29:13.477-0300][gc,stats    ]      Memory: Uncommit                                          0 / 0                 0 / 0                 0 / 0                 0 / 0           MB/s
[2024-03-16T13:29:13.477-0300][gc,stats    ]      Memory: Undo Object Allocation Failed                     0 / 0                 0 / 0                 0 / 0                 0 / 0           ops/s
[2024-03-16T13:29:13.477-0300][gc,stats    ]      Memory: Undo Object Allocation Succeeded                  0 / 0                 0 / 9                 0 / 9                 0 / 9           ops/s
[2024-03-16T13:29:13.477-0300][gc,stats    ]      Memory: Undo Page Allocation                              0 / 0                 0 / 0                 0 / 0                 0 / 0           ops/s
[2024-03-16T13:29:13.477-0300][gc,stats    ]       Phase: Concurrent Mark                               0,000 / 0,000        23,676 / 23,676       23,676 / 23,676       23,676 / 23,676      ms
[2024-03-16T13:29:13.477-0300][gc,stats    ]       Phase: Concurrent Mark Continue                      0,000 / 0,000         0,000 / 0,000         0,000 / 0,000         0,000 / 0,000       ms
[2024-03-16T13:29:13.478-0300][gc,stats    ]       Phase: Concurrent Mark Free                          0,000 / 0,000         0,000 / 0,000         0,000 / 0,000         0,000 / 0,000       ms
[2024-03-16T13:29:13.478-0300][gc,stats    ]       Phase: Concurrent Process Non-Strong References      0,000 / 0,000         3,892 / 3,892         3,892 / 3,892         3,892 / 3,892       ms
[2024-03-16T13:29:13.478-0300][gc,stats    ]       Phase: Concurrent Relocate                           0,000 / 0,000        10,484 / 10,484       10,484 / 10,484       10,484 / 10,484      ms
[2024-03-16T13:29:13.478-0300][gc,stats    ]       Phase: Concurrent Reset Relocation Set               0,000 / 0,000         0,001 / 0,001         0,001 / 0,001         0,001 / 0,001       ms
[2024-03-16T13:29:13.478-0300][gc,stats    ]       Phase: Concurrent Select Relocation Set              0,000 / 0,000         5,773 / 5,773         5,773 / 5,773         5,773 / 5,773       ms
[2024-03-16T13:29:13.478-0300][gc,stats    ]       Phase: Pause Mark End                                0,000 / 0,000         0,009 / 0,009         0,009 / 0,009         0,009 / 0,009       ms
[2024-03-16T13:29:13.478-0300][gc,stats    ]       Phase: Pause Mark Start                              0,000 / 0,000         0,018 / 0,018         0,018 / 0,018         0,018 / 0,018       ms
[2024-03-16T13:29:13.478-0300][gc,stats    ]       Phase: Pause Relocate Start                          0,000 / 0,000         0,006 / 0,006         0,006 / 0,006         0,006 / 0,006       ms
[2024-03-16T13:29:13.478-0300][gc,stats    ]    Subphase: Concurrent Classes Purge                      0,000 / 0,000         0,505 / 0,505         0,505 / 0,505         0,505 / 0,505       ms
[2024-03-16T13:29:13.478-0300][gc,stats    ]    Subphase: Concurrent Classes Unlink                     0,000 / 0,000         2,518 / 2,518         2,518 / 2,518         2,518 / 2,518       ms
[2024-03-16T13:29:13.478-0300][gc,stats    ]    Subphase: Concurrent Mark                               0,000 / 0,000        22,961 / 23,020       22,961 / 23,020       22,961 / 23,020      ms
[2024-03-16T13:29:13.478-0300][gc,stats    ]    Subphase: Concurrent Mark Try Flush                     0,000 / 0,000         0,029 / 0,036         0,029 / 0,036         0,029 / 0,036       ms
[2024-03-16T13:29:13.478-0300][gc,stats    ]    Subphase: Concurrent Mark Try Terminate                 0,000 / 0,000         0,544 / 1,085         0,544 / 1,085         0,544 / 1,085       ms
[2024-03-16T13:29:13.478-0300][gc,stats    ]    Subphase: Concurrent References Enqueue                 0,000 / 0,000         0,003 / 0,003         0,003 / 0,003         0,003 / 0,003       ms
[2024-03-16T13:29:13.478-0300][gc,stats    ]    Subphase: Concurrent References Process                 0,000 / 0,000         0,418 / 0,418         0,418 / 0,418         0,418 / 0,418       ms
[2024-03-16T13:29:13.478-0300][gc,stats    ]    Subphase: Concurrent Roots ClassLoaderDataGraph         0,000 / 0,000         0,201 / 0,393         0,201 / 0,393         0,201 / 0,393       ms
[2024-03-16T13:29:13.478-0300][gc,stats    ]    Subphase: Concurrent Roots CodeCache                    0,000 / 0,000         0,000 / 0,000         0,000 / 0,000         0,000 / 0,000       ms
[2024-03-16T13:29:13.478-0300][gc,stats    ]    Subphase: Concurrent Roots JavaThreads                  0,000 / 0,000         0,302 / 0,440         0,302 / 0,440         0,302 / 0,440       ms
[2024-03-16T13:29:13.478-0300][gc,stats    ]    Subphase: Concurrent Roots OopStorageSet                0,000 / 0,000         0,062 / 0,092         0,062 / 0,092         0,062 / 0,092       ms
[2024-03-16T13:29:13.478-0300][gc,stats    ]    Subphase: Concurrent Weak Roots OopStorageSet           0,000 / 0,000         0,369 / 0,370         0,369 / 0,370         0,369 / 0,370       ms
[2024-03-16T13:29:13.478-0300][gc,stats    ]    Subphase: Pause Mark Try Complete                       0,000 / 0,000         0,000 / 0,000         0,000 / 0,000         0,000 / 0,000       ms
[2024-03-16T13:29:13.478-0300][gc,stats    ]      System: Java Threads                                      0 / 0                12 / 12               12 / 12               12 / 12          threads
[2024-03-16T13:29:13.478-0300][gc,stats    ] =========================================================================================================================================================
[2024-03-16T13:29:23.477-0300][gc,stats    ] === Garbage Collection Statistics =======================================================================================================================
[2024-03-16T13:29:23.477-0300][gc,stats    ]                                                              Last 10s              Last 10m              Last 10h                Total
[2024-03-16T13:29:23.477-0300][gc,stats    ]                                                              Avg / Max             Avg / Max             Avg / Max             Avg / Max
[2024-03-16T13:29:23.477-0300][gc,stats    ]   Collector: Garbage Collection Cycle                      0,000 / 0,000        67,231 / 67,231       67,231 / 67,231       67,231 / 67,231      ms
[2024-03-16T13:29:23.477-0300][gc,stats    ]  Contention: Mark Segment Reset Contention                     0 / 0                 0 / 1                 0 / 1                 0 / 1           ops/s
[2024-03-16T13:29:23.477-0300][gc,stats    ]  Contention: Mark SeqNum Reset Contention                      0 / 0                 0 / 0                 0 / 0                 0 / 0           ops/s
[2024-03-16T13:29:23.477-0300][gc,stats    ]    Critical: Allocation Stall                                  0 / 0                 0 / 0                 0 / 0                 0 / 0           ops/s
[2024-03-16T13:29:23.477-0300][gc,stats    ]    Critical: Allocation Stall                              0,000 / 0,000         0,000 / 0,000         0,000 / 0,000         0,000 / 0,000       ms
[2024-03-16T13:29:23.477-0300][gc,stats    ]    Critical: GC Locker Stall                                   0 / 0                 0 / 0                 0 / 0                 0 / 0           ops/s
[2024-03-16T13:29:23.477-0300][gc,stats    ]    Critical: GC Locker Stall                               0,000 / 0,000         0,000 / 0,000         0,000 / 0,000         0,000 / 0,000       ms
[2024-03-16T13:29:23.477-0300][gc,stats    ]    Critical: Relocation Stall                                  0 / 0                 0 / 0                 0 / 0                 0 / 0           ops/s
[2024-03-16T13:29:23.477-0300][gc,stats    ]    Critical: Relocation Stall                              0,000 / 0,000         0,000 / 0,000         0,000 / 0,000         0,000 / 0,000       ms
[2024-03-16T13:29:23.477-0300][gc,stats    ]      Memory: Allocation Rate                                   0 / 0                 6 / 142               6 / 142               6 / 142         MB/s
[2024-03-16T13:29:23.477-0300][gc,stats    ]      Memory: Defragment                                        0 / 0                 0 / 0                 0 / 0                 0 / 0           ops/s
[2024-03-16T13:29:23.477-0300][gc,stats    ]      Memory: Out Of Memory                                     0 / 0                 0 / 0                 0 / 0                 0 / 0           ops/s
[2024-03-16T13:29:23.477-0300][gc,stats    ]      Memory: Page Cache Flush                                  0 / 0                 0 / 0                 0 / 0                 0 / 0           MB/s
[2024-03-16T13:29:23.477-0300][gc,stats    ]      Memory: Page Cache Hit L1                                 0 / 0                 1 / 52                1 / 52                1 / 52          ops/s
[2024-03-16T13:29:23.477-0300][gc,stats    ]      Memory: Page Cache Hit L2                                 0 / 0                 0 / 0                 0 / 0                 0 / 0           ops/s
[2024-03-16T13:29:23.477-0300][gc,stats    ]      Memory: Page Cache Hit L3                                 0 / 0                 2 / 65                2 / 65                2 / 65          ops/s
[2024-03-16T13:29:23.477-0300][gc,stats    ]      Memory: Page Cache Miss                                   0 / 0                 0 / 1                 0 / 1                 0 / 1           ops/s
[2024-03-16T13:29:23.477-0300][gc,stats    ]      Memory: Uncommit                                          0 / 0                 0 / 0                 0 / 0                 0 / 0           MB/s
[2024-03-16T13:29:23.477-0300][gc,stats    ]      Memory: Undo Object Allocation Failed                     0 / 0                 0 / 0                 0 / 0                 0 / 0           ops/s
[2024-03-16T13:29:23.477-0300][gc,stats    ]      Memory: Undo Object Allocation Succeeded                  0 / 0                 0 / 9                 0 / 9                 0 / 9           ops/s
[2024-03-16T13:29:23.478-0300][gc,stats    ]      Memory: Undo Page Allocation                              0 / 0                 0 / 0                 0 / 0                 0 / 0           ops/s
[2024-03-16T13:29:23.478-0300][gc,stats    ]       Phase: Concurrent Mark                               0,000 / 0,000        23,676 / 23,676       23,676 / 23,676       23,676 / 23,676      ms
[2024-03-16T13:29:23.478-0300][gc,stats    ]       Phase: Concurrent Mark Continue                      0,000 / 0,000         0,000 / 0,000         0,000 / 0,000         0,000 / 0,000       ms
[2024-03-16T13:29:23.478-0300][gc,stats    ]       Phase: Concurrent Mark Free                          0,000 / 0,000         0,000 / 0,000         0,000 / 0,000         0,000 / 0,000       ms
[2024-03-16T13:29:23.478-0300][gc,stats    ]       Phase: Concurrent Process Non-Strong References      0,000 / 0,000         3,892 / 3,892         3,892 / 3,892         3,892 / 3,892       ms
[2024-03-16T13:29:23.478-0300][gc,stats    ]       Phase: Concurrent Relocate                           0,000 / 0,000        10,484 / 10,484       10,484 / 10,484       10,484 / 10,484      ms
[2024-03-16T13:29:23.478-0300][gc,stats    ]       Phase: Concurrent Reset Relocation Set               0,000 / 0,000         0,001 / 0,001         0,001 / 0,001         0,001 / 0,001       ms
[2024-03-16T13:29:23.478-0300][gc,stats    ]       Phase: Concurrent Select Relocation Set              0,000 / 0,000         5,773 / 5,773         5,773 / 5,773         5,773 / 5,773       ms
[2024-03-16T13:29:23.478-0300][gc,stats    ]       Phase: Pause Mark End                                0,000 / 0,000         0,009 / 0,009         0,009 / 0,009         0,009 / 0,009       ms
[2024-03-16T13:29:23.478-0300][gc,stats    ]       Phase: Pause Mark Start                              0,000 / 0,000         0,018 / 0,018         0,018 / 0,018         0,018 / 0,018       ms
[2024-03-16T13:29:23.478-0300][gc,stats    ]       Phase: Pause Relocate Start                          0,000 / 0,000         0,006 / 0,006         0,006 / 0,006         0,006 / 0,006       ms
[2024-03-16T13:29:23.478-0300][gc,stats    ]    Subphase: Concurrent Classes Purge                      0,000 / 0,000         0,505 / 0,505         0,505 / 0,505         0,505 / 0,505       ms
[2024-03-16T13:29:23.478-0300][gc,stats    ]    Subphase: Concurrent Classes Unlink                     0,000 / 0,000         2,518 / 2,518         2,518 / 2,518         2,518 / 2,518       ms
[2024-03-16T13:29:23.478-0300][gc,stats    ]    Subphase: Concurrent Mark                               0,000 / 0,000        22,961 / 23,020       22,961 / 23,020       22,961 / 23,020      ms
[2024-03-16T13:29:23.478-0300][gc,stats    ]    Subphase: Concurrent Mark Try Flush                     0,000 / 0,000         0,029 / 0,036         0,029 / 0,036         0,029 / 0,036       ms
[2024-03-16T13:29:23.478-0300][gc,stats    ]    Subphase: Concurrent Mark Try Terminate                 0,000 / 0,000         0,544 / 1,085         0,544 / 1,085         0,544 / 1,085       ms
[2024-03-16T13:29:23.478-0300][gc,stats    ]    Subphase: Concurrent References Enqueue                 0,000 / 0,000         0,003 / 0,003         0,003 / 0,003         0,003 / 0,003       ms
[2024-03-16T13:29:23.478-0300][gc,stats    ]    Subphase: Concurrent References Process                 0,000 / 0,000         0,418 / 0,418         0,418 / 0,418         0,418 / 0,418       ms
[2024-03-16T13:29:23.478-0300][gc,stats    ]    Subphase: Concurrent Roots ClassLoaderDataGraph         0,000 / 0,000         0,201 / 0,393         0,201 / 0,393         0,201 / 0,393       ms
[2024-03-16T13:29:23.478-0300][gc,stats    ]    Subphase: Concurrent Roots CodeCache                    0,000 / 0,000         0,000 / 0,000         0,000 / 0,000         0,000 / 0,000       ms
[2024-03-16T13:29:23.478-0300][gc,stats    ]    Subphase: Concurrent Roots JavaThreads                  0,000 / 0,000         0,302 / 0,440         0,302 / 0,440         0,302 / 0,440       ms
[2024-03-16T13:29:23.478-0300][gc,stats    ]    Subphase: Concurrent Roots OopStorageSet                0,000 / 0,000         0,062 / 0,092         0,062 / 0,092         0,062 / 0,092       ms
[2024-03-16T13:29:23.478-0300][gc,stats    ]    Subphase: Concurrent Weak Roots OopStorageSet           0,000 / 0,000         0,369 / 0,370         0,369 / 0,370         0,369 / 0,370       ms
[2024-03-16T13:29:23.478-0300][gc,stats    ]    Subphase: Pause Mark Try Complete                       0,000 / 0,000         0,000 / 0,000         0,000 / 0,000         0,000 / 0,000       ms
[2024-03-16T13:29:23.478-0300][gc,stats    ]      System: Java Threads                                      0 / 0                12 / 12               12 / 12               12 / 12          threads
[2024-03-16T13:29:23.478-0300][gc,stats    ] =========================================================================================================================================================
[2024-03-16T13:29:30.280-0300][gc,start    ] GC(1) Garbage Collection (Metadata GC Threshold)
[2024-03-16T13:29:30.280-0300][gc,task     ] GC(1) Using 2 workers
[2024-03-16T13:29:30.280-0300][gc,phases   ] GC(1) Pause Mark Start 0,006ms
[2024-03-16T13:29:30.311-0300][gc,phases   ] GC(1) Concurrent Mark 30,884ms
[2024-03-16T13:29:30.312-0300][gc,phases   ] GC(1) Pause Mark End 0,008ms
[2024-03-16T13:29:30.312-0300][gc,phases   ] GC(1) Concurrent Mark Free 0,000ms
[2024-03-16T13:29:30.319-0300][gc,phases   ] GC(1) Concurrent Process Non-Strong References 7,253ms
[2024-03-16T13:29:30.319-0300][gc,phases   ] GC(1) Concurrent Reset Relocation Set 0,014ms
[2024-03-16T13:29:30.322-0300][gc,phases   ] GC(1) Concurrent Select Relocation Set 3,139ms
[2024-03-16T13:29:30.322-0300][gc,phases   ] GC(1) Pause Relocate Start 0,007ms
[2024-03-16T13:29:30.328-0300][gc,phases   ] GC(1) Concurrent Relocate 5,610ms
[2024-03-16T13:29:30.328-0300][gc,load     ] GC(1) Load: 1,09/1,36/1,51
[2024-03-16T13:29:30.328-0300][gc,mmu      ] GC(1) MMU: 2ms/99,1%, 5ms/99,6%, 10ms/99,8%, 20ms/99,9%, 50ms/99,9%, 100ms/100,0%
[2024-03-16T13:29:30.328-0300][gc,marking  ] GC(1) Mark: 2 stripe(s), 3 proactive flush(es), 1 terminate flush(es), 0 completion(s), 0 continuation(s) 
[2024-03-16T13:29:30.328-0300][gc,marking  ] GC(1) Mark Stack Usage: 32M
[2024-03-16T13:29:30.328-0300][gc,nmethod  ] GC(1) NMethods: 5109 registered, 678 unregistered
[2024-03-16T13:29:30.328-0300][gc,metaspace] GC(1) Metaspace: 35M used, 36M committed, 1088M reserved
[2024-03-16T13:29:30.328-0300][gc,ref      ] GC(1) Soft: 5084 encountered, 0 discovered, 0 enqueued
[2024-03-16T13:29:30.328-0300][gc,ref      ] GC(1) Weak: 3983 encountered, 1141 discovered, 697 enqueued
[2024-03-16T13:29:30.328-0300][gc,ref      ] GC(1) Final: 0 encountered, 0 discovered, 0 enqueued
[2024-03-16T13:29:30.328-0300][gc,ref      ] GC(1) Phantom: 2479 encountered, 2424 discovered, 2204 enqueued
[2024-03-16T13:29:30.328-0300][gc,reloc    ] GC(1) Small Pages: 167 / 334M, Empty: 128M, Relocated: 8M, In-Place: 0
[2024-03-16T13:29:30.328-0300][gc,reloc    ] GC(1) Medium Pages: 0 / 0M, Empty: 0M, Relocated: 0M, In-Place: 0
[2024-03-16T13:29:30.328-0300][gc,reloc    ] GC(1) Large Pages: 0 / 0M, Empty: 0M, Relocated: 0M, In-Place: 0
[2024-03-16T13:29:30.328-0300][gc,reloc    ] GC(1) Forwarding Usage: 2M
[2024-03-16T13:29:30.328-0300][gc,heap     ] GC(1) Min Capacity: 8M(0%)
[2024-03-16T13:29:30.328-0300][gc,heap     ] GC(1) Max Capacity: 3970M(100%)
[2024-03-16T13:29:30.328-0300][gc,heap     ] GC(1) Soft Max Capacity: 3970M(100%)
[2024-03-16T13:29:30.328-0300][gc,heap     ] GC(1)                Mark Start          Mark End        Relocate Start      Relocate End           High               Low         
[2024-03-16T13:29:30.328-0300][gc,heap     ] GC(1)  Capacity:      334M (8%)          338M (9%)          340M (9%)          340M (9%)          340M (9%)          334M (8%)     
[2024-03-16T13:29:30.328-0300][gc,heap     ] GC(1)      Free:     3636M (92%)        3632M (91%)        3756M (95%)        3934M (99%)        3934M (99%)        3630M (91%)    
[2024-03-16T13:29:30.328-0300][gc,heap     ] GC(1)      Used:      334M (8%)          338M (9%)          214M (5%)           36M (1%)          340M (9%)           36M (1%)     
[2024-03-16T13:29:30.328-0300][gc,heap     ] GC(1)      Live:         -                17M (0%)           17M (0%)           17M (0%)             -                  -          
[2024-03-16T13:29:30.328-0300][gc,heap     ] GC(1) Allocated:         -                 4M (0%)            8M (0%)           13M (0%)             -                  -          
[2024-03-16T13:29:30.328-0300][gc,heap     ] GC(1)   Garbage:         -               316M (8%)          188M (5%)            4M (0%)             -                  -          
[2024-03-16T13:29:30.328-0300][gc,heap     ] GC(1) Reclaimed:         -                  -               128M (3%)          311M (8%)             -                  -          
[2024-03-16T13:29:30.328-0300][gc          ] GC(1) Garbage Collection (Metadata GC Threshold) 334M(8%)->36M(1%)
[2024-03-16T13:29:33.477-0300][gc,stats    ] === Garbage Collection Statistics =======================================================================================================================
[2024-03-16T13:29:33.477-0300][gc,stats    ]                                                              Last 10s              Last 10m              Last 10h                Total
[2024-03-16T13:29:33.477-0300][gc,stats    ]                                                              Avg / Max             Avg / Max             Avg / Max             Avg / Max
[2024-03-16T13:29:33.477-0300][gc,stats    ]   Collector: Garbage Collection Cycle                     47,558 / 47,558       57,394 / 67,231       57,394 / 67,231       57,394 / 67,231      ms
[2024-03-16T13:29:33.477-0300][gc,stats    ]  Contention: Mark Segment Reset Contention                     0 / 1                 0 / 1                 0 / 1                 0 / 1           ops/s
[2024-03-16T13:29:33.477-0300][gc,stats    ]  Contention: Mark SeqNum Reset Contention                      0 / 1                 0 / 1                 0 / 1                 0 / 1           ops/s
[2024-03-16T13:29:33.477-0300][gc,stats    ]    Critical: Allocation Stall                                  0 / 0                 0 / 0                 0 / 0                 0 / 0           ops/s
[2024-03-16T13:29:33.477-0300][gc,stats    ]    Critical: Allocation Stall                              0,000 / 0,000         0,000 / 0,000         0,000 / 0,000         0,000 / 0,000       ms
[2024-03-16T13:29:33.477-0300][gc,stats    ]    Critical: GC Locker Stall                                   0 / 0                 0 / 0                 0 / 0                 0 / 0           ops/s
[2024-03-16T13:29:33.477-0300][gc,stats    ]    Critical: GC Locker Stall                               0,000 / 0,000         0,000 / 0,000         0,000 / 0,000         0,000 / 0,000       ms
[2024-03-16T13:29:33.477-0300][gc,stats    ]    Critical: Relocation Stall                                  0 / 0                 0 / 0                 0 / 0                 0 / 0           ops/s
[2024-03-16T13:29:33.477-0300][gc,stats    ]    Critical: Relocation Stall                              0,000 / 0,000         0,000 / 0,000         0,000 / 0,000         0,000 / 0,000       ms
[2024-03-16T13:29:33.477-0300][gc,stats    ]      Memory: Allocation Rate                                  41 / 164              13 / 164              13 / 164              13 / 164         MB/s
[2024-03-16T13:29:33.477-0300][gc,stats    ]      Memory: Defragment                                        0 / 0                 0 / 0                 0 / 0                 0 / 0           ops/s
[2024-03-16T13:29:33.477-0300][gc,stats    ]      Memory: Out Of Memory                                     0 / 0                 0 / 0                 0 / 0                 0 / 0           ops/s
[2024-03-16T13:29:33.477-0300][gc,stats    ]      Memory: Page Cache Flush                                  0 / 0                 0 / 0                 0 / 0                 0 / 0           MB/s
[2024-03-16T13:29:33.477-0300][gc,stats    ]      Memory: Page Cache Hit L1                                13 / 82                3 / 82                3 / 82                3 / 82          ops/s
[2024-03-16T13:29:33.477-0300][gc,stats    ]      Memory: Page Cache Hit L2                                 0 / 0                 0 / 0                 0 / 0                 0 / 0           ops/s
[2024-03-16T13:29:33.477-0300][gc,stats    ]      Memory: Page Cache Hit L3                                 3 / 28                2 / 65                2 / 65                2 / 65          ops/s
[2024-03-16T13:29:33.477-0300][gc,stats    ]      Memory: Page Cache Miss                                   4 / 45                0 / 45                0 / 45                0 / 45          ops/s
[2024-03-16T13:29:33.477-0300][gc,stats    ]      Memory: Uncommit                                          0 / 0                 0 / 0                 0 / 0                 0 / 0           MB/s
[2024-03-16T13:29:33.477-0300][gc,stats    ]      Memory: Undo Object Allocation Failed                     0 / 0                 0 / 0                 0 / 0                 0 / 0           ops/s
[2024-03-16T13:29:33.477-0300][gc,stats    ]      Memory: Undo Object Allocation Succeeded                  0 / 1                 0 / 9                 0 / 9                 0 / 9           ops/s
[2024-03-16T13:29:33.477-0300][gc,stats    ]      Memory: Undo Page Allocation                              0 / 0                 0 / 0                 0 / 0                 0 / 0           ops/s
[2024-03-16T13:29:33.477-0300][gc,stats    ]       Phase: Concurrent Mark                              30,884 / 30,884       27,280 / 30,884       27,280 / 30,884       27,280 / 30,884      ms
[2024-03-16T13:29:33.477-0300][gc,stats    ]       Phase: Concurrent Mark Continue                      0,000 / 0,000         0,000 / 0,000         0,000 / 0,000         0,000 / 0,000       ms
[2024-03-16T13:29:33.477-0300][gc,stats    ]       Phase: Concurrent Mark Free                          0,000 / 0,000         0,000 / 0,000         0,000 / 0,000         0,000 / 0,000       ms
[2024-03-16T13:29:33.477-0300][gc,stats    ]       Phase: Concurrent Process Non-Strong References      7,253 / 7,253         5,572 / 7,253         5,572 / 7,253         5,572 / 7,253       ms
[2024-03-16T13:29:33.477-0300][gc,stats    ]       Phase: Concurrent Relocate                           5,610 / 5,610         8,047 / 10,484        8,047 / 10,484        8,047 / 10,484      ms
[2024-03-16T13:29:33.477-0300][gc,stats    ]       Phase: Concurrent Reset Relocation Set               0,014 / 0,014         0,007 / 0,014         0,007 / 0,014         0,007 / 0,014       ms
[2024-03-16T13:29:33.477-0300][gc,stats    ]       Phase: Concurrent Select Relocation Set              3,139 / 3,139         4,456 / 5,773         4,456 / 5,773         4,456 / 5,773       ms
[2024-03-16T13:29:33.477-0300][gc,stats    ]       Phase: Pause Mark End                                0,008 / 0,008         0,009 / 0,009         0,009 / 0,009         0,009 / 0,009       ms
[2024-03-16T13:29:33.477-0300][gc,stats    ]       Phase: Pause Mark Start                              0,006 / 0,006         0,012 / 0,018         0,012 / 0,018         0,012 / 0,018       ms
[2024-03-16T13:29:33.477-0300][gc,stats    ]       Phase: Pause Relocate Start                          0,007 / 0,007         0,006 / 0,007         0,006 / 0,007         0,006 / 0,007       ms
[2024-03-16T13:29:33.477-0300][gc,stats    ]    Subphase: Concurrent Classes Purge                      1,163 / 1,163         0,834 / 1,163         0,834 / 1,163         0,834 / 1,163       ms
[2024-03-16T13:29:33.477-0300][gc,stats    ]    Subphase: Concurrent Classes Unlink                     4,719 / 4,719         3,618 / 4,719         3,618 / 4,719         3,618 / 4,719       ms
[2024-03-16T13:29:33.477-0300][gc,stats    ]    Subphase: Concurrent Mark                              29,300 / 29,778       26,131 / 29,778       26,131 / 29,778       26,131 / 29,778      ms
[2024-03-16T13:29:33.477-0300][gc,stats    ]    Subphase: Concurrent Mark Try Flush                     0,088 / 0,128         0,062 / 0,128         0,062 / 0,128         0,062 / 0,128       ms
[2024-03-16T13:29:33.477-0300][gc,stats    ]    Subphase: Concurrent Mark Try Terminate                 0,541 / 1,055         0,543 / 1,085         0,543 / 1,085         0,543 / 1,085       ms
[2024-03-16T13:29:33.477-0300][gc,stats    ]    Subphase: Concurrent References Enqueue                 0,007 / 0,007         0,005 / 0,007         0,005 / 0,007         0,005 / 0,007       ms
[2024-03-16T13:29:33.477-0300][gc,stats    ]    Subphase: Concurrent References Process                 0,356 / 0,356         0,387 / 0,418         0,387 / 0,418         0,387 / 0,418       ms
[2024-03-16T13:29:33.477-0300][gc,stats    ]    Subphase: Concurrent Roots ClassLoaderDataGraph         0,136 / 0,229         0,168 / 0,393         0,168 / 0,393         0,168 / 0,393       ms
[2024-03-16T13:29:33.477-0300][gc,stats    ]    Subphase: Concurrent Roots CodeCache                    0,000 / 0,000         0,000 / 0,000         0,000 / 0,000         0,000 / 0,000       ms
[2024-03-16T13:29:33.477-0300][gc,stats    ]    Subphase: Concurrent Roots JavaThreads                  0,793 / 0,933         0,548 / 0,933         0,548 / 0,933         0,548 / 0,933       ms
[2024-03-16T13:29:33.478-0300][gc,stats    ]    Subphase: Concurrent Roots OopStorageSet                0,047 / 0,065         0,054 / 0,092         0,054 / 0,092         0,054 / 0,092       ms
[2024-03-16T13:29:33.478-0300][gc,stats    ]    Subphase: Concurrent Weak Roots OopStorageSet           0,869 / 0,886         0,619 / 0,886         0,619 / 0,886         0,619 / 0,886       ms
[2024-03-16T13:29:33.478-0300][gc,stats    ]    Subphase: Pause Mark Try Complete                       0,000 / 0,000         0,000 / 0,000         0,000 / 0,000         0,000 / 0,000       ms
[2024-03-16T13:29:33.478-0300][gc,stats    ]      System: Java Threads                                     26 / 26               19 / 26               19 / 26               19 / 26          threads
[2024-03-16T13:29:33.478-0300][gc,stats    ] =========================================================================================================================================================
[2024-03-16T13:29:43.477-0300][gc,stats    ] === Garbage Collection Statistics =======================================================================================================================
[2024-03-16T13:29:43.477-0300][gc,stats    ]                                                              Last 10s              Last 10m              Last 10h                Total
[2024-03-16T13:29:43.477-0300][gc,stats    ]                                                              Avg / Max             Avg / Max             Avg / Max             Avg / Max
[2024-03-16T13:29:43.477-0300][gc,stats    ]   Collector: Garbage Collection Cycle                      0,000 / 0,000        57,394 / 67,231       57,394 / 67,231       57,394 / 67,231      ms
[2024-03-16T13:29:43.477-0300][gc,stats    ]  Contention: Mark Segment Reset Contention                     0 / 0                 0 / 1                 0 / 1                 0 / 1           ops/s
[2024-03-16T13:29:43.477-0300][gc,stats    ]  Contention: Mark SeqNum Reset Contention                      0 / 0                 0 / 1                 0 / 1                 0 / 1           ops/s
[2024-03-16T13:29:43.477-0300][gc,stats    ]    Critical: Allocation Stall                                  0 / 0                 0 / 0                 0 / 0                 0 / 0           ops/s
[2024-03-16T13:29:43.477-0300][gc,stats    ]    Critical: Allocation Stall                              0,000 / 0,000         0,000 / 0,000         0,000 / 0,000         0,000 / 0,000       ms
[2024-03-16T13:29:43.477-0300][gc,stats    ]    Critical: GC Locker Stall                                   0 / 0                 0 / 0                 0 / 0                 0 / 0           ops/s
[2024-03-16T13:29:43.477-0300][gc,stats    ]    Critical: GC Locker Stall                               0,000 / 0,000         0,000 / 0,000         0,000 / 0,000         0,000 / 0,000       ms
[2024-03-16T13:29:43.478-0300][gc,stats    ]    Critical: Relocation Stall                                  0 / 0                 0 / 0                 0 / 0                 0 / 0           ops/s
[2024-03-16T13:29:43.478-0300][gc,stats    ]    Critical: Relocation Stall                              0,000 / 0,000         0,000 / 0,000         0,000 / 0,000         0,000 / 0,000       ms
[2024-03-16T13:29:43.478-0300][gc,stats    ]      Memory: Allocation Rate                                   0 / 0                11 / 164              11 / 164              11 / 164         MB/s
[2024-03-16T13:29:43.478-0300][gc,stats    ]      Memory: Defragment                                        0 / 0                 0 / 0                 0 / 0                 0 / 0           ops/s
[2024-03-16T13:29:43.478-0300][gc,stats    ]      Memory: Out Of Memory                                     0 / 0                 0 / 0                 0 / 0                 0 / 0           ops/s
[2024-03-16T13:29:43.478-0300][gc,stats    ]      Memory: Page Cache Flush                                  0 / 0                 0 / 0                 0 / 0                 0 / 0           MB/s
[2024-03-16T13:29:43.478-0300][gc,stats    ]      Memory: Page Cache Hit L1                                 0 / 0                 3 / 82                3 / 82                3 / 82          ops/s
[2024-03-16T13:29:43.478-0300][gc,stats    ]      Memory: Page Cache Hit L2                                 0 / 0                 0 / 0                 0 / 0                 0 / 0           ops/s
[2024-03-16T13:29:43.478-0300][gc,stats    ]      Memory: Page Cache Hit L3                                 0 / 0                 2 / 65                2 / 65                2 / 65          ops/s
[2024-03-16T13:29:43.478-0300][gc,stats    ]      Memory: Page Cache Miss                                   0 / 0                 0 / 45                0 / 45                0 / 45          ops/s
[2024-03-16T13:29:43.478-0300][gc,stats    ]      Memory: Uncommit                                          0 / 0                 0 / 0                 0 / 0                 0 / 0           MB/s
[2024-03-16T13:29:43.478-0300][gc,stats    ]      Memory: Undo Object Allocation Failed                     0 / 0                 0 / 0                 0 / 0                 0 / 0           ops/s
[2024-03-16T13:29:43.478-0300][gc,stats    ]      Memory: Undo Object Allocation Succeeded                  0 / 0                 0 / 9                 0 / 9                 0 / 9           ops/s
[2024-03-16T13:29:43.478-0300][gc,stats    ]      Memory: Undo Page Allocation                              0 / 0                 0 / 0                 0 / 0                 0 / 0           ops/s
[2024-03-16T13:29:43.478-0300][gc,stats    ]       Phase: Concurrent Mark                               0,000 / 0,000        27,280 / 30,884       27,280 / 30,884       27,280 / 30,884      ms
[2024-03-16T13:29:43.478-0300][gc,stats    ]       Phase: Concurrent Mark Continue                      0,000 / 0,000         0,000 / 0,000         0,000 / 0,000         0,000 / 0,000       ms
[2024-03-16T13:29:43.478-0300][gc,stats    ]       Phase: Concurrent Mark Free                          0,000 / 0,000         0,000 / 0,000         0,000 / 0,000         0,000 / 0,000       ms
[2024-03-16T13:29:43.478-0300][gc,stats    ]       Phase: Concurrent Process Non-Strong References      0,000 / 0,000         5,572 / 7,253         5,572 / 7,253         5,572 / 7,253       ms
[2024-03-16T13:29:43.478-0300][gc,stats    ]       Phase: Concurrent Relocate                           0,000 / 0,000         8,047 / 10,484        8,047 / 10,484        8,047 / 10,484      ms
[2024-03-16T13:29:43.478-0300][gc,stats    ]       Phase: Concurrent Reset Relocation Set               0,000 / 0,000         0,007 / 0,014         0,007 / 0,014         0,007 / 0,014       ms
[2024-03-16T13:29:43.478-0300][gc,stats    ]       Phase: Concurrent Select Relocation Set              0,000 / 0,000         4,456 / 5,773         4,456 / 5,773         4,456 / 5,773       ms
[2024-03-16T13:29:43.478-0300][gc,stats    ]       Phase: Pause Mark End                                0,000 / 0,000         0,009 / 0,009         0,009 / 0,009         0,009 / 0,009       ms
[2024-03-16T13:29:43.478-0300][gc,stats    ]       Phase: Pause Mark Start                              0,000 / 0,000         0,012 / 0,018         0,012 / 0,018         0,012 / 0,018       ms
[2024-03-16T13:29:43.478-0300][gc,stats    ]       Phase: Pause Relocate Start                          0,000 / 0,000         0,006 / 0,007         0,006 / 0,007         0,006 / 0,007       ms
[2024-03-16T13:29:43.478-0300][gc,stats    ]    Subphase: Concurrent Classes Purge                      0,000 / 0,000         0,834 / 1,163         0,834 / 1,163         0,834 / 1,163       ms
[2024-03-16T13:29:43.478-0300][gc,stats    ]    Subphase: Concurrent Classes Unlink                     0,000 / 0,000         3,618 / 4,719         3,618 / 4,719         3,618 / 4,719       ms
[2024-03-16T13:29:43.478-0300][gc,stats    ]    Subphase: Concurrent Mark                               0,000 / 0,000        26,131 / 29,778       26,131 / 29,778       26,131 / 29,778      ms
[2024-03-16T13:29:43.478-0300][gc,stats    ]    Subphase: Concurrent Mark Try Flush                     0,000 / 0,000         0,062 / 0,128         0,062 / 0,128         0,062 / 0,128       ms
[2024-03-16T13:29:43.478-0300][gc,stats    ]    Subphase: Concurrent Mark Try Terminate                 0,000 / 0,000         0,543 / 1,085         0,543 / 1,085         0,543 / 1,085       ms
[2024-03-16T13:29:43.478-0300][gc,stats    ]    Subphase: Concurrent References Enqueue                 0,000 / 0,000         0,005 / 0,007         0,005 / 0,007         0,005 / 0,007       ms
[2024-03-16T13:29:43.478-0300][gc,stats    ]    Subphase: Concurrent References Process                 0,000 / 0,000         0,387 / 0,418         0,387 / 0,418         0,387 / 0,418       ms
[2024-03-16T13:29:43.478-0300][gc,stats    ]    Subphase: Concurrent Roots ClassLoaderDataGraph         0,000 / 0,000         0,168 / 0,393         0,168 / 0,393         0,168 / 0,393       ms
[2024-03-16T13:29:43.478-0300][gc,stats    ]    Subphase: Concurrent Roots CodeCache                    0,000 / 0,000         0,000 / 0,000         0,000 / 0,000         0,000 / 0,000       ms
[2024-03-16T13:29:43.478-0300][gc,stats    ]    Subphase: Concurrent Roots JavaThreads                  0,000 / 0,000         0,548 / 0,933         0,548 / 0,933         0,548 / 0,933       ms
[2024-03-16T13:29:43.478-0300][gc,stats    ]    Subphase: Concurrent Roots OopStorageSet                0,000 / 0,000         0,054 / 0,092         0,054 / 0,092         0,054 / 0,092       ms
[2024-03-16T13:29:43.478-0300][gc,stats    ]    Subphase: Concurrent Weak Roots OopStorageSet           0,000 / 0,000         0,619 / 0,886         0,619 / 0,886         0,619 / 0,886       ms
[2024-03-16T13:29:43.478-0300][gc,stats    ]    Subphase: Pause Mark Try Complete                       0,000 / 0,000         0,000 / 0,000         0,000 / 0,000         0,000 / 0,000       ms
[2024-03-16T13:29:43.478-0300][gc,stats    ]      System: Java Threads                                      0 / 0                19 / 26               19 / 26               19 / 26          threads
[2024-03-16T13:29:43.478-0300][gc,stats    ] =========================================================================================================================================================
[2024-03-16T13:29:53.477-0300][gc,stats    ] === Garbage Collection Statistics =======================================================================================================================
[2024-03-16T13:29:53.477-0300][gc,stats    ]                                                              Last 10s              Last 10m              Last 10h                Total
[2024-03-16T13:29:53.477-0300][gc,stats    ]                                                              Avg / Max             Avg / Max             Avg / Max             Avg / Max
[2024-03-16T13:29:53.477-0300][gc,stats    ]   Collector: Garbage Collection Cycle                      0,000 / 0,000        57,394 / 67,231       57,394 / 67,231       57,394 / 67,231      ms
[2024-03-16T13:29:53.477-0300][gc,stats    ]  Contention: Mark Segment Reset Contention                     0 / 0                 0 / 1                 0 / 1                 0 / 1           ops/s
[2024-03-16T13:29:53.477-0300][gc,stats    ]  Contention: Mark SeqNum Reset Contention                      0 / 0                 0 / 1                 0 / 1                 0 / 1           ops/s
[2024-03-16T13:29:53.477-0300][gc,stats    ]    Critical: Allocation Stall                                  0 / 0                 0 / 0                 0 / 0                 0 / 0           ops/s
[2024-03-16T13:29:53.477-0300][gc,stats    ]    Critical: Allocation Stall                              0,000 / 0,000         0,000 / 0,000         0,000 / 0,000         0,000 / 0,000       ms
[2024-03-16T13:29:53.477-0300][gc,stats    ]    Critical: GC Locker Stall                                   0 / 0                 0 / 0                 0 / 0                 0 / 0           ops/s
[2024-03-16T13:29:53.477-0300][gc,stats    ]    Critical: GC Locker Stall                               0,000 / 0,000         0,000 / 0,000         0,000 / 0,000         0,000 / 0,000       ms
[2024-03-16T13:29:53.477-0300][gc,stats    ]    Critical: Relocation Stall                                  0 / 0                 0 / 0                 0 / 0                 0 / 0           ops/s
[2024-03-16T13:29:53.477-0300][gc,stats    ]    Critical: Relocation Stall                              0,000 / 0,000         0,000 / 0,000         0,000 / 0,000         0,000 / 0,000       ms
[2024-03-16T13:29:53.477-0300][gc,stats    ]      Memory: Allocation Rate                                   0 / 0                 9 / 164               9 / 164               9 / 164         MB/s
[2024-03-16T13:29:53.477-0300][gc,stats    ]      Memory: Defragment                                        0 / 0                 0 / 0                 0 / 0                 0 / 0           ops/s
[2024-03-16T13:29:53.477-0300][gc,stats    ]      Memory: Out Of Memory                                     0 / 0                 0 / 0                 0 / 0                 0 / 0           ops/s
[2024-03-16T13:29:53.477-0300][gc,stats    ]      Memory: Page Cache Flush                                  0 / 0                 0 / 0                 0 / 0                 0 / 0           MB/s
[2024-03-16T13:29:53.477-0300][gc,stats    ]      Memory: Page Cache Hit L1                                 0 / 0                 2 / 82                2 / 82                2 / 82          ops/s
[2024-03-16T13:29:53.477-0300][gc,stats    ]      Memory: Page Cache Hit L2                                 0 / 0                 0 / 0                 0 / 0                 0 / 0           ops/s
[2024-03-16T13:29:53.477-0300][gc,stats    ]      Memory: Page Cache Hit L3                                 0 / 0                 1 / 65                1 / 65                1 / 65          ops/s
[2024-03-16T13:29:53.477-0300][gc,stats    ]      Memory: Page Cache Miss                                   0 / 0                 0 / 45                0 / 45                0 / 45          ops/s
[2024-03-16T13:29:53.477-0300][gc,stats    ]      Memory: Uncommit                                          0 / 0                 0 / 0                 0 / 0                 0 / 0           MB/s
[2024-03-16T13:29:53.477-0300][gc,stats    ]      Memory: Undo Object Allocation Failed                     0 / 0                 0 / 0                 0 / 0                 0 / 0           ops/s
[2024-03-16T13:29:53.477-0300][gc,stats    ]      Memory: Undo Object Allocation Succeeded                  0 / 0                 0 / 9                 0 / 9                 0 / 9           ops/s
[2024-03-16T13:29:53.477-0300][gc,stats    ]      Memory: Undo Page Allocation                              0 / 0                 0 / 0                 0 / 0                 0 / 0           ops/s
[2024-03-16T13:29:53.477-0300][gc,stats    ]       Phase: Concurrent Mark                               0,000 / 0,000        27,280 / 30,884       27,280 / 30,884       27,280 / 30,884      ms
[2024-03-16T13:29:53.477-0300][gc,stats    ]       Phase: Concurrent Mark Continue                      0,000 / 0,000         0,000 / 0,000         0,000 / 0,000         0,000 / 0,000       ms
[2024-03-16T13:29:53.477-0300][gc,stats    ]       Phase: Concurrent Mark Free                          0,000 / 0,000         0,000 / 0,000         0,000 / 0,000         0,000 / 0,000       ms
[2024-03-16T13:29:53.477-0300][gc,stats    ]       Phase: Concurrent Process Non-Strong References      0,000 / 0,000         5,572 / 7,253         5,572 / 7,253         5,572 / 7,253       ms
[2024-03-16T13:29:53.477-0300][gc,stats    ]       Phase: Concurrent Relocate                           0,000 / 0,000         8,047 / 10,484        8,047 / 10,484        8,047 / 10,484      ms
[2024-03-16T13:29:53.477-0300][gc,stats    ]       Phase: Concurrent Reset Relocation Set               0,000 / 0,000         0,007 / 0,014         0,007 / 0,014         0,007 / 0,014       ms
[2024-03-16T13:29:53.477-0300][gc,stats    ]       Phase: Concurrent Select Relocation Set              0,000 / 0,000         4,456 / 5,773         4,456 / 5,773         4,456 / 5,773       ms
[2024-03-16T13:29:53.477-0300][gc,stats    ]       Phase: Pause Mark End                                0,000 / 0,000         0,009 / 0,009         0,009 / 0,009         0,009 / 0,009       ms
[2024-03-16T13:29:53.477-0300][gc,stats    ]       Phase: Pause Mark Start                              0,000 / 0,000         0,012 / 0,018         0,012 / 0,018         0,012 / 0,018       ms
[2024-03-16T13:29:53.477-0300][gc,stats    ]       Phase: Pause Relocate Start                          0,000 / 0,000         0,006 / 0,007         0,006 / 0,007         0,006 / 0,007       ms
[2024-03-16T13:29:53.477-0300][gc,stats    ]    Subphase: Concurrent Classes Purge                      0,000 / 0,000         0,834 / 1,163         0,834 / 1,163         0,834 / 1,163       ms
[2024-03-16T13:29:53.477-0300][gc,stats    ]    Subphase: Concurrent Classes Unlink                     0,000 / 0,000         3,618 / 4,719         3,618 / 4,719         3,618 / 4,719       ms
[2024-03-16T13:29:53.477-0300][gc,stats    ]    Subphase: Concurrent Mark                               0,000 / 0,000        26,131 / 29,778       26,131 / 29,778       26,131 / 29,778      ms
[2024-03-16T13:29:53.477-0300][gc,stats    ]    Subphase: Concurrent Mark Try Flush                     0,000 / 0,000         0,062 / 0,128         0,062 / 0,128         0,062 / 0,128       ms
[2024-03-16T13:29:53.477-0300][gc,stats    ]    Subphase: Concurrent Mark Try Terminate                 0,000 / 0,000         0,543 / 1,085         0,543 / 1,085         0,543 / 1,085       ms
[2024-03-16T13:29:53.477-0300][gc,stats    ]    Subphase: Concurrent References Enqueue                 0,000 / 0,000         0,005 / 0,007         0,005 / 0,007         0,005 / 0,007       ms
[2024-03-16T13:29:53.477-0300][gc,stats    ]    Subphase: Concurrent References Process                 0,000 / 0,000         0,387 / 0,418         0,387 / 0,418         0,387 / 0,418       ms
[2024-03-16T13:29:53.477-0300][gc,stats    ]    Subphase: Concurrent Roots ClassLoaderDataGraph         0,000 / 0,000         0,168 / 0,393         0,168 / 0,393         0,168 / 0,393       ms
[2024-03-16T13:29:53.477-0300][gc,stats    ]    Subphase: Concurrent Roots CodeCache                    0,000 / 0,000         0,000 / 0,000         0,000 / 0,000         0,000 / 0,000       ms
[2024-03-16T13:29:53.477-0300][gc,stats    ]    Subphase: Concurrent Roots JavaThreads                  0,000 / 0,000         0,548 / 0,933         0,548 / 0,933         0,548 / 0,933       ms
[2024-03-16T13:29:53.477-0300][gc,stats    ]    Subphase: Concurrent Roots OopStorageSet                0,000 / 0,000         0,054 / 0,092         0,054 / 0,092         0,054 / 0,092       ms
[2024-03-16T13:29:53.477-0300][gc,stats    ]    Subphase: Concurrent Weak Roots OopStorageSet           0,000 / 0,000         0,619 / 0,886         0,619 / 0,886         0,619 / 0,886       ms
[2024-03-16T13:29:53.477-0300][gc,stats    ]    Subphase: Pause Mark Try Complete                       0,000 / 0,000         0,000 / 0,000         0,000 / 0,000         0,000 / 0,000       ms
[2024-03-16T13:29:53.477-0300][gc,stats    ]      System: Java Threads                                      0 / 0                19 / 26               19 / 26               19 / 26          threads
[2024-03-16T13:29:53.477-0300][gc,stats    ] =========================================================================================================================================================
[2024-03-16T13:30:03.477-0300][gc,stats    ] === Garbage Collection Statistics =======================================================================================================================
[2024-03-16T13:30:03.477-0300][gc,stats    ]                                                              Last 10s              Last 10m              Last 10h                Total
[2024-03-16T13:30:03.477-0300][gc,stats    ]                                                              Avg / Max             Avg / Max             Avg / Max             Avg / Max
[2024-03-16T13:30:03.477-0300][gc,stats    ]   Collector: Garbage Collection Cycle                      0,000 / 0,000        57,394 / 67,231       57,394 / 67,231       57,394 / 67,231      ms
[2024-03-16T13:30:03.477-0300][gc,stats    ]  Contention: Mark Segment Reset Contention                     0 / 0                 0 / 1                 0 / 1                 0 / 1           ops/s
[2024-03-16T13:30:03.477-0300][gc,stats    ]  Contention: Mark SeqNum Reset Contention                      0 / 0                 0 / 1                 0 / 1                 0 / 1           ops/s
[2024-03-16T13:30:03.477-0300][gc,stats    ]    Critical: Allocation Stall                                  0 / 0                 0 / 0                 0 / 0                 0 / 0           ops/s
[2024-03-16T13:30:03.477-0300][gc,stats    ]    Critical: Allocation Stall                              0,000 / 0,000         0,000 / 0,000         0,000 / 0,000         0,000 / 0,000       ms
[2024-03-16T13:30:03.477-0300][gc,stats    ]    Critical: GC Locker Stall                                   0 / 0                 0 / 0                 0 / 0                 0 / 0           ops/s
[2024-03-16T13:30:03.477-0300][gc,stats    ]    Critical: GC Locker Stall                               0,000 / 0,000         0,000 / 0,000         0,000 / 0,000         0,000 / 0,000       ms
[2024-03-16T13:30:03.477-0300][gc,stats    ]    Critical: Relocation Stall                                  0 / 0                 0 / 0                 0 / 0                 0 / 0           ops/s
[2024-03-16T13:30:03.477-0300][gc,stats    ]    Critical: Relocation Stall                              0,000 / 0,000         0,000 / 0,000         0,000 / 0,000         0,000 / 0,000       ms
[2024-03-16T13:30:03.477-0300][gc,stats    ]      Memory: Allocation Rate                                   0 / 0                 8 / 164               8 / 164               8 / 164         MB/s
[2024-03-16T13:30:03.477-0300][gc,stats    ]      Memory: Defragment                                        0 / 0                 0 / 0                 0 / 0                 0 / 0           ops/s
[2024-03-16T13:30:03.477-0300][gc,stats    ]      Memory: Out Of Memory                                     0 / 0                 0 / 0                 0 / 0                 0 / 0           ops/s
[2024-03-16T13:30:03.477-0300][gc,stats    ]      Memory: Page Cache Flush                                  0 / 0                 0 / 0                 0 / 0                 0 / 0           MB/s
[2024-03-16T13:30:03.477-0300][gc,stats    ]      Memory: Page Cache Hit L1                                 0 / 0                 2 / 82                2 / 82                2 / 82          ops/s
[2024-03-16T13:30:03.477-0300][gc,stats    ]      Memory: Page Cache Hit L2                                 0 / 0                 0 / 0                 0 / 0                 0 / 0           ops/s
[2024-03-16T13:30:03.477-0300][gc,stats    ]      Memory: Page Cache Hit L3                                 0 / 0                 1 / 65                1 / 65                1 / 65          ops/s
[2024-03-16T13:30:03.478-0300][gc,stats    ]      Memory: Page Cache Miss                                   0 / 0                 0 / 45                0 / 45                0 / 45          ops/s
[2024-03-16T13:30:03.478-0300][gc,stats    ]      Memory: Uncommit                                          0 / 0                 0 / 0                 0 / 0                 0 / 0           MB/s
[2024-03-16T13:30:03.478-0300][gc,stats    ]      Memory: Undo Object Allocation Failed                     0 / 0                 0 / 0                 0 / 0                 0 / 0           ops/s
[2024-03-16T13:30:03.478-0300][gc,stats    ]      Memory: Undo Object Allocation Succeeded                  0 / 0                 0 / 9                 0 / 9                 0 / 9           ops/s
[2024-03-16T13:30:03.478-0300][gc,stats    ]      Memory: Undo Page Allocation                              0 / 0                 0 / 0                 0 / 0                 0 / 0           ops/s
[2024-03-16T13:30:03.478-0300][gc,stats    ]       Phase: Concurrent Mark                               0,000 / 0,000        27,280 / 30,884       27,280 / 30,884       27,280 / 30,884      ms
[2024-03-16T13:30:03.478-0300][gc,stats    ]       Phase: Concurrent Mark Continue                      0,000 / 0,000         0,000 / 0,000         0,000 / 0,000         0,000 / 0,000       ms
[2024-03-16T13:30:03.478-0300][gc,stats    ]       Phase: Concurrent Mark Free                          0,000 / 0,000         0,000 / 0,000         0,000 / 0,000         0,000 / 0,000       ms
[2024-03-16T13:30:03.478-0300][gc,stats    ]       Phase: Concurrent Process Non-Strong References      0,000 / 0,000         5,572 / 7,253         5,572 / 7,253         5,572 / 7,253       ms
[2024-03-16T13:30:03.478-0300][gc,stats    ]       Phase: Concurrent Relocate                           0,000 / 0,000         8,047 / 10,484        8,047 / 10,484        8,047 / 10,484      ms
[2024-03-16T13:30:03.478-0300][gc,stats    ]       Phase: Concurrent Reset Relocation Set               0,000 / 0,000         0,007 / 0,014         0,007 / 0,014         0,007 / 0,014       ms
[2024-03-16T13:30:03.478-0300][gc,stats    ]       Phase: Concurrent Select Relocation Set              0,000 / 0,000         4,456 / 5,773         4,456 / 5,773         4,456 / 5,773       ms
[2024-03-16T13:30:03.478-0300][gc,stats    ]       Phase: Pause Mark End                                0,000 / 0,000         0,009 / 0,009         0,009 / 0,009         0,009 / 0,009       ms
[2024-03-16T13:30:03.478-0300][gc,stats    ]       Phase: Pause Mark Start                              0,000 / 0,000         0,012 / 0,018         0,012 / 0,018         0,012 / 0,018       ms
[2024-03-16T13:30:03.478-0300][gc,stats    ]       Phase: Pause Relocate Start                          0,000 / 0,000         0,006 / 0,007         0,006 / 0,007         0,006 / 0,007       ms
[2024-03-16T13:30:03.478-0300][gc,stats    ]    Subphase: Concurrent Classes Purge                      0,000 / 0,000         0,834 / 1,163         0,834 / 1,163         0,834 / 1,163       ms
[2024-03-16T13:30:03.478-0300][gc,stats    ]    Subphase: Concurrent Classes Unlink                     0,000 / 0,000         3,618 / 4,719         3,618 / 4,719         3,618 / 4,719       ms
[2024-03-16T13:30:03.478-0300][gc,stats    ]    Subphase: Concurrent Mark                               0,000 / 0,000        26,131 / 29,778       26,131 / 29,778       26,131 / 29,778      ms
[2024-03-16T13:30:03.478-0300][gc,stats    ]    Subphase: Concurrent Mark Try Flush                     0,000 / 0,000         0,062 / 0,128         0,062 / 0,128         0,062 / 0,128       ms
[2024-03-16T13:30:03.478-0300][gc,stats    ]    Subphase: Concurrent Mark Try Terminate                 0,000 / 0,000         0,543 / 1,085         0,543 / 1,085         0,543 / 1,085       ms
[2024-03-16T13:30:03.478-0300][gc,stats    ]    Subphase: Concurrent References Enqueue                 0,000 / 0,000         0,005 / 0,007         0,005 / 0,007         0,005 / 0,007       ms
[2024-03-16T13:30:03.478-0300][gc,stats    ]    Subphase: Concurrent References Process                 0,000 / 0,000         0,387 / 0,418         0,387 / 0,418         0,387 / 0,418       ms
[2024-03-16T13:30:03.478-0300][gc,stats    ]    Subphase: Concurrent Roots ClassLoaderDataGraph         0,000 / 0,000         0,168 / 0,393         0,168 / 0,393         0,168 / 0,393       ms
[2024-03-16T13:30:03.478-0300][gc,stats    ]    Subphase: Concurrent Roots CodeCache                    0,000 / 0,000         0,000 / 0,000         0,000 / 0,000         0,000 / 0,000       ms
[2024-03-16T13:30:03.478-0300][gc,stats    ]    Subphase: Concurrent Roots JavaThreads                  0,000 / 0,000         0,548 / 0,933         0,548 / 0,933         0,548 / 0,933       ms
[2024-03-16T13:30:03.478-0300][gc,stats    ]    Subphase: Concurrent Roots OopStorageSet                0,000 / 0,000         0,054 / 0,092         0,054 / 0,092         0,054 / 0,092       ms
[2024-03-16T13:30:03.478-0300][gc,stats    ]    Subphase: Concurrent Weak Roots OopStorageSet           0,000 / 0,000         0,619 / 0,886         0,619 / 0,886         0,619 / 0,886       ms
[2024-03-16T13:30:03.478-0300][gc,stats    ]    Subphase: Pause Mark Try Complete                       0,000 / 0,000         0,000 / 0,000         0,000 / 0,000         0,000 / 0,000       ms
[2024-03-16T13:30:03.478-0300][gc,stats    ]      System: Java Threads                                      0 / 0                19 / 26               19 / 26               19 / 26          threads
[2024-03-16T13:30:03.478-0300][gc,stats    ] =========================================================================================================================================================
[2024-03-16T13:30:13.477-0300][gc,stats    ] === Garbage Collection Statistics =======================================================================================================================
[2024-03-16T13:30:13.477-0300][gc,stats    ]                                                              Last 10s              Last 10m              Last 10h                Total
[2024-03-16T13:30:13.477-0300][gc,stats    ]                                                              Avg / Max             Avg / Max             Avg / Max             Avg / Max
[2024-03-16T13:30:13.478-0300][gc,stats    ]   Collector: Garbage Collection Cycle                      0,000 / 0,000        57,394 / 67,231       57,394 / 67,231       57,394 / 67,231      ms
[2024-03-16T13:30:13.478-0300][gc,stats    ]  Contention: Mark Segment Reset Contention                     0 / 0                 0 / 1                 0 / 1                 0 / 1           ops/s
[2024-03-16T13:30:13.478-0300][gc,stats    ]  Contention: Mark SeqNum Reset Contention                      0 / 0                 0 / 1                 0 / 1                 0 / 1           ops/s
[2024-03-16T13:30:13.478-0300][gc,stats    ]    Critical: Allocation Stall                                  0 / 0                 0 / 0                 0 / 0                 0 / 0           ops/s
[2024-03-16T13:30:13.478-0300][gc,stats    ]    Critical: Allocation Stall                              0,000 / 0,000         0,000 / 0,000         0,000 / 0,000         0,000 / 0,000       ms
[2024-03-16T13:30:13.478-0300][gc,stats    ]    Critical: GC Locker Stall                                   0 / 0                 0 / 0                 0 / 0                 0 / 0           ops/s
[2024-03-16T13:30:13.478-0300][gc,stats    ]    Critical: GC Locker Stall                               0,000 / 0,000         0,000 / 0,000         0,000 / 0,000         0,000 / 0,000       ms
[2024-03-16T13:30:13.478-0300][gc,stats    ]    Critical: Relocation Stall                                  0 / 0                 0 / 0                 0 / 0                 0 / 0           ops/s
[2024-03-16T13:30:13.478-0300][gc,stats    ]    Critical: Relocation Stall                              0,000 / 0,000         0,000 / 0,000         0,000 / 0,000         0,000 / 0,000       ms
[2024-03-16T13:30:13.478-0300][gc,stats    ]      Memory: Allocation Rate                                   0 / 0                 7 / 164               7 / 164               7 / 164         MB/s
[2024-03-16T13:30:13.478-0300][gc,stats    ]      Memory: Defragment                                        0 / 0                 0 / 0                 0 / 0                 0 / 0           ops/s
[2024-03-16T13:30:13.478-0300][gc,stats    ]      Memory: Out Of Memory                                     0 / 0                 0 / 0                 0 / 0                 0 / 0           ops/s
[2024-03-16T13:30:13.478-0300][gc,stats    ]      Memory: Page Cache Flush                                  0 / 0                 0 / 0                 0 / 0                 0 / 0           MB/s
[2024-03-16T13:30:13.478-0300][gc,stats    ]      Memory: Page Cache Hit L1                                 0 / 0                 2 / 82                2 / 82                2 / 82          ops/s
[2024-03-16T13:30:13.478-0300][gc,stats    ]      Memory: Page Cache Hit L2                                 0 / 0                 0 / 0                 0 / 0                 0 / 0           ops/s
[2024-03-16T13:30:13.478-0300][gc,stats    ]      Memory: Page Cache Hit L3                                 0 / 0                 1 / 65                1 / 65                1 / 65          ops/s
[2024-03-16T13:30:13.478-0300][gc,stats    ]      Memory: Page Cache Miss                                   0 / 0                 0 / 45                0 / 45                0 / 45          ops/s
[2024-03-16T13:30:13.478-0300][gc,stats    ]      Memory: Uncommit                                          0 / 0                 0 / 0                 0 / 0                 0 / 0           MB/s
[2024-03-16T13:30:13.478-0300][gc,stats    ]      Memory: Undo Object Allocation Failed                     0 / 0                 0 / 0                 0 / 0                 0 / 0           ops/s
[2024-03-16T13:30:13.478-0300][gc,stats    ]      Memory: Undo Object Allocation Succeeded                  0 / 0                 0 / 9                 0 / 9                 0 / 9           ops/s
[2024-03-16T13:30:13.478-0300][gc,stats    ]      Memory: Undo Page Allocation                              0 / 0                 0 / 0                 0 / 0                 0 / 0           ops/s
[2024-03-16T13:30:13.478-0300][gc,stats    ]       Phase: Concurrent Mark                               0,000 / 0,000        27,280 / 30,884       27,280 / 30,884       27,280 / 30,884      ms
[2024-03-16T13:30:13.478-0300][gc,stats    ]       Phase: Concurrent Mark Continue                      0,000 / 0,000         0,000 / 0,000         0,000 / 0,000         0,000 / 0,000       ms
[2024-03-16T13:30:13.478-0300][gc,stats    ]       Phase: Concurrent Mark Free                          0,000 / 0,000         0,000 / 0,000         0,000 / 0,000         0,000 / 0,000       ms
[2024-03-16T13:30:13.478-0300][gc,stats    ]       Phase: Concurrent Process Non-Strong References      0,000 / 0,000         5,572 / 7,253         5,572 / 7,253         5,572 / 7,253       ms
[2024-03-16T13:30:13.478-0300][gc,stats    ]       Phase: Concurrent Relocate                           0,000 / 0,000         8,047 / 10,484        8,047 / 10,484        8,047 / 10,484      ms
[2024-03-16T13:30:13.478-0300][gc,stats    ]       Phase: Concurrent Reset Relocation Set               0,000 / 0,000         0,007 / 0,014         0,007 / 0,014         0,007 / 0,014       ms
[2024-03-16T13:30:13.478-0300][gc,stats    ]       Phase: Concurrent Select Relocation Set              0,000 / 0,000         4,456 / 5,773         4,456 / 5,773         4,456 / 5,773       ms
[2024-03-16T13:30:13.478-0300][gc,stats    ]       Phase: Pause Mark End                                0,000 / 0,000         0,009 / 0,009         0,009 / 0,009         0,009 / 0,009       ms
[2024-03-16T13:30:13.478-0300][gc,stats    ]       Phase: Pause Mark Start                              0,000 / 0,000         0,012 / 0,018         0,012 / 0,018         0,012 / 0,018       ms
[2024-03-16T13:30:13.478-0300][gc,stats    ]       Phase: Pause Relocate Start                          0,000 / 0,000         0,006 / 0,007         0,006 / 0,007         0,006 / 0,007       ms
[2024-03-16T13:30:13.478-0300][gc,stats    ]    Subphase: Concurrent Classes Purge                      0,000 / 0,000         0,834 / 1,163         0,834 / 1,163         0,834 / 1,163       ms
[2024-03-16T13:30:13.478-0300][gc,stats    ]    Subphase: Concurrent Classes Unlink                     0,000 / 0,000         3,618 / 4,719         3,618 / 4,719         3,618 / 4,719       ms
[2024-03-16T13:30:13.478-0300][gc,stats    ]    Subphase: Concurrent Mark                               0,000 / 0,000        26,131 / 29,778       26,131 / 29,778       26,131 / 29,778      ms
[2024-03-16T13:30:13.478-0300][gc,stats    ]    Subphase: Concurrent Mark Try Flush                     0,000 / 0,000         0,062 / 0,128         0,062 / 0,128         0,062 / 0,128       ms
[2024-03-16T13:30:13.478-0300][gc,stats    ]    Subphase: Concurrent Mark Try Terminate                 0,000 / 0,000         0,543 / 1,085         0,543 / 1,085         0,543 / 1,085       ms
[2024-03-16T13:30:13.478-0300][gc,stats    ]    Subphase: Concurrent References Enqueue                 0,000 / 0,000         0,005 / 0,007         0,005 / 0,007         0,005 / 0,007       ms
[2024-03-16T13:30:13.478-0300][gc,stats    ]    Subphase: Concurrent References Process                 0,000 / 0,000         0,387 / 0,418         0,387 / 0,418         0,387 / 0,418       ms
[2024-03-16T13:30:13.478-0300][gc,stats    ]    Subphase: Concurrent Roots ClassLoaderDataGraph         0,000 / 0,000         0,168 / 0,393         0,168 / 0,393         0,168 / 0,393       ms
[2024-03-16T13:30:13.478-0300][gc,stats    ]    Subphase: Concurrent Roots CodeCache                    0,000 / 0,000         0,000 / 0,000         0,000 / 0,000         0,000 / 0,000       ms
[2024-03-16T13:30:13.478-0300][gc,stats    ]    Subphase: Concurrent Roots JavaThreads                  0,000 / 0,000         0,548 / 0,933         0,548 / 0,933         0,548 / 0,933       ms
[2024-03-16T13:30:13.478-0300][gc,stats    ]    Subphase: Concurrent Roots OopStorageSet                0,000 / 0,000         0,054 / 0,092         0,054 / 0,092         0,054 / 0,092       ms
[2024-03-16T13:30:13.478-0300][gc,stats    ]    Subphase: Concurrent Weak Roots OopStorageSet           0,000 / 0,000         0,619 / 0,886         0,619 / 0,886         0,619 / 0,886       ms
[2024-03-16T13:30:13.478-0300][gc,stats    ]    Subphase: Pause Mark Try Complete                       0,000 / 0,000         0,000 / 0,000         0,000 / 0,000         0,000 / 0,000       ms
[2024-03-16T13:30:13.478-0300][gc,stats    ]      System: Java Threads                                      0 / 0                19 / 26               19 / 26               19 / 26          threads
[2024-03-16T13:30:13.479-0300][gc,stats    ] =========================================================================================================================================================
[2024-03-16T13:30:23.477-0300][gc,stats    ] === Garbage Collection Statistics =======================================================================================================================
[2024-03-16T13:30:23.478-0300][gc,stats    ]                                                              Last 10s              Last 10m              Last 10h                Total
[2024-03-16T13:30:23.478-0300][gc,stats    ]                                                              Avg / Max             Avg / Max             Avg / Max             Avg / Max
[2024-03-16T13:30:23.478-0300][gc,stats    ]   Collector: Garbage Collection Cycle                      0,000 / 0,000        57,394 / 67,231       57,394 / 67,231       57,394 / 67,231      ms
[2024-03-16T13:30:23.478-0300][gc,stats    ]  Contention: Mark Segment Reset Contention                     0 / 0                 0 / 1                 0 / 1                 0 / 1           ops/s
[2024-03-16T13:30:23.478-0300][gc,stats    ]  Contention: Mark SeqNum Reset Contention                      0 / 0                 0 / 1                 0 / 1                 0 / 1           ops/s
[2024-03-16T13:30:23.478-0300][gc,stats    ]    Critical: Allocation Stall                                  0 / 0                 0 / 0                 0 / 0                 0 / 0           ops/s
[2024-03-16T13:30:23.478-0300][gc,stats    ]    Critical: Allocation Stall                              0,000 / 0,000         0,000 / 0,000         0,000 / 0,000         0,000 / 0,000       ms
[2024-03-16T13:30:23.478-0300][gc,stats    ]    Critical: GC Locker Stall                                   0 / 0                 0 / 0                 0 / 0                 0 / 0           ops/s
[2024-03-16T13:30:23.478-0300][gc,stats    ]    Critical: GC Locker Stall                               0,000 / 0,000         0,000 / 0,000         0,000 / 0,000         0,000 / 0,000       ms
[2024-03-16T13:30:23.478-0300][gc,stats    ]    Critical: Relocation Stall                                  0 / 0                 0 / 0                 0 / 0                 0 / 0           ops/s
[2024-03-16T13:30:23.478-0300][gc,stats    ]    Critical: Relocation Stall                              0,000 / 0,000         0,000 / 0,000         0,000 / 0,000         0,000 / 0,000       ms
[2024-03-16T13:30:23.478-0300][gc,stats    ]      Memory: Allocation Rate                                   0 / 0                 6 / 164               6 / 164               6 / 164         MB/s
[2024-03-16T13:30:23.478-0300][gc,stats    ]      Memory: Defragment                                        0 / 0                 0 / 0                 0 / 0                 0 / 0           ops/s
[2024-03-16T13:30:23.478-0300][gc,stats    ]      Memory: Out Of Memory                                     0 / 0                 0 / 0                 0 / 0                 0 / 0           ops/s
[2024-03-16T13:30:23.478-0300][gc,stats    ]      Memory: Page Cache Flush                                  0 / 0                 0 / 0                 0 / 0                 0 / 0           MB/s
[2024-03-16T13:30:23.478-0300][gc,stats    ]      Memory: Page Cache Hit L1                                 0 / 0                 1 / 82                1 / 82                1 / 82          ops/s
[2024-03-16T13:30:23.478-0300][gc,stats    ]      Memory: Page Cache Hit L2                                 0 / 0                 0 / 0                 0 / 0                 0 / 0           ops/s
[2024-03-16T13:30:23.478-0300][gc,stats    ]      Memory: Page Cache Hit L3                                 0 / 0                 1 / 65                1 / 65                1 / 65          ops/s
[2024-03-16T13:30:23.478-0300][gc,stats    ]      Memory: Page Cache Miss                                   0 / 0                 0 / 45                0 / 45                0 / 45          ops/s
[2024-03-16T13:30:23.478-0300][gc,stats    ]      Memory: Uncommit                                          0 / 0                 0 / 0                 0 / 0                 0 / 0           MB/s
[2024-03-16T13:30:23.478-0300][gc,stats    ]      Memory: Undo Object Allocation Failed                     0 / 0                 0 / 0                 0 / 0                 0 / 0           ops/s
[2024-03-16T13:30:23.478-0300][gc,stats    ]      Memory: Undo Object Allocation Succeeded                  0 / 0                 0 / 9                 0 / 9                 0 / 9           ops/s
[2024-03-16T13:30:23.478-0300][gc,stats    ]      Memory: Undo Page Allocation                              0 / 0                 0 / 0                 0 / 0                 0 / 0           ops/s
[2024-03-16T13:30:23.478-0300][gc,stats    ]       Phase: Concurrent Mark                               0,000 / 0,000        27,280 / 30,884       27,280 / 30,884       27,280 / 30,884      ms
[2024-03-16T13:30:23.478-0300][gc,stats    ]       Phase: Concurrent Mark Continue                      0,000 / 0,000         0,000 / 0,000         0,000 / 0,000         0,000 / 0,000       ms
[2024-03-16T13:30:23.478-0300][gc,stats    ]       Phase: Concurrent Mark Free                          0,000 / 0,000         0,000 / 0,000         0,000 / 0,000         0,000 / 0,000       ms
[2024-03-16T13:30:23.478-0300][gc,stats    ]       Phase: Concurrent Process Non-Strong References      0,000 / 0,000         5,572 / 7,253         5,572 / 7,253         5,572 / 7,253       ms
[2024-03-16T13:30:23.478-0300][gc,stats    ]       Phase: Concurrent Relocate                           0,000 / 0,000         8,047 / 10,484        8,047 / 10,484        8,047 / 10,484      ms
[2024-03-16T13:30:23.478-0300][gc,stats    ]       Phase: Concurrent Reset Relocation Set               0,000 / 0,000         0,007 / 0,014         0,007 / 0,014         0,007 / 0,014       ms
[2024-03-16T13:30:23.478-0300][gc,stats    ]       Phase: Concurrent Select Relocation Set              0,000 / 0,000         4,456 / 5,773         4,456 / 5,773         4,456 / 5,773       ms
[2024-03-16T13:30:23.478-0300][gc,stats    ]       Phase: Pause Mark End                                0,000 / 0,000         0,009 / 0,009         0,009 / 0,009         0,009 / 0,009       ms
[2024-03-16T13:30:23.478-0300][gc,stats    ]       Phase: Pause Mark Start                              0,000 / 0,000         0,012 / 0,018         0,012 / 0,018         0,012 / 0,018       ms
[2024-03-16T13:30:23.478-0300][gc,stats    ]       Phase: Pause Relocate Start                          0,000 / 0,000         0,006 / 0,007         0,006 / 0,007         0,006 / 0,007       ms
[2024-03-16T13:30:23.478-0300][gc,stats    ]    Subphase: Concurrent Classes Purge                      0,000 / 0,000         0,834 / 1,163         0,834 / 1,163         0,834 / 1,163       ms
[2024-03-16T13:30:23.478-0300][gc,stats    ]    Subphase: Concurrent Classes Unlink                     0,000 / 0,000         3,618 / 4,719         3,618 / 4,719         3,618 / 4,719       ms
[2024-03-16T13:30:23.478-0300][gc,stats    ]    Subphase: Concurrent Mark                               0,000 / 0,000        26,131 / 29,778       26,131 / 29,778       26,131 / 29,778      ms
[2024-03-16T13:30:23.478-0300][gc,stats    ]    Subphase: Concurrent Mark Try Flush                     0,000 / 0,000         0,062 / 0,128         0,062 / 0,128         0,062 / 0,128       ms
[2024-03-16T13:30:23.479-0300][gc,stats    ]    Subphase: Concurrent Mark Try Terminate                 0,000 / 0,000         0,543 / 1,085         0,543 / 1,085         0,543 / 1,085       ms
[2024-03-16T13:30:23.479-0300][gc,stats    ]    Subphase: Concurrent References Enqueue                 0,000 / 0,000         0,005 / 0,007         0,005 / 0,007         0,005 / 0,007       ms
[2024-03-16T13:30:23.479-0300][gc,stats    ]    Subphase: Concurrent References Process                 0,000 / 0,000         0,387 / 0,418         0,387 / 0,418         0,387 / 0,418       ms
[2024-03-16T13:30:23.479-0300][gc,stats    ]    Subphase: Concurrent Roots ClassLoaderDataGraph         0,000 / 0,000         0,168 / 0,393         0,168 / 0,393         0,168 / 0,393       ms
[2024-03-16T13:30:23.479-0300][gc,stats    ]    Subphase: Concurrent Roots CodeCache                    0,000 / 0,000         0,000 / 0,000         0,000 / 0,000         0,000 / 0,000       ms
[2024-03-16T13:30:23.479-0300][gc,stats    ]    Subphase: Concurrent Roots JavaThreads                  0,000 / 0,000         0,548 / 0,933         0,548 / 0,933         0,548 / 0,933       ms
[2024-03-16T13:30:23.479-0300][gc,stats    ]    Subphase: Concurrent Roots OopStorageSet                0,000 / 0,000         0,054 / 0,092         0,054 / 0,092         0,054 / 0,092       ms
[2024-03-16T13:30:23.479-0300][gc,stats    ]    Subphase: Concurrent Weak Roots OopStorageSet           0,000 / 0,000         0,619 / 0,886         0,619 / 0,886         0,619 / 0,886       ms
[2024-03-16T13:30:23.479-0300][gc,stats    ]    Subphase: Pause Mark Try Complete                       0,000 / 0,000         0,000 / 0,000         0,000 / 0,000         0,000 / 0,000       ms
[2024-03-16T13:30:23.479-0300][gc,stats    ]      System: Java Threads                                      0 / 0                19 / 26               19 / 26               19 / 26          threads
[2024-03-16T13:30:23.479-0300][gc,stats    ] =========================================================================================================================================================
[2024-03-16T13:30:33.477-0300][gc,stats    ] === Garbage Collection Statistics =======================================================================================================================
[2024-03-16T13:30:33.478-0300][gc,stats    ]                                                              Last 10s              Last 10m              Last 10h                Total
[2024-03-16T13:30:33.478-0300][gc,stats    ]                                                              Avg / Max             Avg / Max             Avg / Max             Avg / Max
[2024-03-16T13:30:33.478-0300][gc,stats    ]   Collector: Garbage Collection Cycle                      0,000 / 0,000        57,394 / 67,231       57,394 / 67,231       57,394 / 67,231      ms
[2024-03-16T13:30:33.478-0300][gc,stats    ]  Contention: Mark Segment Reset Contention                     0 / 0                 0 / 1                 0 / 1                 0 / 1           ops/s
[2024-03-16T13:30:33.478-0300][gc,stats    ]  Contention: Mark SeqNum Reset Contention                      0 / 0                 0 / 1                 0 / 1                 0 / 1           ops/s
[2024-03-16T13:30:33.478-0300][gc,stats    ]    Critical: Allocation Stall                                  0 / 0                 0 / 0                 0 / 0                 0 / 0           ops/s
[2024-03-16T13:30:33.478-0300][gc,stats    ]    Critical: Allocation Stall                              0,000 / 0,000         0,000 / 0,000         0,000 / 0,000         0,000 / 0,000       ms
[2024-03-16T13:30:33.478-0300][gc,stats    ]    Critical: GC Locker Stall                                   0 / 0                 0 / 0                 0 / 0                 0 / 0           ops/s
[2024-03-16T13:30:33.478-0300][gc,stats    ]    Critical: GC Locker Stall                               0,000 / 0,000         0,000 / 0,000         0,000 / 0,000         0,000 / 0,000       ms
[2024-03-16T13:30:33.478-0300][gc,stats    ]    Critical: Relocation Stall                                  0 / 0                 0 / 0                 0 / 0                 0 / 0           ops/s
[2024-03-16T13:30:33.478-0300][gc,stats    ]    Critical: Relocation Stall                              0,000 / 0,000         0,000 / 0,000         0,000 / 0,000         0,000 / 0,000       ms
[2024-03-16T13:30:33.478-0300][gc,stats    ]      Memory: Allocation Rate                                   0 / 0                 6 / 164               6 / 164               6 / 164         MB/s
[2024-03-16T13:30:33.478-0300][gc,stats    ]      Memory: Defragment                                        0 / 0                 0 / 0                 0 / 0                 0 / 0           ops/s
[2024-03-16T13:30:33.478-0300][gc,stats    ]      Memory: Out Of Memory                                     0 / 0                 0 / 0                 0 / 0                 0 / 0           ops/s
[2024-03-16T13:30:33.478-0300][gc,stats    ]      Memory: Page Cache Flush                                  0 / 0                 0 / 0                 0 / 0                 0 / 0           MB/s
[2024-03-16T13:30:33.478-0300][gc,stats    ]      Memory: Page Cache Hit L1                                 0 / 0                 1 / 82                1 / 82                1 / 82          ops/s
[2024-03-16T13:30:33.478-0300][gc,stats    ]      Memory: Page Cache Hit L2                                 0 / 0                 0 / 0                 0 / 0                 0 / 0           ops/s
[2024-03-16T13:30:33.478-0300][gc,stats    ]      Memory: Page Cache Hit L3                                 0 / 0                 1 / 65                1 / 65                1 / 65          ops/s
[2024-03-16T13:30:33.478-0300][gc,stats    ]      Memory: Page Cache Miss                                   0 / 0                 0 / 45                0 / 45                0 / 45          ops/s
[2024-03-16T13:30:33.478-0300][gc,stats    ]      Memory: Uncommit                                          0 / 0                 0 / 0                 0 / 0                 0 / 0           MB/s
[2024-03-16T13:30:33.478-0300][gc,stats    ]      Memory: Undo Object Allocation Failed                     0 / 0                 0 / 0                 0 / 0                 0 / 0           ops/s
[2024-03-16T13:30:33.478-0300][gc,stats    ]      Memory: Undo Object Allocation Succeeded                  0 / 0                 0 / 9                 0 / 9                 0 / 9           ops/s
[2024-03-16T13:30:33.478-0300][gc,stats    ]      Memory: Undo Page Allocation                              0 / 0                 0 / 0                 0 / 0                 0 / 0           ops/s
[2024-03-16T13:30:33.478-0300][gc,stats    ]       Phase: Concurrent Mark                               0,000 / 0,000        27,280 / 30,884       27,280 / 30,884       27,280 / 30,884      ms
[2024-03-16T13:30:33.478-0300][gc,stats    ]       Phase: Concurrent Mark Continue                      0,000 / 0,000         0,000 / 0,000         0,000 / 0,000         0,000 / 0,000       ms
[2024-03-16T13:30:33.478-0300][gc,stats    ]       Phase: Concurrent Mark Free                          0,000 / 0,000         0,000 / 0,000         0,000 / 0,000         0,000 / 0,000       ms
[2024-03-16T13:30:33.478-0300][gc,stats    ]       Phase: Concurrent Process Non-Strong References      0,000 / 0,000         5,572 / 7,253         5,572 / 7,253         5,572 / 7,253       ms
[2024-03-16T13:30:33.478-0300][gc,stats    ]       Phase: Concurrent Relocate                           0,000 / 0,000         8,047 / 10,484        8,047 / 10,484        8,047 / 10,484      ms
[2024-03-16T13:30:33.478-0300][gc,stats    ]       Phase: Concurrent Reset Relocation Set               0,000 / 0,000         0,007 / 0,014         0,007 / 0,014         0,007 / 0,014       ms
[2024-03-16T13:30:33.478-0300][gc,stats    ]       Phase: Concurrent Select Relocation Set              0,000 / 0,000         4,456 / 5,773         4,456 / 5,773         4,456 / 5,773       ms
[2024-03-16T13:30:33.478-0300][gc,stats    ]       Phase: Pause Mark End                                0,000 / 0,000         0,009 / 0,009         0,009 / 0,009         0,009 / 0,009       ms
[2024-03-16T13:30:33.478-0300][gc,stats    ]       Phase: Pause Mark Start                              0,000 / 0,000         0,012 / 0,018         0,012 / 0,018         0,012 / 0,018       ms
[2024-03-16T13:30:33.478-0300][gc,stats    ]       Phase: Pause Relocate Start                          0,000 / 0,000         0,006 / 0,007         0,006 / 0,007         0,006 / 0,007       ms
[2024-03-16T13:30:33.478-0300][gc,stats    ]    Subphase: Concurrent Classes Purge                      0,000 / 0,000         0,834 / 1,163         0,834 / 1,163         0,834 / 1,163       ms
[2024-03-16T13:30:33.478-0300][gc,stats    ]    Subphase: Concurrent Classes Unlink                     0,000 / 0,000         3,618 / 4,719         3,618 / 4,719         3,618 / 4,719       ms
[2024-03-16T13:30:33.478-0300][gc,stats    ]    Subphase: Concurrent Mark                               0,000 / 0,000        26,131 / 29,778       26,131 / 29,778       26,131 / 29,778      ms
[2024-03-16T13:30:33.478-0300][gc,stats    ]    Subphase: Concurrent Mark Try Flush                     0,000 / 0,000         0,062 / 0,128         0,062 / 0,128         0,062 / 0,128       ms
[2024-03-16T13:30:33.478-0300][gc,stats    ]    Subphase: Concurrent Mark Try Terminate                 0,000 / 0,000         0,543 / 1,085         0,543 / 1,085         0,543 / 1,085       ms
[2024-03-16T13:30:33.478-0300][gc,stats    ]    Subphase: Concurrent References Enqueue                 0,000 / 0,000         0,005 / 0,007         0,005 / 0,007         0,005 / 0,007       ms
[2024-03-16T13:30:33.478-0300][gc,stats    ]    Subphase: Concurrent References Process                 0,000 / 0,000         0,387 / 0,418         0,387 / 0,418         0,387 / 0,418       ms
[2024-03-16T13:30:33.478-0300][gc,stats    ]    Subphase: Concurrent Roots ClassLoaderDataGraph         0,000 / 0,000         0,168 / 0,393         0,168 / 0,393         0,168 / 0,393       ms
[2024-03-16T13:30:33.478-0300][gc,stats    ]    Subphase: Concurrent Roots CodeCache                    0,000 / 0,000         0,000 / 0,000         0,000 / 0,000         0,000 / 0,000       ms
[2024-03-16T13:30:33.479-0300][gc,stats    ]    Subphase: Concurrent Roots JavaThreads                  0,000 / 0,000         0,548 / 0,933         0,548 / 0,933         0,548 / 0,933       ms
[2024-03-16T13:30:33.479-0300][gc,stats    ]    Subphase: Concurrent Roots OopStorageSet                0,000 / 0,000         0,054 / 0,092         0,054 / 0,092         0,054 / 0,092       ms
[2024-03-16T13:30:33.479-0300][gc,stats    ]    Subphase: Concurrent Weak Roots OopStorageSet           0,000 / 0,000         0,619 / 0,886         0,619 / 0,886         0,619 / 0,886       ms
[2024-03-16T13:30:33.479-0300][gc,stats    ]    Subphase: Pause Mark Try Complete                       0,000 / 0,000         0,000 / 0,000         0,000 / 0,000         0,000 / 0,000       ms
[2024-03-16T13:30:33.479-0300][gc,stats    ]      System: Java Threads                                      0 / 0                19 / 26               19 / 26               19 / 26          threads
[2024-03-16T13:30:33.479-0300][gc,stats    ] =========================================================================================================================================================
[2024-03-16T13:30:43.477-0300][gc,stats    ] === Garbage Collection Statistics =======================================================================================================================
[2024-03-16T13:30:43.477-0300][gc,stats    ]                                                              Last 10s              Last 10m              Last 10h                Total
[2024-03-16T13:30:43.477-0300][gc,stats    ]                                                              Avg / Max             Avg / Max             Avg / Max             Avg / Max
[2024-03-16T13:30:43.477-0300][gc,stats    ]   Collector: Garbage Collection Cycle                      0,000 / 0,000        57,394 / 67,231       57,394 / 67,231       57,394 / 67,231      ms
[2024-03-16T13:30:43.477-0300][gc,stats    ]  Contention: Mark Segment Reset Contention                     0 / 0                 0 / 1                 0 / 1                 0 / 1           ops/s
[2024-03-16T13:30:43.477-0300][gc,stats    ]  Contention: Mark SeqNum Reset Contention                      0 / 0                 0 / 1                 0 / 1                 0 / 1           ops/s
[2024-03-16T13:30:43.477-0300][gc,stats    ]    Critical: Allocation Stall                                  0 / 0                 0 / 0                 0 / 0                 0 / 0           ops/s
[2024-03-16T13:30:43.477-0300][gc,stats    ]    Critical: Allocation Stall                              0,000 / 0,000         0,000 / 0,000         0,000 / 0,000         0,000 / 0,000       ms
[2024-03-16T13:30:43.477-0300][gc,stats    ]    Critical: GC Locker Stall                                   0 / 0                 0 / 0                 0 / 0                 0 / 0           ops/s
[2024-03-16T13:30:43.477-0300][gc,stats    ]    Critical: GC Locker Stall                               0,000 / 0,000         0,000 / 0,000         0,000 / 0,000         0,000 / 0,000       ms
[2024-03-16T13:30:43.477-0300][gc,stats    ]    Critical: Relocation Stall                                  0 / 0                 0 / 0                 0 / 0                 0 / 0           ops/s
[2024-03-16T13:30:43.477-0300][gc,stats    ]    Critical: Relocation Stall                              0,000 / 0,000         0,000 / 0,000         0,000 / 0,000         0,000 / 0,000       ms
[2024-03-16T13:30:43.477-0300][gc,stats    ]      Memory: Allocation Rate                                   0 / 0                 5 / 164               5 / 164               5 / 164         MB/s
[2024-03-16T13:30:43.477-0300][gc,stats    ]      Memory: Defragment                                        0 / 0                 0 / 0                 0 / 0                 0 / 0           ops/s
[2024-03-16T13:30:43.477-0300][gc,stats    ]      Memory: Out Of Memory                                     0 / 0                 0 / 0                 0 / 0                 0 / 0           ops/s
[2024-03-16T13:30:43.477-0300][gc,stats    ]      Memory: Page Cache Flush                                  0 / 0                 0 / 0                 0 / 0                 0 / 0           MB/s
[2024-03-16T13:30:43.477-0300][gc,stats    ]      Memory: Page Cache Hit L1                                 0 / 0                 1 / 82                1 / 82                1 / 82          ops/s
[2024-03-16T13:30:43.477-0300][gc,stats    ]      Memory: Page Cache Hit L2                                 0 / 0                 0 / 0                 0 / 0                 0 / 0           ops/s
[2024-03-16T13:30:43.477-0300][gc,stats    ]      Memory: Page Cache Hit L3                                 0 / 0                 1 / 65                1 / 65                1 / 65          ops/s
[2024-03-16T13:30:43.477-0300][gc,stats    ]      Memory: Page Cache Miss                                   0 / 0                 0 / 45                0 / 45                0 / 45          ops/s
[2024-03-16T13:30:43.477-0300][gc,stats    ]      Memory: Uncommit                                          0 / 0                 0 / 0                 0 / 0                 0 / 0           MB/s
[2024-03-16T13:30:43.477-0300][gc,stats    ]      Memory: Undo Object Allocation Failed                     0 / 0                 0 / 0                 0 / 0                 0 / 0           ops/s
[2024-03-16T13:30:43.478-0300][gc,stats    ]      Memory: Undo Object Allocation Succeeded                  0 / 0                 0 / 9                 0 / 9                 0 / 9           ops/s
[2024-03-16T13:30:43.478-0300][gc,stats    ]      Memory: Undo Page Allocation                              0 / 0                 0 / 0                 0 / 0                 0 / 0           ops/s
[2024-03-16T13:30:43.478-0300][gc,stats    ]       Phase: Concurrent Mark                               0,000 / 0,000        27,280 / 30,884       27,280 / 30,884       27,280 / 30,884      ms
[2024-03-16T13:30:43.478-0300][gc,stats    ]       Phase: Concurrent Mark Continue                      0,000 / 0,000         0,000 / 0,000         0,000 / 0,000         0,000 / 0,000       ms
[2024-03-16T13:30:43.478-0300][gc,stats    ]       Phase: Concurrent Mark Free                          0,000 / 0,000         0,000 / 0,000         0,000 / 0,000         0,000 / 0,000       ms
[2024-03-16T13:30:43.478-0300][gc,stats    ]       Phase: Concurrent Process Non-Strong References      0,000 / 0,000         5,572 / 7,253         5,572 / 7,253         5,572 / 7,253       ms
[2024-03-16T13:30:43.478-0300][gc,stats    ]       Phase: Concurrent Relocate                           0,000 / 0,000         8,047 / 10,484        8,047 / 10,484        8,047 / 10,484      ms
[2024-03-16T13:30:43.478-0300][gc,stats    ]       Phase: Concurrent Reset Relocation Set               0,000 / 0,000         0,007 / 0,014         0,007 / 0,014         0,007 / 0,014       ms
[2024-03-16T13:30:43.478-0300][gc,stats    ]       Phase: Concurrent Select Relocation Set              0,000 / 0,000         4,456 / 5,773         4,456 / 5,773         4,456 / 5,773       ms
[2024-03-16T13:30:43.478-0300][gc,stats    ]       Phase: Pause Mark End                                0,000 / 0,000         0,009 / 0,009         0,009 / 0,009         0,009 / 0,009       ms
[2024-03-16T13:30:43.478-0300][gc,stats    ]       Phase: Pause Mark Start                              0,000 / 0,000         0,012 / 0,018         0,012 / 0,018         0,012 / 0,018       ms
[2024-03-16T13:30:43.478-0300][gc,stats    ]       Phase: Pause Relocate Start                          0,000 / 0,000         0,006 / 0,007         0,006 / 0,007         0,006 / 0,007       ms
[2024-03-16T13:30:43.478-0300][gc,stats    ]    Subphase: Concurrent Classes Purge                      0,000 / 0,000         0,834 / 1,163         0,834 / 1,163         0,834 / 1,163       ms
[2024-03-16T13:30:43.478-0300][gc,stats    ]    Subphase: Concurrent Classes Unlink                     0,000 / 0,000         3,618 / 4,719         3,618 / 4,719         3,618 / 4,719       ms
[2024-03-16T13:30:43.478-0300][gc,stats    ]    Subphase: Concurrent Mark                               0,000 / 0,000        26,131 / 29,778       26,131 / 29,778       26,131 / 29,778      ms
[2024-03-16T13:30:43.478-0300][gc,stats    ]    Subphase: Concurrent Mark Try Flush                     0,000 / 0,000         0,062 / 0,128         0,062 / 0,128         0,062 / 0,128       ms
[2024-03-16T13:30:43.478-0300][gc,stats    ]    Subphase: Concurrent Mark Try Terminate                 0,000 / 0,000         0,543 / 1,085         0,543 / 1,085         0,543 / 1,085       ms
[2024-03-16T13:30:43.478-0300][gc,stats    ]    Subphase: Concurrent References Enqueue                 0,000 / 0,000         0,005 / 0,007         0,005 / 0,007         0,005 / 0,007       ms
[2024-03-16T13:30:43.478-0300][gc,stats    ]    Subphase: Concurrent References Process                 0,000 / 0,000         0,387 / 0,418         0,387 / 0,418         0,387 / 0,418       ms
[2024-03-16T13:30:43.478-0300][gc,stats    ]    Subphase: Concurrent Roots ClassLoaderDataGraph         0,000 / 0,000         0,168 / 0,393         0,168 / 0,393         0,168 / 0,393       ms
[2024-03-16T13:30:43.478-0300][gc,stats    ]    Subphase: Concurrent Roots CodeCache                    0,000 / 0,000         0,000 / 0,000         0,000 / 0,000         0,000 / 0,000       ms
[2024-03-16T13:30:43.478-0300][gc,stats    ]    Subphase: Concurrent Roots JavaThreads                  0,000 / 0,000         0,548 / 0,933         0,548 / 0,933         0,548 / 0,933       ms
[2024-03-16T13:30:43.478-0300][gc,stats    ]    Subphase: Concurrent Roots OopStorageSet                0,000 / 0,000         0,054 / 0,092         0,054 / 0,092         0,054 / 0,092       ms
[2024-03-16T13:30:43.478-0300][gc,stats    ]    Subphase: Concurrent Weak Roots OopStorageSet           0,000 / 0,000         0,619 / 0,886         0,619 / 0,886         0,619 / 0,886       ms
[2024-03-16T13:30:43.478-0300][gc,stats    ]    Subphase: Pause Mark Try Complete                       0,000 / 0,000         0,000 / 0,000         0,000 / 0,000         0,000 / 0,000       ms
[2024-03-16T13:30:43.478-0300][gc,stats    ]      System: Java Threads                                      0 / 0                19 / 26               19 / 26               19 / 26          threads
[2024-03-16T13:30:43.478-0300][gc,stats    ] =========================================================================================================================================================
[2024-03-16T13:30:53.477-0300][gc,stats    ] === Garbage Collection Statistics =======================================================================================================================
[2024-03-16T13:30:53.477-0300][gc,stats    ]                                                              Last 10s              Last 10m              Last 10h                Total
[2024-03-16T13:30:53.477-0300][gc,stats    ]                                                              Avg / Max             Avg / Max             Avg / Max             Avg / Max
[2024-03-16T13:30:53.477-0300][gc,stats    ]   Collector: Garbage Collection Cycle                      0,000 / 0,000        57,394 / 67,231       57,394 / 67,231       57,394 / 67,231      ms
[2024-03-16T13:30:53.477-0300][gc,stats    ]  Contention: Mark Segment Reset Contention                     0 / 0                 0 / 1                 0 / 1                 0 / 1           ops/s
[2024-03-16T13:30:53.477-0300][gc,stats    ]  Contention: Mark SeqNum Reset Contention                      0 / 0                 0 / 1                 0 / 1                 0 / 1           ops/s
[2024-03-16T13:30:53.477-0300][gc,stats    ]    Critical: Allocation Stall                                  0 / 0                 0 / 0                 0 / 0                 0 / 0           ops/s
[2024-03-16T13:30:53.477-0300][gc,stats    ]    Critical: Allocation Stall                              0,000 / 0,000         0,000 / 0,000         0,000 / 0,000         0,000 / 0,000       ms
[2024-03-16T13:30:53.477-0300][gc,stats    ]    Critical: GC Locker Stall                                   0 / 0                 0 / 0                 0 / 0                 0 / 0           ops/s
[2024-03-16T13:30:53.477-0300][gc,stats    ]    Critical: GC Locker Stall                               0,000 / 0,000         0,000 / 0,000         0,000 / 0,000         0,000 / 0,000       ms
[2024-03-16T13:30:53.477-0300][gc,stats    ]    Critical: Relocation Stall                                  0 / 0                 0 / 0                 0 / 0                 0 / 0           ops/s
[2024-03-16T13:30:53.477-0300][gc,stats    ]    Critical: Relocation Stall                              0,000 / 0,000         0,000 / 0,000         0,000 / 0,000         0,000 / 0,000       ms
[2024-03-16T13:30:53.477-0300][gc,stats    ]      Memory: Allocation Rate                                   0 / 0                 5 / 164               5 / 164               5 / 164         MB/s
[2024-03-16T13:30:53.477-0300][gc,stats    ]      Memory: Defragment                                        0 / 0                 0 / 0                 0 / 0                 0 / 0           ops/s
[2024-03-16T13:30:53.477-0300][gc,stats    ]      Memory: Out Of Memory                                     0 / 0                 0 / 0                 0 / 0                 0 / 0           ops/s
[2024-03-16T13:30:53.477-0300][gc,stats    ]      Memory: Page Cache Flush                                  0 / 0                 0 / 0                 0 / 0                 0 / 0           MB/s
[2024-03-16T13:30:53.477-0300][gc,stats    ]      Memory: Page Cache Hit L1                                 0 / 0                 1 / 82                1 / 82                1 / 82          ops/s
[2024-03-16T13:30:53.477-0300][gc,stats    ]      Memory: Page Cache Hit L2                                 0 / 0                 0 / 0                 0 / 0                 0 / 0           ops/s
[2024-03-16T13:30:53.477-0300][gc,stats    ]      Memory: Page Cache Hit L3                                 0 / 0                 0 / 65                0 / 65                0 / 65          ops/s
[2024-03-16T13:30:53.477-0300][gc,stats    ]      Memory: Page Cache Miss                                   0 / 0                 0 / 45                0 / 45                0 / 45          ops/s
[2024-03-16T13:30:53.477-0300][gc,stats    ]      Memory: Uncommit                                          0 / 0                 0 / 0                 0 / 0                 0 / 0           MB/s
[2024-03-16T13:30:53.477-0300][gc,stats    ]      Memory: Undo Object Allocation Failed                     0 / 0                 0 / 0                 0 / 0                 0 / 0           ops/s
[2024-03-16T13:30:53.477-0300][gc,stats    ]      Memory: Undo Object Allocation Succeeded                  0 / 0                 0 / 9                 0 / 9                 0 / 9           ops/s
[2024-03-16T13:30:53.477-0300][gc,stats    ]      Memory: Undo Page Allocation                              0 / 0                 0 / 0                 0 / 0                 0 / 0           ops/s
[2024-03-16T13:30:53.477-0300][gc,stats    ]       Phase: Concurrent Mark                               0,000 / 0,000        27,280 / 30,884       27,280 / 30,884       27,280 / 30,884      ms
[2024-03-16T13:30:53.477-0300][gc,stats    ]       Phase: Concurrent Mark Continue                      0,000 / 0,000         0,000 / 0,000         0,000 / 0,000         0,000 / 0,000       ms
[2024-03-16T13:30:53.477-0300][gc,stats    ]       Phase: Concurrent Mark Free                          0,000 / 0,000         0,000 / 0,000         0,000 / 0,000         0,000 / 0,000       ms
[2024-03-16T13:30:53.477-0300][gc,stats    ]       Phase: Concurrent Process Non-Strong References      0,000 / 0,000         5,572 / 7,253         5,572 / 7,253         5,572 / 7,253       ms
[2024-03-16T13:30:53.477-0300][gc,stats    ]       Phase: Concurrent Relocate                           0,000 / 0,000         8,047 / 10,484        8,047 / 10,484        8,047 / 10,484      ms
[2024-03-16T13:30:53.477-0300][gc,stats    ]       Phase: Concurrent Reset Relocation Set               0,000 / 0,000         0,007 / 0,014         0,007 / 0,014         0,007 / 0,014       ms
[2024-03-16T13:30:53.477-0300][gc,stats    ]       Phase: Concurrent Select Relocation Set              0,000 / 0,000         4,456 / 5,773         4,456 / 5,773         4,456 / 5,773       ms
[2024-03-16T13:30:53.477-0300][gc,stats    ]       Phase: Pause Mark End                                0,000 / 0,000         0,009 / 0,009         0,009 / 0,009         0,009 / 0,009       ms
[2024-03-16T13:30:53.477-0300][gc,stats    ]       Phase: Pause Mark Start                              0,000 / 0,000         0,012 / 0,018         0,012 / 0,018         0,012 / 0,018       ms
[2024-03-16T13:30:53.477-0300][gc,stats    ]       Phase: Pause Relocate Start                          0,000 / 0,000         0,006 / 0,007         0,006 / 0,007         0,006 / 0,007       ms
[2024-03-16T13:30:53.477-0300][gc,stats    ]    Subphase: Concurrent Classes Purge                      0,000 / 0,000         0,834 / 1,163         0,834 / 1,163         0,834 / 1,163       ms
[2024-03-16T13:30:53.477-0300][gc,stats    ]    Subphase: Concurrent Classes Unlink                     0,000 / 0,000         3,618 / 4,719         3,618 / 4,719         3,618 / 4,719       ms
[2024-03-16T13:30:53.477-0300][gc,stats    ]    Subphase: Concurrent Mark                               0,000 / 0,000        26,131 / 29,778       26,131 / 29,778       26,131 / 29,778      ms
[2024-03-16T13:30:53.477-0300][gc,stats    ]    Subphase: Concurrent Mark Try Flush                     0,000 / 0,000         0,062 / 0,128         0,062 / 0,128         0,062 / 0,128       ms
[2024-03-16T13:30:53.477-0300][gc,stats    ]    Subphase: Concurrent Mark Try Terminate                 0,000 / 0,000         0,543 / 1,085         0,543 / 1,085         0,543 / 1,085       ms
[2024-03-16T13:30:53.477-0300][gc,stats    ]    Subphase: Concurrent References Enqueue                 0,000 / 0,000         0,005 / 0,007         0,005 / 0,007         0,005 / 0,007       ms
[2024-03-16T13:30:53.477-0300][gc,stats    ]    Subphase: Concurrent References Process                 0,000 / 0,000         0,387 / 0,418         0,387 / 0,418         0,387 / 0,418       ms
[2024-03-16T13:30:53.477-0300][gc,stats    ]    Subphase: Concurrent Roots ClassLoaderDataGraph         0,000 / 0,000         0,168 / 0,393         0,168 / 0,393         0,168 / 0,393       ms
[2024-03-16T13:30:53.477-0300][gc,stats    ]    Subphase: Concurrent Roots CodeCache                    0,000 / 0,000         0,000 / 0,000         0,000 / 0,000         0,000 / 0,000       ms
[2024-03-16T13:30:53.477-0300][gc,stats    ]    Subphase: Concurrent Roots JavaThreads                  0,000 / 0,000         0,548 / 0,933         0,548 / 0,933         0,548 / 0,933       ms
[2024-03-16T13:30:53.477-0300][gc,stats    ]    Subphase: Concurrent Roots OopStorageSet                0,000 / 0,000         0,054 / 0,092         0,054 / 0,092         0,054 / 0,092       ms
[2024-03-16T13:30:53.477-0300][gc,stats    ]    Subphase: Concurrent Weak Roots OopStorageSet           0,000 / 0,000         0,619 / 0,886         0,619 / 0,886         0,619 / 0,886       ms
[2024-03-16T13:30:53.477-0300][gc,stats    ]    Subphase: Pause Mark Try Complete                       0,000 / 0,000         0,000 / 0,000         0,000 / 0,000         0,000 / 0,000       ms
[2024-03-16T13:30:53.477-0300][gc,stats    ]      System: Java Threads                                      0 / 0                19 / 26               19 / 26               19 / 26          threads
[2024-03-16T13:30:53.477-0300][gc,stats    ] =========================================================================================================================================================
[2024-03-16T13:31:03.477-0300][gc,stats    ] === Garbage Collection Statistics =======================================================================================================================
[2024-03-16T13:31:03.477-0300][gc,stats    ]                                                              Last 10s              Last 10m              Last 10h                Total
[2024-03-16T13:31:03.477-0300][gc,stats    ]                                                              Avg / Max             Avg / Max             Avg / Max             Avg / Max
[2024-03-16T13:31:03.477-0300][gc,stats    ]   Collector: Garbage Collection Cycle                      0,000 / 0,000        57,394 / 67,231       57,394 / 67,231       57,394 / 67,231      ms
[2024-03-16T13:31:03.477-0300][gc,stats    ]  Contention: Mark Segment Reset Contention                     0 / 0                 0 / 1                 0 / 1                 0 / 1           ops/s
[2024-03-16T13:31:03.477-0300][gc,stats    ]  Contention: Mark SeqNum Reset Contention                      0 / 0                 0 / 1                 0 / 1                 0 / 1           ops/s
[2024-03-16T13:31:03.477-0300][gc,stats    ]    Critical: Allocation Stall                                  0 / 0                 0 / 0                 0 / 0                 0 / 0           ops/s
[2024-03-16T13:31:03.477-0300][gc,stats    ]    Critical: Allocation Stall                              0,000 / 0,000         0,000 / 0,000         0,000 / 0,000         0,000 / 0,000       ms
[2024-03-16T13:31:03.478-0300][gc,stats    ]    Critical: GC Locker Stall                                   0 / 0                 0 / 0                 0 / 0                 0 / 0           ops/s
[2024-03-16T13:31:03.478-0300][gc,stats    ]    Critical: GC Locker Stall                               0,000 / 0,000         0,000 / 0,000         0,000 / 0,000         0,000 / 0,000       ms
[2024-03-16T13:31:03.478-0300][gc,stats    ]    Critical: Relocation Stall                                  0 / 0                 0 / 0                 0 / 0                 0 / 0           ops/s
[2024-03-16T13:31:03.478-0300][gc,stats    ]    Critical: Relocation Stall                              0,000 / 0,000         0,000 / 0,000         0,000 / 0,000         0,000 / 0,000       ms
[2024-03-16T13:31:03.478-0300][gc,stats    ]      Memory: Allocation Rate                                   0 / 0                 4 / 164               4 / 164               4 / 164         MB/s
[2024-03-16T13:31:03.478-0300][gc,stats    ]      Memory: Defragment                                        0 / 0                 0 / 0                 0 / 0                 0 / 0           ops/s
[2024-03-16T13:31:03.478-0300][gc,stats    ]      Memory: Out Of Memory                                     0 / 0                 0 / 0                 0 / 0                 0 / 0           ops/s
[2024-03-16T13:31:03.478-0300][gc,stats    ]      Memory: Page Cache Flush                                  0 / 0                 0 / 0                 0 / 0                 0 / 0           MB/s
[2024-03-16T13:31:03.478-0300][gc,stats    ]      Memory: Page Cache Hit L1                                 0 / 0                 1 / 82                1 / 82                1 / 82          ops/s
[2024-03-16T13:31:03.478-0300][gc,stats    ]      Memory: Page Cache Hit L2                                 0 / 0                 0 / 0                 0 / 0                 0 / 0           ops/s
[2024-03-16T13:31:03.478-0300][gc,stats    ]      Memory: Page Cache Hit L3                                 0 / 0                 0 / 65                0 / 65                0 / 65          ops/s
[2024-03-16T13:31:03.478-0300][gc,stats    ]      Memory: Page Cache Miss                                   0 / 0                 0 / 45                0 / 45                0 / 45          ops/s
[2024-03-16T13:31:03.478-0300][gc,stats    ]      Memory: Uncommit                                          0 / 0                 0 / 0                 0 / 0                 0 / 0           MB/s
[2024-03-16T13:31:03.478-0300][gc,stats    ]      Memory: Undo Object Allocation Failed                     0 / 0                 0 / 0                 0 / 0                 0 / 0           ops/s
[2024-03-16T13:31:03.478-0300][gc,stats    ]      Memory: Undo Object Allocation Succeeded                  0 / 0                 0 / 9                 0 / 9                 0 / 9           ops/s
[2024-03-16T13:31:03.478-0300][gc,stats    ]      Memory: Undo Page Allocation                              0 / 0                 0 / 0                 0 / 0                 0 / 0           ops/s
[2024-03-16T13:31:03.478-0300][gc,stats    ]       Phase: Concurrent Mark                               0,000 / 0,000        27,280 / 30,884       27,280 / 30,884       27,280 / 30,884      ms
[2024-03-16T13:31:03.478-0300][gc,stats    ]       Phase: Concurrent Mark Continue                      0,000 / 0,000         0,000 / 0,000         0,000 / 0,000         0,000 / 0,000       ms
[2024-03-16T13:31:03.478-0300][gc,stats    ]       Phase: Concurrent Mark Free                          0,000 / 0,000         0,000 / 0,000         0,000 / 0,000         0,000 / 0,000       ms
[2024-03-16T13:31:03.478-0300][gc,stats    ]       Phase: Concurrent Process Non-Strong References      0,000 / 0,000         5,572 / 7,253         5,572 / 7,253         5,572 / 7,253       ms
[2024-03-16T13:31:03.478-0300][gc,stats    ]       Phase: Concurrent Relocate                           0,000 / 0,000         8,047 / 10,484        8,047 / 10,484        8,047 / 10,484      ms
[2024-03-16T13:31:03.478-0300][gc,stats    ]       Phase: Concurrent Reset Relocation Set               0,000 / 0,000         0,007 / 0,014         0,007 / 0,014         0,007 / 0,014       ms
[2024-03-16T13:31:03.478-0300][gc,stats    ]       Phase: Concurrent Select Relocation Set              0,000 / 0,000         4,456 / 5,773         4,456 / 5,773         4,456 / 5,773       ms
[2024-03-16T13:31:03.478-0300][gc,stats    ]       Phase: Pause Mark End                                0,000 / 0,000         0,009 / 0,009         0,009 / 0,009         0,009 / 0,009       ms
[2024-03-16T13:31:03.478-0300][gc,stats    ]       Phase: Pause Mark Start                              0,000 / 0,000         0,012 / 0,018         0,012 / 0,018         0,012 / 0,018       ms
[2024-03-16T13:31:03.478-0300][gc,stats    ]       Phase: Pause Relocate Start                          0,000 / 0,000         0,006 / 0,007         0,006 / 0,007         0,006 / 0,007       ms
[2024-03-16T13:31:03.478-0300][gc,stats    ]    Subphase: Concurrent Classes Purge                      0,000 / 0,000         0,834 / 1,163         0,834 / 1,163         0,834 / 1,163       ms
[2024-03-16T13:31:03.478-0300][gc,stats    ]    Subphase: Concurrent Classes Unlink                     0,000 / 0,000         3,618 / 4,719         3,618 / 4,719         3,618 / 4,719       ms
[2024-03-16T13:31:03.478-0300][gc,stats    ]    Subphase: Concurrent Mark                               0,000 / 0,000        26,131 / 29,778       26,131 / 29,778       26,131 / 29,778      ms
[2024-03-16T13:31:03.478-0300][gc,stats    ]    Subphase: Concurrent Mark Try Flush                     0,000 / 0,000         0,062 / 0,128         0,062 / 0,128         0,062 / 0,128       ms
[2024-03-16T13:31:03.478-0300][gc,stats    ]    Subphase: Concurrent Mark Try Terminate                 0,000 / 0,000         0,543 / 1,085         0,543 / 1,085         0,543 / 1,085       ms
[2024-03-16T13:31:03.478-0300][gc,stats    ]    Subphase: Concurrent References Enqueue                 0,000 / 0,000         0,005 / 0,007         0,005 / 0,007         0,005 / 0,007       ms
[2024-03-16T13:31:03.478-0300][gc,stats    ]    Subphase: Concurrent References Process                 0,000 / 0,000         0,387 / 0,418         0,387 / 0,418         0,387 / 0,418       ms
[2024-03-16T13:31:03.478-0300][gc,stats    ]    Subphase: Concurrent Roots ClassLoaderDataGraph         0,000 / 0,000         0,168 / 0,393         0,168 / 0,393         0,168 / 0,393       ms
[2024-03-16T13:31:03.478-0300][gc,stats    ]    Subphase: Concurrent Roots CodeCache                    0,000 / 0,000         0,000 / 0,000         0,000 / 0,000         0,000 / 0,000       ms
[2024-03-16T13:31:03.478-0300][gc,stats    ]    Subphase: Concurrent Roots JavaThreads                  0,000 / 0,000         0,548 / 0,933         0,548 / 0,933         0,548 / 0,933       ms
[2024-03-16T13:31:03.478-0300][gc,stats    ]    Subphase: Concurrent Roots OopStorageSet                0,000 / 0,000         0,054 / 0,092         0,054 / 0,092         0,054 / 0,092       ms
[2024-03-16T13:31:03.478-0300][gc,stats    ]    Subphase: Concurrent Weak Roots OopStorageSet           0,000 / 0,000         0,619 / 0,886         0,619 / 0,886         0,619 / 0,886       ms
[2024-03-16T13:31:03.478-0300][gc,stats    ]    Subphase: Pause Mark Try Complete                       0,000 / 0,000         0,000 / 0,000         0,000 / 0,000         0,000 / 0,000       ms
[2024-03-16T13:31:03.478-0300][gc,stats    ]      System: Java Threads                                      0 / 0                19 / 26               19 / 26               19 / 26          threads
[2024-03-16T13:31:03.478-0300][gc,stats    ] =========================================================================================================================================================
[2024-03-16T13:31:13.477-0300][gc,stats    ] === Garbage Collection Statistics =======================================================================================================================
[2024-03-16T13:31:13.477-0300][gc,stats    ]                                                              Last 10s              Last 10m              Last 10h                Total
[2024-03-16T13:31:13.478-0300][gc,stats    ]                                                              Avg / Max             Avg / Max             Avg / Max             Avg / Max
[2024-03-16T13:31:13.478-0300][gc,stats    ]   Collector: Garbage Collection Cycle                      0,000 / 0,000        57,394 / 67,231       57,394 / 67,231       57,394 / 67,231      ms
[2024-03-16T13:31:13.478-0300][gc,stats    ]  Contention: Mark Segment Reset Contention                     0 / 0                 0 / 1                 0 / 1                 0 / 1           ops/s
[2024-03-16T13:31:13.478-0300][gc,stats    ]  Contention: Mark SeqNum Reset Contention                      0 / 0                 0 / 1                 0 / 1                 0 / 1           ops/s
[2024-03-16T13:31:13.478-0300][gc,stats    ]    Critical: Allocation Stall                                  0 / 0                 0 / 0                 0 / 0                 0 / 0           ops/s
[2024-03-16T13:31:13.478-0300][gc,stats    ]    Critical: Allocation Stall                              0,000 / 0,000         0,000 / 0,000         0,000 / 0,000         0,000 / 0,000       ms
[2024-03-16T13:31:13.478-0300][gc,stats    ]    Critical: GC Locker Stall                                   0 / 0                 0 / 0                 0 / 0                 0 / 0           ops/s
[2024-03-16T13:31:13.478-0300][gc,stats    ]    Critical: GC Locker Stall                               0,000 / 0,000         0,000 / 0,000         0,000 / 0,000         0,000 / 0,000       ms
[2024-03-16T13:31:13.478-0300][gc,stats    ]    Critical: Relocation Stall                                  0 / 0                 0 / 0                 0 / 0                 0 / 0           ops/s
[2024-03-16T13:31:13.478-0300][gc,stats    ]    Critical: Relocation Stall                              0,000 / 0,000         0,000 / 0,000         0,000 / 0,000         0,000 / 0,000       ms
[2024-03-16T13:31:13.478-0300][gc,stats    ]      Memory: Allocation Rate                                   0 / 0                 4 / 164               4 / 164               4 / 164         MB/s
[2024-03-16T13:31:13.478-0300][gc,stats    ]      Memory: Defragment                                        0 / 0                 0 / 0                 0 / 0                 0 / 0           ops/s
[2024-03-16T13:31:13.478-0300][gc,stats    ]      Memory: Out Of Memory                                     0 / 0                 0 / 0                 0 / 0                 0 / 0           ops/s
[2024-03-16T13:31:13.478-0300][gc,stats    ]      Memory: Page Cache Flush                                  0 / 0                 0 / 0                 0 / 0                 0 / 0           MB/s
[2024-03-16T13:31:13.478-0300][gc,stats    ]      Memory: Page Cache Hit L1                                 0 / 0                 1 / 82                1 / 82                1 / 82          ops/s
[2024-03-16T13:31:13.478-0300][gc,stats    ]      Memory: Page Cache Hit L2                                 0 / 0                 0 / 0                 0 / 0                 0 / 0           ops/s
[2024-03-16T13:31:13.478-0300][gc,stats    ]      Memory: Page Cache Hit L3                                 0 / 0                 0 / 65                0 / 65                0 / 65          ops/s
[2024-03-16T13:31:13.478-0300][gc,stats    ]      Memory: Page Cache Miss                                   0 / 0                 0 / 45                0 / 45                0 / 45          ops/s
[2024-03-16T13:31:13.478-0300][gc,stats    ]      Memory: Uncommit                                          0 / 0                 0 / 0                 0 / 0                 0 / 0           MB/s
[2024-03-16T13:31:13.478-0300][gc,stats    ]      Memory: Undo Object Allocation Failed                     0 / 0                 0 / 0                 0 / 0                 0 / 0           ops/s
[2024-03-16T13:31:13.478-0300][gc,stats    ]      Memory: Undo Object Allocation Succeeded                  0 / 0                 0 / 9                 0 / 9                 0 / 9           ops/s
[2024-03-16T13:31:13.478-0300][gc,stats    ]      Memory: Undo Page Allocation                              0 / 0                 0 / 0                 0 / 0                 0 / 0           ops/s
[2024-03-16T13:31:13.478-0300][gc,stats    ]       Phase: Concurrent Mark                               0,000 / 0,000        27,280 / 30,884       27,280 / 30,884       27,280 / 30,884      ms
[2024-03-16T13:31:13.478-0300][gc,stats    ]       Phase: Concurrent Mark Continue                      0,000 / 0,000         0,000 / 0,000         0,000 / 0,000         0,000 / 0,000       ms
[2024-03-16T13:31:13.478-0300][gc,stats    ]       Phase: Concurrent Mark Free                          0,000 / 0,000         0,000 / 0,000         0,000 / 0,000         0,000 / 0,000       ms
[2024-03-16T13:31:13.478-0300][gc,stats    ]       Phase: Concurrent Process Non-Strong References      0,000 / 0,000         5,572 / 7,253         5,572 / 7,253         5,572 / 7,253       ms
[2024-03-16T13:31:13.478-0300][gc,stats    ]       Phase: Concurrent Relocate                           0,000 / 0,000         8,047 / 10,484        8,047 / 10,484        8,047 / 10,484      ms
[2024-03-16T13:31:13.478-0300][gc,stats    ]       Phase: Concurrent Reset Relocation Set               0,000 / 0,000         0,007 / 0,014         0,007 / 0,014         0,007 / 0,014       ms
[2024-03-16T13:31:13.478-0300][gc,stats    ]       Phase: Concurrent Select Relocation Set              0,000 / 0,000         4,456 / 5,773         4,456 / 5,773         4,456 / 5,773       ms
[2024-03-16T13:31:13.478-0300][gc,stats    ]       Phase: Pause Mark End                                0,000 / 0,000         0,009 / 0,009         0,009 / 0,009         0,009 / 0,009       ms
[2024-03-16T13:31:13.478-0300][gc,stats    ]       Phase: Pause Mark Start                              0,000 / 0,000         0,012 / 0,018         0,012 / 0,018         0,012 / 0,018       ms
[2024-03-16T13:31:13.478-0300][gc,stats    ]       Phase: Pause Relocate Start                          0,000 / 0,000         0,006 / 0,007         0,006 / 0,007         0,006 / 0,007       ms
[2024-03-16T13:31:13.478-0300][gc,stats    ]    Subphase: Concurrent Classes Purge                      0,000 / 0,000         0,834 / 1,163         0,834 / 1,163         0,834 / 1,163       ms
[2024-03-16T13:31:13.478-0300][gc,stats    ]    Subphase: Concurrent Classes Unlink                     0,000 / 0,000         3,618 / 4,719         3,618 / 4,719         3,618 / 4,719       ms
[2024-03-16T13:31:13.478-0300][gc,stats    ]    Subphase: Concurrent Mark                               0,000 / 0,000        26,131 / 29,778       26,131 / 29,778       26,131 / 29,778      ms
[2024-03-16T13:31:13.478-0300][gc,stats    ]    Subphase: Concurrent Mark Try Flush                     0,000 / 0,000         0,062 / 0,128         0,062 / 0,128         0,062 / 0,128       ms
[2024-03-16T13:31:13.478-0300][gc,stats    ]    Subphase: Concurrent Mark Try Terminate                 0,000 / 0,000         0,543 / 1,085         0,543 / 1,085         0,543 / 1,085       ms
[2024-03-16T13:31:13.478-0300][gc,stats    ]    Subphase: Concurrent References Enqueue                 0,000 / 0,000         0,005 / 0,007         0,005 / 0,007         0,005 / 0,007       ms
[2024-03-16T13:31:13.478-0300][gc,stats    ]    Subphase: Concurrent References Process                 0,000 / 0,000         0,387 / 0,418         0,387 / 0,418         0,387 / 0,418       ms
[2024-03-16T13:31:13.479-0300][gc,stats    ]    Subphase: Concurrent Roots ClassLoaderDataGraph         0,000 / 0,000         0,168 / 0,393         0,168 / 0,393         0,168 / 0,393       ms
[2024-03-16T13:31:13.479-0300][gc,stats    ]    Subphase: Concurrent Roots CodeCache                    0,000 / 0,000         0,000 / 0,000         0,000 / 0,000         0,000 / 0,000       ms
[2024-03-16T13:31:13.479-0300][gc,stats    ]    Subphase: Concurrent Roots JavaThreads                  0,000 / 0,000         0,548 / 0,933         0,548 / 0,933         0,548 / 0,933       ms
[2024-03-16T13:31:13.479-0300][gc,stats    ]    Subphase: Concurrent Roots OopStorageSet                0,000 / 0,000         0,054 / 0,092         0,054 / 0,092         0,054 / 0,092       ms
[2024-03-16T13:31:13.479-0300][gc,stats    ]    Subphase: Concurrent Weak Roots OopStorageSet           0,000 / 0,000         0,619 / 0,886         0,619 / 0,886         0,619 / 0,886       ms
[2024-03-16T13:31:13.479-0300][gc,stats    ]    Subphase: Pause Mark Try Complete                       0,000 / 0,000         0,000 / 0,000         0,000 / 0,000         0,000 / 0,000       ms
[2024-03-16T13:31:13.479-0300][gc,stats    ]      System: Java Threads                                      0 / 0                19 / 26               19 / 26               19 / 26          threads
[2024-03-16T13:31:13.479-0300][gc,stats    ] =========================================================================================================================================================
[2024-03-16T13:31:23.477-0300][gc,stats    ] === Garbage Collection Statistics =======================================================================================================================
[2024-03-16T13:31:23.478-0300][gc,stats    ]                                                              Last 10s              Last 10m              Last 10h                Total
[2024-03-16T13:31:23.478-0300][gc,stats    ]                                                              Avg / Max             Avg / Max             Avg / Max             Avg / Max
[2024-03-16T13:31:23.478-0300][gc,stats    ]   Collector: Garbage Collection Cycle                      0,000 / 0,000        57,394 / 67,231       57,394 / 67,231       57,394 / 67,231      ms
[2024-03-16T13:31:23.478-0300][gc,stats    ]  Contention: Mark Segment Reset Contention                     0 / 0                 0 / 1                 0 / 1                 0 / 1           ops/s
[2024-03-16T13:31:23.478-0300][gc,stats    ]  Contention: Mark SeqNum Reset Contention                      0 / 0                 0 / 1                 0 / 1                 0 / 1           ops/s
[2024-03-16T13:31:23.478-0300][gc,stats    ]    Critical: Allocation Stall                                  0 / 0                 0 / 0                 0 / 0                 0 / 0           ops/s
[2024-03-16T13:31:23.478-0300][gc,stats    ]    Critical: Allocation Stall                              0,000 / 0,000         0,000 / 0,000         0,000 / 0,000         0,000 / 0,000       ms
[2024-03-16T13:31:23.478-0300][gc,stats    ]    Critical: GC Locker Stall                                   0 / 0                 0 / 0                 0 / 0                 0 / 0           ops/s
[2024-03-16T13:31:23.478-0300][gc,stats    ]    Critical: GC Locker Stall                               0,000 / 0,000         0,000 / 0,000         0,000 / 0,000         0,000 / 0,000       ms
[2024-03-16T13:31:23.478-0300][gc,stats    ]    Critical: Relocation Stall                                  0 / 0                 0 / 0                 0 / 0                 0 / 0           ops/s
[2024-03-16T13:31:23.478-0300][gc,stats    ]    Critical: Relocation Stall                              0,000 / 0,000         0,000 / 0,000         0,000 / 0,000         0,000 / 0,000       ms
[2024-03-16T13:31:23.478-0300][gc,stats    ]      Memory: Allocation Rate                                   0 / 0                 4 / 164               4 / 164               4 / 164         MB/s
[2024-03-16T13:31:23.478-0300][gc,stats    ]      Memory: Defragment                                        0 / 0                 0 / 0                 0 / 0                 0 / 0           ops/s
[2024-03-16T13:31:23.478-0300][gc,stats    ]      Memory: Out Of Memory                                     0 / 0                 0 / 0                 0 / 0                 0 / 0           ops/s
[2024-03-16T13:31:23.478-0300][gc,stats    ]      Memory: Page Cache Flush                                  0 / 0                 0 / 0                 0 / 0                 0 / 0           MB/s
[2024-03-16T13:31:23.478-0300][gc,stats    ]      Memory: Page Cache Hit L1                                 0 / 0                 1 / 82                1 / 82                1 / 82          ops/s
[2024-03-16T13:31:23.478-0300][gc,stats    ]      Memory: Page Cache Hit L2                                 0 / 0                 0 / 0                 0 / 0                 0 / 0           ops/s
[2024-03-16T13:31:23.478-0300][gc,stats    ]      Memory: Page Cache Hit L3                                 0 / 0                 0 / 65                0 / 65                0 / 65          ops/s
[2024-03-16T13:31:23.478-0300][gc,stats    ]      Memory: Page Cache Miss                                   0 / 0                 0 / 45                0 / 45                0 / 45          ops/s
[2024-03-16T13:31:23.478-0300][gc,stats    ]      Memory: Uncommit                                          0 / 0                 0 / 0                 0 / 0                 0 / 0           MB/s
[2024-03-16T13:31:23.478-0300][gc,stats    ]      Memory: Undo Object Allocation Failed                     0 / 0                 0 / 0                 0 / 0                 0 / 0           ops/s
[2024-03-16T13:31:23.478-0300][gc,stats    ]      Memory: Undo Object Allocation Succeeded                  0 / 0                 0 / 9                 0 / 9                 0 / 9           ops/s
[2024-03-16T13:31:23.478-0300][gc,stats    ]      Memory: Undo Page Allocation                              0 / 0                 0 / 0                 0 / 0                 0 / 0           ops/s
[2024-03-16T13:31:23.479-0300][gc,stats    ]       Phase: Concurrent Mark                               0,000 / 0,000        27,280 / 30,884       27,280 / 30,884       27,280 / 30,884      ms
[2024-03-16T13:31:23.479-0300][gc,stats    ]       Phase: Concurrent Mark Continue                      0,000 / 0,000         0,000 / 0,000         0,000 / 0,000         0,000 / 0,000       ms
[2024-03-16T13:31:23.479-0300][gc,stats    ]       Phase: Concurrent Mark Free                          0,000 / 0,000         0,000 / 0,000         0,000 / 0,000         0,000 / 0,000       ms
[2024-03-16T13:31:23.479-0300][gc,stats    ]       Phase: Concurrent Process Non-Strong References      0,000 / 0,000         5,572 / 7,253         5,572 / 7,253         5,572 / 7,253       ms
[2024-03-16T13:31:23.479-0300][gc,stats    ]       Phase: Concurrent Relocate                           0,000 / 0,000         8,047 / 10,484        8,047 / 10,484        8,047 / 10,484      ms
[2024-03-16T13:31:23.479-0300][gc,stats    ]       Phase: Concurrent Reset Relocation Set               0,000 / 0,000         0,007 / 0,014         0,007 / 0,014         0,007 / 0,014       ms
[2024-03-16T13:31:23.479-0300][gc,stats    ]       Phase: Concurrent Select Relocation Set              0,000 / 0,000         4,456 / 5,773         4,456 / 5,773         4,456 / 5,773       ms
[2024-03-16T13:31:23.479-0300][gc,stats    ]       Phase: Pause Mark End                                0,000 / 0,000         0,009 / 0,009         0,009 / 0,009         0,009 / 0,009       ms
[2024-03-16T13:31:23.479-0300][gc,stats    ]       Phase: Pause Mark Start                              0,000 / 0,000         0,012 / 0,018         0,012 / 0,018         0,012 / 0,018       ms
[2024-03-16T13:31:23.479-0300][gc,stats    ]       Phase: Pause Relocate Start                          0,000 / 0,000         0,006 / 0,007         0,006 / 0,007         0,006 / 0,007       ms
[2024-03-16T13:31:23.479-0300][gc,stats    ]    Subphase: Concurrent Classes Purge                      0,000 / 0,000         0,834 / 1,163         0,834 / 1,163         0,834 / 1,163       ms
[2024-03-16T13:31:23.479-0300][gc,stats    ]    Subphase: Concurrent Classes Unlink                     0,000 / 0,000         3,618 / 4,719         3,618 / 4,719         3,618 / 4,719       ms
[2024-03-16T13:31:23.479-0300][gc,stats    ]    Subphase: Concurrent Mark                               0,000 / 0,000        26,131 / 29,778       26,131 / 29,778       26,131 / 29,778      ms
[2024-03-16T13:31:23.479-0300][gc,stats    ]    Subphase: Concurrent Mark Try Flush                     0,000 / 0,000         0,062 / 0,128         0,062 / 0,128         0,062 / 0,128       ms
[2024-03-16T13:31:23.479-0300][gc,stats    ]    Subphase: Concurrent Mark Try Terminate                 0,000 / 0,000         0,543 / 1,085         0,543 / 1,085         0,543 / 1,085       ms
[2024-03-16T13:31:23.479-0300][gc,stats    ]    Subphase: Concurrent References Enqueue                 0,000 / 0,000         0,005 / 0,007         0,005 / 0,007         0,005 / 0,007       ms
[2024-03-16T13:31:23.479-0300][gc,stats    ]    Subphase: Concurrent References Process                 0,000 / 0,000         0,387 / 0,418         0,387 / 0,418         0,387 / 0,418       ms
[2024-03-16T13:31:23.479-0300][gc,stats    ]    Subphase: Concurrent Roots ClassLoaderDataGraph         0,000 / 0,000         0,168 / 0,393         0,168 / 0,393         0,168 / 0,393       ms
[2024-03-16T13:31:23.479-0300][gc,stats    ]    Subphase: Concurrent Roots CodeCache                    0,000 / 0,000         0,000 / 0,000         0,000 / 0,000         0,000 / 0,000       ms
[2024-03-16T13:31:23.479-0300][gc,stats    ]    Subphase: Concurrent Roots JavaThreads                  0,000 / 0,000         0,548 / 0,933         0,548 / 0,933         0,548 / 0,933       ms
[2024-03-16T13:31:23.479-0300][gc,stats    ]    Subphase: Concurrent Roots OopStorageSet                0,000 / 0,000         0,054 / 0,092         0,054 / 0,092         0,054 / 0,092       ms
[2024-03-16T13:31:23.479-0300][gc,stats    ]    Subphase: Concurrent Weak Roots OopStorageSet           0,000 / 0,000         0,619 / 0,886         0,619 / 0,886         0,619 / 0,886       ms
[2024-03-16T13:31:23.480-0300][gc,stats    ]    Subphase: Pause Mark Try Complete                       0,000 / 0,000         0,000 / 0,000         0,000 / 0,000         0,000 / 0,000       ms
[2024-03-16T13:31:23.480-0300][gc,stats    ]      System: Java Threads                                      0 / 0                19 / 26               19 / 26               19 / 26          threads
[2024-03-16T13:31:23.480-0300][gc,stats    ] =========================================================================================================================================================
[2024-03-16T13:31:33.477-0300][gc,stats    ] === Garbage Collection Statistics =======================================================================================================================
[2024-03-16T13:31:33.478-0300][gc,stats    ]                                                              Last 10s              Last 10m              Last 10h                Total
[2024-03-16T13:31:33.478-0300][gc,stats    ]                                                              Avg / Max             Avg / Max             Avg / Max             Avg / Max
[2024-03-16T13:31:33.478-0300][gc,stats    ]   Collector: Garbage Collection Cycle                      0,000 / 0,000        57,394 / 67,231       57,394 / 67,231       57,394 / 67,231      ms
[2024-03-16T13:31:33.478-0300][gc,stats    ]  Contention: Mark Segment Reset Contention                     0 / 0                 0 / 1                 0 / 1                 0 / 1           ops/s
[2024-03-16T13:31:33.478-0300][gc,stats    ]  Contention: Mark SeqNum Reset Contention                      0 / 0                 0 / 1                 0 / 1                 0 / 1           ops/s
[2024-03-16T13:31:33.478-0300][gc,stats    ]    Critical: Allocation Stall                                  0 / 0                 0 / 0                 0 / 0                 0 / 0           ops/s
[2024-03-16T13:31:33.478-0300][gc,stats    ]    Critical: Allocation Stall                              0,000 / 0,000         0,000 / 0,000         0,000 / 0,000         0,000 / 0,000       ms
[2024-03-16T13:31:33.478-0300][gc,stats    ]    Critical: GC Locker Stall                                   0 / 0                 0 / 0                 0 / 0                 0 / 0           ops/s
[2024-03-16T13:31:33.478-0300][gc,stats    ]    Critical: GC Locker Stall                               0,000 / 0,000         0,000 / 0,000         0,000 / 0,000         0,000 / 0,000       ms
[2024-03-16T13:31:33.478-0300][gc,stats    ]    Critical: Relocation Stall                                  0 / 0                 0 / 0                 0 / 0                 0 / 0           ops/s
[2024-03-16T13:31:33.478-0300][gc,stats    ]    Critical: Relocation Stall                              0,000 / 0,000         0,000 / 0,000         0,000 / 0,000         0,000 / 0,000       ms
[2024-03-16T13:31:33.478-0300][gc,stats    ]      Memory: Allocation Rate                                   0 / 0                 4 / 164               4 / 164               4 / 164         MB/s
[2024-03-16T13:31:33.478-0300][gc,stats    ]      Memory: Defragment                                        0 / 0                 0 / 0                 0 / 0                 0 / 0           ops/s
[2024-03-16T13:31:33.478-0300][gc,stats    ]      Memory: Out Of Memory                                     0 / 0                 0 / 0                 0 / 0                 0 / 0           ops/s
[2024-03-16T13:31:33.478-0300][gc,stats    ]      Memory: Page Cache Flush                                  0 / 0                 0 / 0                 0 / 0                 0 / 0           MB/s
[2024-03-16T13:31:33.478-0300][gc,stats    ]      Memory: Page Cache Hit L1                                 0 / 0                 1 / 82                1 / 82                1 / 82          ops/s
[2024-03-16T13:31:33.478-0300][gc,stats    ]      Memory: Page Cache Hit L2                                 0 / 0                 0 / 0                 0 / 0                 0 / 0           ops/s
[2024-03-16T13:31:33.478-0300][gc,stats    ]      Memory: Page Cache Hit L3                                 0 / 0                 0 / 65                0 / 65                0 / 65          ops/s
[2024-03-16T13:31:33.478-0300][gc,stats    ]      Memory: Page Cache Miss                                   0 / 0                 0 / 45                0 / 45                0 / 45          ops/s
[2024-03-16T13:31:33.478-0300][gc,stats    ]      Memory: Uncommit                                          0 / 0                 0 / 0                 0 / 0                 0 / 0           MB/s
[2024-03-16T13:31:33.478-0300][gc,stats    ]      Memory: Undo Object Allocation Failed                     0 / 0                 0 / 0                 0 / 0                 0 / 0           ops/s
[2024-03-16T13:31:33.478-0300][gc,stats    ]      Memory: Undo Object Allocation Succeeded                  0 / 0                 0 / 9                 0 / 9                 0 / 9           ops/s
[2024-03-16T13:31:33.478-0300][gc,stats    ]      Memory: Undo Page Allocation                              0 / 0                 0 / 0                 0 / 0                 0 / 0           ops/s
[2024-03-16T13:31:33.478-0300][gc,stats    ]       Phase: Concurrent Mark                               0,000 / 0,000        27,280 / 30,884       27,280 / 30,884       27,280 / 30,884      ms
[2024-03-16T13:31:33.478-0300][gc,stats    ]       Phase: Concurrent Mark Continue                      0,000 / 0,000         0,000 / 0,000         0,000 / 0,000         0,000 / 0,000       ms
[2024-03-16T13:31:33.479-0300][gc,stats    ]       Phase: Concurrent Mark Free                          0,000 / 0,000         0,000 / 0,000         0,000 / 0,000         0,000 / 0,000       ms
[2024-03-16T13:31:33.479-0300][gc,stats    ]       Phase: Concurrent Process Non-Strong References      0,000 / 0,000         5,572 / 7,253         5,572 / 7,253         5,572 / 7,253       ms
[2024-03-16T13:31:33.479-0300][gc,stats    ]       Phase: Concurrent Relocate                           0,000 / 0,000         8,047 / 10,484        8,047 / 10,484        8,047 / 10,484      ms
[2024-03-16T13:31:33.479-0300][gc,stats    ]       Phase: Concurrent Reset Relocation Set               0,000 / 0,000         0,007 / 0,014         0,007 / 0,014         0,007 / 0,014       ms
[2024-03-16T13:31:33.479-0300][gc,stats    ]       Phase: Concurrent Select Relocation Set              0,000 / 0,000         4,456 / 5,773         4,456 / 5,773         4,456 / 5,773       ms
[2024-03-16T13:31:33.479-0300][gc,stats    ]       Phase: Pause Mark End                                0,000 / 0,000         0,009 / 0,009         0,009 / 0,009         0,009 / 0,009       ms
[2024-03-16T13:31:33.479-0300][gc,stats    ]       Phase: Pause Mark Start                              0,000 / 0,000         0,012 / 0,018         0,012 / 0,018         0,012 / 0,018       ms
[2024-03-16T13:31:33.479-0300][gc,stats    ]       Phase: Pause Relocate Start                          0,000 / 0,000         0,006 / 0,007         0,006 / 0,007         0,006 / 0,007       ms
[2024-03-16T13:31:33.479-0300][gc,stats    ]    Subphase: Concurrent Classes Purge                      0,000 / 0,000         0,834 / 1,163         0,834 / 1,163         0,834 / 1,163       ms
[2024-03-16T13:31:33.479-0300][gc,stats    ]    Subphase: Concurrent Classes Unlink                     0,000 / 0,000         3,618 / 4,719         3,618 / 4,719         3,618 / 4,719       ms
[2024-03-16T13:31:33.479-0300][gc,stats    ]    Subphase: Concurrent Mark                               0,000 / 0,000        26,131 / 29,778       26,131 / 29,778       26,131 / 29,778      ms
[2024-03-16T13:31:33.479-0300][gc,stats    ]    Subphase: Concurrent Mark Try Flush                     0,000 / 0,000         0,062 / 0,128         0,062 / 0,128         0,062 / 0,128       ms
[2024-03-16T13:31:33.479-0300][gc,stats    ]    Subphase: Concurrent Mark Try Terminate                 0,000 / 0,000         0,543 / 1,085         0,543 / 1,085         0,543 / 1,085       ms
[2024-03-16T13:31:33.479-0300][gc,stats    ]    Subphase: Concurrent References Enqueue                 0,000 / 0,000         0,005 / 0,007         0,005 / 0,007         0,005 / 0,007       ms
[2024-03-16T13:31:33.479-0300][gc,stats    ]    Subphase: Concurrent References Process                 0,000 / 0,000         0,387 / 0,418         0,387 / 0,418         0,387 / 0,418       ms
[2024-03-16T13:31:33.479-0300][gc,stats    ]    Subphase: Concurrent Roots ClassLoaderDataGraph         0,000 / 0,000         0,168 / 0,393         0,168 / 0,393         0,168 / 0,393       ms
[2024-03-16T13:31:33.479-0300][gc,stats    ]    Subphase: Concurrent Roots CodeCache                    0,000 / 0,000         0,000 / 0,000         0,000 / 0,000         0,000 / 0,000       ms
[2024-03-16T13:31:33.479-0300][gc,stats    ]    Subphase: Concurrent Roots JavaThreads                  0,000 / 0,000         0,548 / 0,933         0,548 / 0,933         0,548 / 0,933       ms
[2024-03-16T13:31:33.479-0300][gc,stats    ]    Subphase: Concurrent Roots OopStorageSet                0,000 / 0,000         0,054 / 0,092         0,054 / 0,092         0,054 / 0,092       ms
[2024-03-16T13:31:33.479-0300][gc,stats    ]    Subphase: Concurrent Weak Roots OopStorageSet           0,000 / 0,000         0,619 / 0,886         0,619 / 0,886         0,619 / 0,886       ms
[2024-03-16T13:31:33.479-0300][gc,stats    ]    Subphase: Pause Mark Try Complete                       0,000 / 0,000         0,000 / 0,000         0,000 / 0,000         0,000 / 0,000       ms
[2024-03-16T13:31:33.479-0300][gc,stats    ]      System: Java Threads                                      0 / 0                19 / 26               19 / 26               19 / 26          threads
[2024-03-16T13:31:33.479-0300][gc,stats    ] =========================================================================================================================================================
[2024-03-16T13:31:43.477-0300][gc,stats    ] === Garbage Collection Statistics =======================================================================================================================
[2024-03-16T13:31:43.477-0300][gc,stats    ]                                                              Last 10s              Last 10m              Last 10h                Total
[2024-03-16T13:31:43.477-0300][gc,stats    ]                                                              Avg / Max             Avg / Max             Avg / Max             Avg / Max
[2024-03-16T13:31:43.477-0300][gc,stats    ]   Collector: Garbage Collection Cycle                      0,000 / 0,000        57,394 / 67,231       57,394 / 67,231       57,394 / 67,231      ms
[2024-03-16T13:31:43.477-0300][gc,stats    ]  Contention: Mark Segment Reset Contention                     0 / 0                 0 / 1                 0 / 1                 0 / 1           ops/s
[2024-03-16T13:31:43.477-0300][gc,stats    ]  Contention: Mark SeqNum Reset Contention                      0 / 0                 0 / 1                 0 / 1                 0 / 1           ops/s
[2024-03-16T13:31:43.477-0300][gc,stats    ]    Critical: Allocation Stall                                  0 / 0                 0 / 0                 0 / 0                 0 / 0           ops/s
[2024-03-16T13:31:43.477-0300][gc,stats    ]    Critical: Allocation Stall                              0,000 / 0,000         0,000 / 0,000         0,000 / 0,000         0,000 / 0,000       ms
[2024-03-16T13:31:43.478-0300][gc,stats    ]    Critical: GC Locker Stall                                   0 / 0                 0 / 0                 0 / 0                 0 / 0           ops/s
[2024-03-16T13:31:43.478-0300][gc,stats    ]    Critical: GC Locker Stall                               0,000 / 0,000         0,000 / 0,000         0,000 / 0,000         0,000 / 0,000       ms
[2024-03-16T13:31:43.478-0300][gc,stats    ]    Critical: Relocation Stall                                  0 / 0                 0 / 0                 0 / 0                 0 / 0           ops/s
[2024-03-16T13:31:43.478-0300][gc,stats    ]    Critical: Relocation Stall                              0,000 / 0,000         0,000 / 0,000         0,000 / 0,000         0,000 / 0,000       ms
[2024-03-16T13:31:43.478-0300][gc,stats    ]      Memory: Allocation Rate                                   0 / 0                 3 / 164               3 / 164               3 / 164         MB/s
[2024-03-16T13:31:43.478-0300][gc,stats    ]      Memory: Defragment                                        0 / 0                 0 / 0                 0 / 0                 0 / 0           ops/s
[2024-03-16T13:31:43.478-0300][gc,stats    ]      Memory: Out Of Memory                                     0 / 0                 0 / 0                 0 / 0                 0 / 0           ops/s
[2024-03-16T13:31:43.478-0300][gc,stats    ]      Memory: Page Cache Flush                                  0 / 0                 0 / 0                 0 / 0                 0 / 0           MB/s
[2024-03-16T13:31:43.478-0300][gc,stats    ]      Memory: Page Cache Hit L1                                 0 / 0                 1 / 82                1 / 82                1 / 82          ops/s
[2024-03-16T13:31:43.478-0300][gc,stats    ]      Memory: Page Cache Hit L2                                 0 / 0                 0 / 0                 0 / 0                 0 / 0           ops/s
[2024-03-16T13:31:43.478-0300][gc,stats    ]      Memory: Page Cache Hit L3                                 0 / 0                 0 / 65                0 / 65                0 / 65          ops/s
[2024-03-16T13:31:43.478-0300][gc,stats    ]      Memory: Page Cache Miss                                   0 / 0                 0 / 45                0 / 45                0 / 45          ops/s
[2024-03-16T13:31:43.478-0300][gc,stats    ]      Memory: Uncommit                                          0 / 0                 0 / 0                 0 / 0                 0 / 0           MB/s
[2024-03-16T13:31:43.478-0300][gc,stats    ]      Memory: Undo Object Allocation Failed                     0 / 0                 0 / 0                 0 / 0                 0 / 0           ops/s
[2024-03-16T13:31:43.478-0300][gc,stats    ]      Memory: Undo Object Allocation Succeeded                  0 / 0                 0 / 9                 0 / 9                 0 / 9           ops/s
[2024-03-16T13:31:43.478-0300][gc,stats    ]      Memory: Undo Page Allocation                              0 / 0                 0 / 0                 0 / 0                 0 / 0           ops/s
[2024-03-16T13:31:43.478-0300][gc,stats    ]       Phase: Concurrent Mark                               0,000 / 0,000        27,280 / 30,884       27,280 / 30,884       27,280 / 30,884      ms
[2024-03-16T13:31:43.478-0300][gc,stats    ]       Phase: Concurrent Mark Continue                      0,000 / 0,000         0,000 / 0,000         0,000 / 0,000         0,000 / 0,000       ms
[2024-03-16T13:31:43.478-0300][gc,stats    ]       Phase: Concurrent Mark Free                          0,000 / 0,000         0,000 / 0,000         0,000 / 0,000         0,000 / 0,000       ms
[2024-03-16T13:31:43.478-0300][gc,stats    ]       Phase: Concurrent Process Non-Strong References      0,000 / 0,000         5,572 / 7,253         5,572 / 7,253         5,572 / 7,253       ms
[2024-03-16T13:31:43.478-0300][gc,stats    ]       Phase: Concurrent Relocate                           0,000 / 0,000         8,047 / 10,484        8,047 / 10,484        8,047 / 10,484      ms
[2024-03-16T13:31:43.478-0300][gc,stats    ]       Phase: Concurrent Reset Relocation Set               0,000 / 0,000         0,007 / 0,014         0,007 / 0,014         0,007 / 0,014       ms
[2024-03-16T13:31:43.478-0300][gc,stats    ]       Phase: Concurrent Select Relocation Set              0,000 / 0,000         4,456 / 5,773         4,456 / 5,773         4,456 / 5,773       ms
[2024-03-16T13:31:43.478-0300][gc,stats    ]       Phase: Pause Mark End                                0,000 / 0,000         0,009 / 0,009         0,009 / 0,009         0,009 / 0,009       ms
[2024-03-16T13:31:43.478-0300][gc,stats    ]       Phase: Pause Mark Start                              0,000 / 0,000         0,012 / 0,018         0,012 / 0,018         0,012 / 0,018       ms
[2024-03-16T13:31:43.478-0300][gc,stats    ]       Phase: Pause Relocate Start                          0,000 / 0,000         0,006 / 0,007         0,006 / 0,007         0,006 / 0,007       ms
[2024-03-16T13:31:43.478-0300][gc,stats    ]    Subphase: Concurrent Classes Purge                      0,000 / 0,000         0,834 / 1,163         0,834 / 1,163         0,834 / 1,163       ms
[2024-03-16T13:31:43.478-0300][gc,stats    ]    Subphase: Concurrent Classes Unlink                     0,000 / 0,000         3,618 / 4,719         3,618 / 4,719         3,618 / 4,719       ms
[2024-03-16T13:31:43.478-0300][gc,stats    ]    Subphase: Concurrent Mark                               0,000 / 0,000        26,131 / 29,778       26,131 / 29,778       26,131 / 29,778      ms
[2024-03-16T13:31:43.478-0300][gc,stats    ]    Subphase: Concurrent Mark Try Flush                     0,000 / 0,000         0,062 / 0,128         0,062 / 0,128         0,062 / 0,128       ms
[2024-03-16T13:31:43.478-0300][gc,stats    ]    Subphase: Concurrent Mark Try Terminate                 0,000 / 0,000         0,543 / 1,085         0,543 / 1,085         0,543 / 1,085       ms
[2024-03-16T13:31:43.478-0300][gc,stats    ]    Subphase: Concurrent References Enqueue                 0,000 / 0,000         0,005 / 0,007         0,005 / 0,007         0,005 / 0,007       ms
[2024-03-16T13:31:43.479-0300][gc,stats    ]    Subphase: Concurrent References Process                 0,000 / 0,000         0,387 / 0,418         0,387 / 0,418         0,387 / 0,418       ms
[2024-03-16T13:31:43.479-0300][gc,stats    ]    Subphase: Concurrent Roots ClassLoaderDataGraph         0,000 / 0,000         0,168 / 0,393         0,168 / 0,393         0,168 / 0,393       ms
[2024-03-16T13:31:43.479-0300][gc,stats    ]    Subphase: Concurrent Roots CodeCache                    0,000 / 0,000         0,000 / 0,000         0,000 / 0,000         0,000 / 0,000       ms
[2024-03-16T13:31:43.479-0300][gc,stats    ]    Subphase: Concurrent Roots JavaThreads                  0,000 / 0,000         0,548 / 0,933         0,548 / 0,933         0,548 / 0,933       ms
[2024-03-16T13:31:43.479-0300][gc,stats    ]    Subphase: Concurrent Roots OopStorageSet                0,000 / 0,000         0,054 / 0,092         0,054 / 0,092         0,054 / 0,092       ms
[2024-03-16T13:31:43.479-0300][gc,stats    ]    Subphase: Concurrent Weak Roots OopStorageSet           0,000 / 0,000         0,619 / 0,886         0,619 / 0,886         0,619 / 0,886       ms
[2024-03-16T13:31:43.479-0300][gc,stats    ]    Subphase: Pause Mark Try Complete                       0,000 / 0,000         0,000 / 0,000         0,000 / 0,000         0,000 / 0,000       ms
[2024-03-16T13:31:43.479-0300][gc,stats    ]      System: Java Threads                                      0 / 0                19 / 26               19 / 26               19 / 26          threads
[2024-03-16T13:31:43.479-0300][gc,stats    ] =========================================================================================================================================================
[2024-03-16T13:31:53.477-0300][gc,stats    ] === Garbage Collection Statistics =======================================================================================================================
[2024-03-16T13:31:53.477-0300][gc,stats    ]                                                              Last 10s              Last 10m              Last 10h                Total
[2024-03-16T13:31:53.477-0300][gc,stats    ]                                                              Avg / Max             Avg / Max             Avg / Max             Avg / Max
[2024-03-16T13:31:53.477-0300][gc,stats    ]   Collector: Garbage Collection Cycle                      0,000 / 0,000        57,394 / 67,231       57,394 / 67,231       57,394 / 67,231      ms
[2024-03-16T13:31:53.477-0300][gc,stats    ]  Contention: Mark Segment Reset Contention                     0 / 0                 0 / 1                 0 / 1                 0 / 1           ops/s
[2024-03-16T13:31:53.477-0300][gc,stats    ]  Contention: Mark SeqNum Reset Contention                      0 / 0                 0 / 1                 0 / 1                 0 / 1           ops/s
[2024-03-16T13:31:53.477-0300][gc,stats    ]    Critical: Allocation Stall                                  0 / 0                 0 / 0                 0 / 0                 0 / 0           ops/s
[2024-03-16T13:31:53.477-0300][gc,stats    ]    Critical: Allocation Stall                              0,000 / 0,000         0,000 / 0,000         0,000 / 0,000         0,000 / 0,000       ms
[2024-03-16T13:31:53.477-0300][gc,stats    ]    Critical: GC Locker Stall                                   0 / 0                 0 / 0                 0 / 0                 0 / 0           ops/s
[2024-03-16T13:31:53.477-0300][gc,stats    ]    Critical: GC Locker Stall                               0,000 / 0,000         0,000 / 0,000         0,000 / 0,000         0,000 / 0,000       ms
[2024-03-16T13:31:53.477-0300][gc,stats    ]    Critical: Relocation Stall                                  0 / 0                 0 / 0                 0 / 0                 0 / 0           ops/s
[2024-03-16T13:31:53.477-0300][gc,stats    ]    Critical: Relocation Stall                              0,000 / 0,000         0,000 / 0,000         0,000 / 0,000         0,000 / 0,000       ms
[2024-03-16T13:31:53.477-0300][gc,stats    ]      Memory: Allocation Rate                                   0 / 0                 3 / 164               3 / 164               3 / 164         MB/s
[2024-03-16T13:31:53.478-0300][gc,stats    ]      Memory: Defragment                                        0 / 0                 0 / 0                 0 / 0                 0 / 0           ops/s
[2024-03-16T13:31:53.478-0300][gc,stats    ]      Memory: Out Of Memory                                     0 / 0                 0 / 0                 0 / 0                 0 / 0           ops/s
[2024-03-16T13:31:53.478-0300][gc,stats    ]      Memory: Page Cache Flush                                  0 / 0                 0 / 0                 0 / 0                 0 / 0           MB/s
[2024-03-16T13:31:53.478-0300][gc,stats    ]      Memory: Page Cache Hit L1                                 0 / 0                 0 / 82                0 / 82                0 / 82          ops/s
[2024-03-16T13:31:53.478-0300][gc,stats    ]      Memory: Page Cache Hit L2                                 0 / 0                 0 / 0                 0 / 0                 0 / 0           ops/s
[2024-03-16T13:31:53.478-0300][gc,stats    ]      Memory: Page Cache Hit L3                                 0 / 0                 0 / 65                0 / 65                0 / 65          ops/s
[2024-03-16T13:31:53.478-0300][gc,stats    ]      Memory: Page Cache Miss                                   0 / 0                 0 / 45                0 / 45                0 / 45          ops/s
[2024-03-16T13:31:53.478-0300][gc,stats    ]      Memory: Uncommit                                          0 / 0                 0 / 0                 0 / 0                 0 / 0           MB/s
[2024-03-16T13:31:53.478-0300][gc,stats    ]      Memory: Undo Object Allocation Failed                     0 / 0                 0 / 0                 0 / 0                 0 / 0           ops/s
[2024-03-16T13:31:53.478-0300][gc,stats    ]      Memory: Undo Object Allocation Succeeded                  0 / 0                 0 / 9                 0 / 9                 0 / 9           ops/s
[2024-03-16T13:31:53.478-0300][gc,stats    ]      Memory: Undo Page Allocation                              0 / 0                 0 / 0                 0 / 0                 0 / 0           ops/s
[2024-03-16T13:31:53.478-0300][gc,stats    ]       Phase: Concurrent Mark                               0,000 / 0,000        27,280 / 30,884       27,280 / 30,884       27,280 / 30,884      ms
[2024-03-16T13:31:53.478-0300][gc,stats    ]       Phase: Concurrent Mark Continue                      0,000 / 0,000         0,000 / 0,000         0,000 / 0,000         0,000 / 0,000       ms
[2024-03-16T13:31:53.478-0300][gc,stats    ]       Phase: Concurrent Mark Free                          0,000 / 0,000         0,000 / 0,000         0,000 / 0,000         0,000 / 0,000       ms
[2024-03-16T13:31:53.478-0300][gc,stats    ]       Phase: Concurrent Process Non-Strong References      0,000 / 0,000         5,572 / 7,253         5,572 / 7,253         5,572 / 7,253       ms
[2024-03-16T13:31:53.478-0300][gc,stats    ]       Phase: Concurrent Relocate                           0,000 / 0,000         8,047 / 10,484        8,047 / 10,484        8,047 / 10,484      ms
[2024-03-16T13:31:53.478-0300][gc,stats    ]       Phase: Concurrent Reset Relocation Set               0,000 / 0,000         0,007 / 0,014         0,007 / 0,014         0,007 / 0,014       ms
[2024-03-16T13:31:53.478-0300][gc,stats    ]       Phase: Concurrent Select Relocation Set              0,000 / 0,000         4,456 / 5,773         4,456 / 5,773         4,456 / 5,773       ms
[2024-03-16T13:31:53.478-0300][gc,stats    ]       Phase: Pause Mark End                                0,000 / 0,000         0,009 / 0,009         0,009 / 0,009         0,009 / 0,009       ms
[2024-03-16T13:31:53.478-0300][gc,stats    ]       Phase: Pause Mark Start                              0,000 / 0,000         0,012 / 0,018         0,012 / 0,018         0,012 / 0,018       ms
[2024-03-16T13:31:53.478-0300][gc,stats    ]       Phase: Pause Relocate Start                          0,000 / 0,000         0,006 / 0,007         0,006 / 0,007         0,006 / 0,007       ms
[2024-03-16T13:31:53.478-0300][gc,stats    ]    Subphase: Concurrent Classes Purge                      0,000 / 0,000         0,834 / 1,163         0,834 / 1,163         0,834 / 1,163       ms
[2024-03-16T13:31:53.478-0300][gc,stats    ]    Subphase: Concurrent Classes Unlink                     0,000 / 0,000         3,618 / 4,719         3,618 / 4,719         3,618 / 4,719       ms
[2024-03-16T13:31:53.478-0300][gc,stats    ]    Subphase: Concurrent Mark                               0,000 / 0,000        26,131 / 29,778       26,131 / 29,778       26,131 / 29,778      ms
[2024-03-16T13:31:53.478-0300][gc,stats    ]    Subphase: Concurrent Mark Try Flush                     0,000 / 0,000         0,062 / 0,128         0,062 / 0,128         0,062 / 0,128       ms
[2024-03-16T13:31:53.478-0300][gc,stats    ]    Subphase: Concurrent Mark Try Terminate                 0,000 / 0,000         0,543 / 1,085         0,543 / 1,085         0,543 / 1,085       ms
[2024-03-16T13:31:53.478-0300][gc,stats    ]    Subphase: Concurrent References Enqueue                 0,000 / 0,000         0,005 / 0,007         0,005 / 0,007         0,005 / 0,007       ms
[2024-03-16T13:31:53.478-0300][gc,stats    ]    Subphase: Concurrent References Process                 0,000 / 0,000         0,387 / 0,418         0,387 / 0,418         0,387 / 0,418       ms
[2024-03-16T13:31:53.478-0300][gc,stats    ]    Subphase: Concurrent Roots ClassLoaderDataGraph         0,000 / 0,000         0,168 / 0,393         0,168 / 0,393         0,168 / 0,393       ms
[2024-03-16T13:31:53.478-0300][gc,stats    ]    Subphase: Concurrent Roots CodeCache                    0,000 / 0,000         0,000 / 0,000         0,000 / 0,000         0,000 / 0,000       ms
[2024-03-16T13:31:53.478-0300][gc,stats    ]    Subphase: Concurrent Roots JavaThreads                  0,000 / 0,000         0,548 / 0,933         0,548 / 0,933         0,548 / 0,933       ms
[2024-03-16T13:31:53.478-0300][gc,stats    ]    Subphase: Concurrent Roots OopStorageSet                0,000 / 0,000         0,054 / 0,092         0,054 / 0,092         0,054 / 0,092       ms
[2024-03-16T13:31:53.478-0300][gc,stats    ]    Subphase: Concurrent Weak Roots OopStorageSet           0,000 / 0,000         0,619 / 0,886         0,619 / 0,886         0,619 / 0,886       ms
[2024-03-16T13:31:53.478-0300][gc,stats    ]    Subphase: Pause Mark Try Complete                       0,000 / 0,000         0,000 / 0,000         0,000 / 0,000         0,000 / 0,000       ms
[2024-03-16T13:31:53.478-0300][gc,stats    ]      System: Java Threads                                      0 / 0                19 / 26               19 / 26               19 / 26          threads
[2024-03-16T13:31:53.478-0300][gc,stats    ] =========================================================================================================================================================
[2024-03-16T13:32:03.477-0300][gc,stats    ] === Garbage Collection Statistics =======================================================================================================================
[2024-03-16T13:32:03.477-0300][gc,stats    ]                                                              Last 10s              Last 10m              Last 10h                Total
[2024-03-16T13:32:03.477-0300][gc,stats    ]                                                              Avg / Max             Avg / Max             Avg / Max             Avg / Max
[2024-03-16T13:32:03.477-0300][gc,stats    ]   Collector: Garbage Collection Cycle                      0,000 / 0,000        57,394 / 67,231       57,394 / 67,231       57,394 / 67,231      ms
[2024-03-16T13:32:03.477-0300][gc,stats    ]  Contention: Mark Segment Reset Contention                     0 / 0                 0 / 1                 0 / 1                 0 / 1           ops/s
[2024-03-16T13:32:03.477-0300][gc,stats    ]  Contention: Mark SeqNum Reset Contention                      0 / 0                 0 / 1                 0 / 1                 0 / 1           ops/s
[2024-03-16T13:32:03.477-0300][gc,stats    ]    Critical: Allocation Stall                                  0 / 0                 0 / 0                 0 / 0                 0 / 0           ops/s
[2024-03-16T13:32:03.477-0300][gc,stats    ]    Critical: Allocation Stall                              0,000 / 0,000         0,000 / 0,000         0,000 / 0,000         0,000 / 0,000       ms
[2024-03-16T13:32:03.477-0300][gc,stats    ]    Critical: GC Locker Stall                                   0 / 0                 0 / 0                 0 / 0                 0 / 0           ops/s
[2024-03-16T13:32:03.477-0300][gc,stats    ]    Critical: GC Locker Stall                               0,000 / 0,000         0,000 / 0,000         0,000 / 0,000         0,000 / 0,000       ms
[2024-03-16T13:32:03.477-0300][gc,stats    ]    Critical: Relocation Stall                                  0 / 0                 0 / 0                 0 / 0                 0 / 0           ops/s
[2024-03-16T13:32:03.477-0300][gc,stats    ]    Critical: Relocation Stall                              0,000 / 0,000         0,000 / 0,000         0,000 / 0,000         0,000 / 0,000       ms
[2024-03-16T13:32:03.477-0300][gc,stats    ]      Memory: Allocation Rate                                   0 / 0                 3 / 164               3 / 164               3 / 164         MB/s
[2024-03-16T13:32:03.477-0300][gc,stats    ]      Memory: Defragment                                        0 / 0                 0 / 0                 0 / 0                 0 / 0           ops/s
[2024-03-16T13:32:03.477-0300][gc,stats    ]      Memory: Out Of Memory                                     0 / 0                 0 / 0                 0 / 0                 0 / 0           ops/s
[2024-03-16T13:32:03.477-0300][gc,stats    ]      Memory: Page Cache Flush                                  0 / 0                 0 / 0                 0 / 0                 0 / 0           MB/s
[2024-03-16T13:32:03.477-0300][gc,stats    ]      Memory: Page Cache Hit L1                                 0 / 0                 0 / 82                0 / 82                0 / 82          ops/s
[2024-03-16T13:32:03.477-0300][gc,stats    ]      Memory: Page Cache Hit L2                                 0 / 0                 0 / 0                 0 / 0                 0 / 0           ops/s
[2024-03-16T13:32:03.477-0300][gc,stats    ]      Memory: Page Cache Hit L3                                 0 / 0                 0 / 65                0 / 65                0 / 65          ops/s
[2024-03-16T13:32:03.477-0300][gc,stats    ]      Memory: Page Cache Miss                                   0 / 0                 0 / 45                0 / 45                0 / 45          ops/s
[2024-03-16T13:32:03.477-0300][gc,stats    ]      Memory: Uncommit                                          0 / 0                 0 / 0                 0 / 0                 0 / 0           MB/s
[2024-03-16T13:32:03.477-0300][gc,stats    ]      Memory: Undo Object Allocation Failed                     0 / 0                 0 / 0                 0 / 0                 0 / 0           ops/s
[2024-03-16T13:32:03.477-0300][gc,stats    ]      Memory: Undo Object Allocation Succeeded                  0 / 0                 0 / 9                 0 / 9                 0 / 9           ops/s
[2024-03-16T13:32:03.477-0300][gc,stats    ]      Memory: Undo Page Allocation                              0 / 0                 0 / 0                 0 / 0                 0 / 0           ops/s
[2024-03-16T13:32:03.477-0300][gc,stats    ]       Phase: Concurrent Mark                               0,000 / 0,000        27,280 / 30,884       27,280 / 30,884       27,280 / 30,884      ms
[2024-03-16T13:32:03.477-0300][gc,stats    ]       Phase: Concurrent Mark Continue                      0,000 / 0,000         0,000 / 0,000         0,000 / 0,000         0,000 / 0,000       ms
[2024-03-16T13:32:03.477-0300][gc,stats    ]       Phase: Concurrent Mark Free                          0,000 / 0,000         0,000 / 0,000         0,000 / 0,000         0,000 / 0,000       ms
[2024-03-16T13:32:03.477-0300][gc,stats    ]       Phase: Concurrent Process Non-Strong References      0,000 / 0,000         5,572 / 7,253         5,572 / 7,253         5,572 / 7,253       ms
[2024-03-16T13:32:03.477-0300][gc,stats    ]       Phase: Concurrent Relocate                           0,000 / 0,000         8,047 / 10,484        8,047 / 10,484        8,047 / 10,484      ms
[2024-03-16T13:32:03.477-0300][gc,stats    ]       Phase: Concurrent Reset Relocation Set               0,000 / 0,000         0,007 / 0,014         0,007 / 0,014         0,007 / 0,014       ms
[2024-03-16T13:32:03.477-0300][gc,stats    ]       Phase: Concurrent Select Relocation Set              0,000 / 0,000         4,456 / 5,773         4,456 / 5,773         4,456 / 5,773       ms
[2024-03-16T13:32:03.477-0300][gc,stats    ]       Phase: Pause Mark End                                0,000 / 0,000         0,009 / 0,009         0,009 / 0,009         0,009 / 0,009       ms
[2024-03-16T13:32:03.477-0300][gc,stats    ]       Phase: Pause Mark Start                              0,000 / 0,000         0,012 / 0,018         0,012 / 0,018         0,012 / 0,018       ms
[2024-03-16T13:32:03.477-0300][gc,stats    ]       Phase: Pause Relocate Start                          0,000 / 0,000         0,006 / 0,007         0,006 / 0,007         0,006 / 0,007       ms
[2024-03-16T13:32:03.477-0300][gc,stats    ]    Subphase: Concurrent Classes Purge                      0,000 / 0,000         0,834 / 1,163         0,834 / 1,163         0,834 / 1,163       ms
[2024-03-16T13:32:03.477-0300][gc,stats    ]    Subphase: Concurrent Classes Unlink                     0,000 / 0,000         3,618 / 4,719         3,618 / 4,719         3,618 / 4,719       ms
[2024-03-16T13:32:03.477-0300][gc,stats    ]    Subphase: Concurrent Mark                               0,000 / 0,000        26,131 / 29,778       26,131 / 29,778       26,131 / 29,778      ms
[2024-03-16T13:32:03.477-0300][gc,stats    ]    Subphase: Concurrent Mark Try Flush                     0,000 / 0,000         0,062 / 0,128         0,062 / 0,128         0,062 / 0,128       ms
[2024-03-16T13:32:03.477-0300][gc,stats    ]    Subphase: Concurrent Mark Try Terminate                 0,000 / 0,000         0,543 / 1,085         0,543 / 1,085         0,543 / 1,085       ms
[2024-03-16T13:32:03.477-0300][gc,stats    ]    Subphase: Concurrent References Enqueue                 0,000 / 0,000         0,005 / 0,007         0,005 / 0,007         0,005 / 0,007       ms
[2024-03-16T13:32:03.477-0300][gc,stats    ]    Subphase: Concurrent References Process                 0,000 / 0,000         0,387 / 0,418         0,387 / 0,418         0,387 / 0,418       ms
[2024-03-16T13:32:03.477-0300][gc,stats    ]    Subphase: Concurrent Roots ClassLoaderDataGraph         0,000 / 0,000         0,168 / 0,393         0,168 / 0,393         0,168 / 0,393       ms
[2024-03-16T13:32:03.477-0300][gc,stats    ]    Subphase: Concurrent Roots CodeCache                    0,000 / 0,000         0,000 / 0,000         0,000 / 0,000         0,000 / 0,000       ms
[2024-03-16T13:32:03.477-0300][gc,stats    ]    Subphase: Concurrent Roots JavaThreads                  0,000 / 0,000         0,548 / 0,933         0,548 / 0,933         0,548 / 0,933       ms
[2024-03-16T13:32:03.477-0300][gc,stats    ]    Subphase: Concurrent Roots OopStorageSet                0,000 / 0,000         0,054 / 0,092         0,054 / 0,092         0,054 / 0,092       ms
[2024-03-16T13:32:03.477-0300][gc,stats    ]    Subphase: Concurrent Weak Roots OopStorageSet           0,000 / 0,000         0,619 / 0,886         0,619 / 0,886         0,619 / 0,886       ms
[2024-03-16T13:32:03.477-0300][gc,stats    ]    Subphase: Pause Mark Try Complete                       0,000 / 0,000         0,000 / 0,000         0,000 / 0,000         0,000 / 0,000       ms
[2024-03-16T13:32:03.477-0300][gc,stats    ]      System: Java Threads                                      0 / 0                19 / 26               19 / 26               19 / 26          threads
[2024-03-16T13:32:03.477-0300][gc,stats    ] =========================================================================================================================================================
[2024-03-16T13:32:13.477-0300][gc,stats    ] === Garbage Collection Statistics =======================================================================================================================
[2024-03-16T13:32:13.477-0300][gc,stats    ]                                                              Last 10s              Last 10m              Last 10h                Total
[2024-03-16T13:32:13.477-0300][gc,stats    ]                                                              Avg / Max             Avg / Max             Avg / Max             Avg / Max
[2024-03-16T13:32:13.477-0300][gc,stats    ]   Collector: Garbage Collection Cycle                      0,000 / 0,000        57,394 / 67,231       57,394 / 67,231       57,394 / 67,231      ms
[2024-03-16T13:32:13.477-0300][gc,stats    ]  Contention: Mark Segment Reset Contention                     0 / 0                 0 / 1                 0 / 1                 0 / 1           ops/s
[2024-03-16T13:32:13.477-0300][gc,stats    ]  Contention: Mark SeqNum Reset Contention                      0 / 0                 0 / 1                 0 / 1                 0 / 1           ops/s
[2024-03-16T13:32:13.477-0300][gc,stats    ]    Critical: Allocation Stall                                  0 / 0                 0 / 0                 0 / 0                 0 / 0           ops/s
[2024-03-16T13:32:13.477-0300][gc,stats    ]    Critical: Allocation Stall                              0,000 / 0,000         0,000 / 0,000         0,000 / 0,000         0,000 / 0,000       ms
[2024-03-16T13:32:13.477-0300][gc,stats    ]    Critical: GC Locker Stall                                   0 / 0                 0 / 0                 0 / 0                 0 / 0           ops/s
[2024-03-16T13:32:13.477-0300][gc,stats    ]    Critical: GC Locker Stall                               0,000 / 0,000         0,000 / 0,000         0,000 / 0,000         0,000 / 0,000       ms
[2024-03-16T13:32:13.477-0300][gc,stats    ]    Critical: Relocation Stall                                  0 / 0                 0 / 0                 0 / 0                 0 / 0           ops/s
[2024-03-16T13:32:13.477-0300][gc,stats    ]    Critical: Relocation Stall                              0,000 / 0,000         0,000 / 0,000         0,000 / 0,000         0,000 / 0,000       ms
[2024-03-16T13:32:13.477-0300][gc,stats    ]      Memory: Allocation Rate                                   0 / 0                 3 / 164               3 / 164               3 / 164         MB/s
[2024-03-16T13:32:13.477-0300][gc,stats    ]      Memory: Defragment                                        0 / 0                 0 / 0                 0 / 0                 0 / 0           ops/s
[2024-03-16T13:32:13.477-0300][gc,stats    ]      Memory: Out Of Memory                                     0 / 0                 0 / 0                 0 / 0                 0 / 0           ops/s
[2024-03-16T13:32:13.477-0300][gc,stats    ]      Memory: Page Cache Flush                                  0 / 0                 0 / 0                 0 / 0                 0 / 0           MB/s
[2024-03-16T13:32:13.477-0300][gc,stats    ]      Memory: Page Cache Hit L1                                 0 / 0                 0 / 82                0 / 82                0 / 82          ops/s
[2024-03-16T13:32:13.477-0300][gc,stats    ]      Memory: Page Cache Hit L2                                 0 / 0                 0 / 0                 0 / 0                 0 / 0           ops/s
[2024-03-16T13:32:13.477-0300][gc,stats    ]      Memory: Page Cache Hit L3                                 0 / 0                 0 / 65                0 / 65                0 / 65          ops/s
[2024-03-16T13:32:13.478-0300][gc,stats    ]      Memory: Page Cache Miss                                   0 / 0                 0 / 45                0 / 45                0 / 45          ops/s
[2024-03-16T13:32:13.478-0300][gc,stats    ]      Memory: Uncommit                                          0 / 0                 0 / 0                 0 / 0                 0 / 0           MB/s
[2024-03-16T13:32:13.478-0300][gc,stats    ]      Memory: Undo Object Allocation Failed                     0 / 0                 0 / 0                 0 / 0                 0 / 0           ops/s
[2024-03-16T13:32:13.478-0300][gc,stats    ]      Memory: Undo Object Allocation Succeeded                  0 / 0                 0 / 9                 0 / 9                 0 / 9           ops/s
[2024-03-16T13:32:13.478-0300][gc,stats    ]      Memory: Undo Page Allocation                              0 / 0                 0 / 0                 0 / 0                 0 / 0           ops/s
[2024-03-16T13:32:13.478-0300][gc,stats    ]       Phase: Concurrent Mark                               0,000 / 0,000        27,280 / 30,884       27,280 / 30,884       27,280 / 30,884      ms
[2024-03-16T13:32:13.478-0300][gc,stats    ]       Phase: Concurrent Mark Continue                      0,000 / 0,000         0,000 / 0,000         0,000 / 0,000         0,000 / 0,000       ms
[2024-03-16T13:32:13.478-0300][gc,stats    ]       Phase: Concurrent Mark Free                          0,000 / 0,000         0,000 / 0,000         0,000 / 0,000         0,000 / 0,000       ms
[2024-03-16T13:32:13.478-0300][gc,stats    ]       Phase: Concurrent Process Non-Strong References      0,000 / 0,000         5,572 / 7,253         5,572 / 7,253         5,572 / 7,253       ms
[2024-03-16T13:32:13.478-0300][gc,stats    ]       Phase: Concurrent Relocate                           0,000 / 0,000         8,047 / 10,484        8,047 / 10,484        8,047 / 10,484      ms
[2024-03-16T13:32:13.478-0300][gc,stats    ]       Phase: Concurrent Reset Relocation Set               0,000 / 0,000         0,007 / 0,014         0,007 / 0,014         0,007 / 0,014       ms
[2024-03-16T13:32:13.478-0300][gc,stats    ]       Phase: Concurrent Select Relocation Set              0,000 / 0,000         4,456 / 5,773         4,456 / 5,773         4,456 / 5,773       ms
[2024-03-16T13:32:13.478-0300][gc,stats    ]       Phase: Pause Mark End                                0,000 / 0,000         0,009 / 0,009         0,009 / 0,009         0,009 / 0,009       ms
[2024-03-16T13:32:13.478-0300][gc,stats    ]       Phase: Pause Mark Start                              0,000 / 0,000         0,012 / 0,018         0,012 / 0,018         0,012 / 0,018       ms
[2024-03-16T13:32:13.478-0300][gc,stats    ]       Phase: Pause Relocate Start                          0,000 / 0,000         0,006 / 0,007         0,006 / 0,007         0,006 / 0,007       ms
[2024-03-16T13:32:13.478-0300][gc,stats    ]    Subphase: Concurrent Classes Purge                      0,000 / 0,000         0,834 / 1,163         0,834 / 1,163         0,834 / 1,163       ms
[2024-03-16T13:32:13.478-0300][gc,stats    ]    Subphase: Concurrent Classes Unlink                     0,000 / 0,000         3,618 / 4,719         3,618 / 4,719         3,618 / 4,719       ms
[2024-03-16T13:32:13.478-0300][gc,stats    ]    Subphase: Concurrent Mark                               0,000 / 0,000        26,131 / 29,778       26,131 / 29,778       26,131 / 29,778      ms
[2024-03-16T13:32:13.478-0300][gc,stats    ]    Subphase: Concurrent Mark Try Flush                     0,000 / 0,000         0,062 / 0,128         0,062 / 0,128         0,062 / 0,128       ms
[2024-03-16T13:32:13.478-0300][gc,stats    ]    Subphase: Concurrent Mark Try Terminate                 0,000 / 0,000         0,543 / 1,085         0,543 / 1,085         0,543 / 1,085       ms
[2024-03-16T13:32:13.478-0300][gc,stats    ]    Subphase: Concurrent References Enqueue                 0,000 / 0,000         0,005 / 0,007         0,005 / 0,007         0,005 / 0,007       ms
[2024-03-16T13:32:13.478-0300][gc,stats    ]    Subphase: Concurrent References Process                 0,000 / 0,000         0,387 / 0,418         0,387 / 0,418         0,387 / 0,418       ms
[2024-03-16T13:32:13.478-0300][gc,stats    ]    Subphase: Concurrent Roots ClassLoaderDataGraph         0,000 / 0,000         0,168 / 0,393         0,168 / 0,393         0,168 / 0,393       ms
[2024-03-16T13:32:13.478-0300][gc,stats    ]    Subphase: Concurrent Roots CodeCache                    0,000 / 0,000         0,000 / 0,000         0,000 / 0,000         0,000 / 0,000       ms
[2024-03-16T13:32:13.478-0300][gc,stats    ]    Subphase: Concurrent Roots JavaThreads                  0,000 / 0,000         0,548 / 0,933         0,548 / 0,933         0,548 / 0,933       ms
[2024-03-16T13:32:13.478-0300][gc,stats    ]    Subphase: Concurrent Roots OopStorageSet                0,000 / 0,000         0,054 / 0,092         0,054 / 0,092         0,054 / 0,092       ms
[2024-03-16T13:32:13.478-0300][gc,stats    ]    Subphase: Concurrent Weak Roots OopStorageSet           0,000 / 0,000         0,619 / 0,886         0,619 / 0,886         0,619 / 0,886       ms
[2024-03-16T13:32:13.478-0300][gc,stats    ]    Subphase: Pause Mark Try Complete                       0,000 / 0,000         0,000 / 0,000         0,000 / 0,000         0,000 / 0,000       ms
[2024-03-16T13:32:13.478-0300][gc,stats    ]      System: Java Threads                                      0 / 0                19 / 26               19 / 26               19 / 26          threads
[2024-03-16T13:32:13.478-0300][gc,stats    ] =========================================================================================================================================================
[2024-03-16T13:32:23.478-0300][gc,stats    ] === Garbage Collection Statistics =======================================================================================================================
[2024-03-16T13:32:23.478-0300][gc,stats    ]                                                              Last 10s              Last 10m              Last 10h                Total
[2024-03-16T13:32:23.478-0300][gc,stats    ]                                                              Avg / Max             Avg / Max             Avg / Max             Avg / Max
[2024-03-16T13:32:23.478-0300][gc,stats    ]   Collector: Garbage Collection Cycle                      0,000 / 0,000        57,394 / 67,231       57,394 / 67,231       57,394 / 67,231      ms
[2024-03-16T13:32:23.478-0300][gc,stats    ]  Contention: Mark Segment Reset Contention                     0 / 0                 0 / 1                 0 / 1                 0 / 1           ops/s
[2024-03-16T13:32:23.478-0300][gc,stats    ]  Contention: Mark SeqNum Reset Contention                      0 / 0                 0 / 1                 0 / 1                 0 / 1           ops/s
[2024-03-16T13:32:23.478-0300][gc,stats    ]    Critical: Allocation Stall                                  0 / 0                 0 / 0                 0 / 0                 0 / 0           ops/s
[2024-03-16T13:32:23.478-0300][gc,stats    ]    Critical: Allocation Stall                              0,000 / 0,000         0,000 / 0,000         0,000 / 0,000         0,000 / 0,000       ms
[2024-03-16T13:32:23.478-0300][gc,stats    ]    Critical: GC Locker Stall                                   0 / 0                 0 / 0                 0 / 0                 0 / 0           ops/s
[2024-03-16T13:32:23.478-0300][gc,stats    ]    Critical: GC Locker Stall                               0,000 / 0,000         0,000 / 0,000         0,000 / 0,000         0,000 / 0,000       ms
[2024-03-16T13:32:23.478-0300][gc,stats    ]    Critical: Relocation Stall                                  0 / 0                 0 / 0                 0 / 0                 0 / 0           ops/s
[2024-03-16T13:32:23.478-0300][gc,stats    ]    Critical: Relocation Stall                              0,000 / 0,000         0,000 / 0,000         0,000 / 0,000         0,000 / 0,000       ms
[2024-03-16T13:32:23.478-0300][gc,stats    ]      Memory: Allocation Rate                                   0 / 0                 3 / 164               3 / 164               3 / 164         MB/s
[2024-03-16T13:32:23.478-0300][gc,stats    ]      Memory: Defragment                                        0 / 0                 0 / 0                 0 / 0                 0 / 0           ops/s
[2024-03-16T13:32:23.478-0300][gc,stats    ]      Memory: Out Of Memory                                     0 / 0                 0 / 0                 0 / 0                 0 / 0           ops/s
[2024-03-16T13:32:23.478-0300][gc,stats    ]      Memory: Page Cache Flush                                  0 / 0                 0 / 0                 0 / 0                 0 / 0           MB/s
[2024-03-16T13:32:23.478-0300][gc,stats    ]      Memory: Page Cache Hit L1                                 0 / 0                 0 / 82                0 / 82                0 / 82          ops/s
[2024-03-16T13:32:23.478-0300][gc,stats    ]      Memory: Page Cache Hit L2                                 0 / 0                 0 / 0                 0 / 0                 0 / 0           ops/s
[2024-03-16T13:32:23.478-0300][gc,stats    ]      Memory: Page Cache Hit L3                                 0 / 0                 0 / 65                0 / 65                0 / 65          ops/s
[2024-03-16T13:32:23.478-0300][gc,stats    ]      Memory: Page Cache Miss                                   0 / 0                 0 / 45                0 / 45                0 / 45          ops/s
[2024-03-16T13:32:23.478-0300][gc,stats    ]      Memory: Uncommit                                          0 / 0                 0 / 0                 0 / 0                 0 / 0           MB/s
[2024-03-16T13:32:23.478-0300][gc,stats    ]      Memory: Undo Object Allocation Failed                     0 / 0                 0 / 0                 0 / 0                 0 / 0           ops/s
[2024-03-16T13:32:23.478-0300][gc,stats    ]      Memory: Undo Object Allocation Succeeded                  0 / 0                 0 / 9                 0 / 9                 0 / 9           ops/s
[2024-03-16T13:32:23.478-0300][gc,stats    ]      Memory: Undo Page Allocation                              0 / 0                 0 / 0                 0 / 0                 0 / 0           ops/s
[2024-03-16T13:32:23.478-0300][gc,stats    ]       Phase: Concurrent Mark                               0,000 / 0,000        27,280 / 30,884       27,280 / 30,884       27,280 / 30,884      ms
[2024-03-16T13:32:23.478-0300][gc,stats    ]       Phase: Concurrent Mark Continue                      0,000 / 0,000         0,000 / 0,000         0,000 / 0,000         0,000 / 0,000       ms
[2024-03-16T13:32:23.478-0300][gc,stats    ]       Phase: Concurrent Mark Free                          0,000 / 0,000         0,000 / 0,000         0,000 / 0,000         0,000 / 0,000       ms
[2024-03-16T13:32:23.478-0300][gc,stats    ]       Phase: Concurrent Process Non-Strong References      0,000 / 0,000         5,572 / 7,253         5,572 / 7,253         5,572 / 7,253       ms
[2024-03-16T13:32:23.478-0300][gc,stats    ]       Phase: Concurrent Relocate                           0,000 / 0,000         8,047 / 10,484        8,047 / 10,484        8,047 / 10,484      ms
[2024-03-16T13:32:23.478-0300][gc,stats    ]       Phase: Concurrent Reset Relocation Set               0,000 / 0,000         0,007 / 0,014         0,007 / 0,014         0,007 / 0,014       ms
[2024-03-16T13:32:23.478-0300][gc,stats    ]       Phase: Concurrent Select Relocation Set              0,000 / 0,000         4,456 / 5,773         4,456 / 5,773         4,456 / 5,773       ms
[2024-03-16T13:32:23.478-0300][gc,stats    ]       Phase: Pause Mark End                                0,000 / 0,000         0,009 / 0,009         0,009 / 0,009         0,009 / 0,009       ms
[2024-03-16T13:32:23.478-0300][gc,stats    ]       Phase: Pause Mark Start                              0,000 / 0,000         0,012 / 0,018         0,012 / 0,018         0,012 / 0,018       ms
[2024-03-16T13:32:23.478-0300][gc,stats    ]       Phase: Pause Relocate Start                          0,000 / 0,000         0,006 / 0,007         0,006 / 0,007         0,006 / 0,007       ms
[2024-03-16T13:32:23.478-0300][gc,stats    ]    Subphase: Concurrent Classes Purge                      0,000 / 0,000         0,834 / 1,163         0,834 / 1,163         0,834 / 1,163       ms
[2024-03-16T13:32:23.479-0300][gc,stats    ]    Subphase: Concurrent Classes Unlink                     0,000 / 0,000         3,618 / 4,719         3,618 / 4,719         3,618 / 4,719       ms
[2024-03-16T13:32:23.479-0300][gc,stats    ]    Subphase: Concurrent Mark                               0,000 / 0,000        26,131 / 29,778       26,131 / 29,778       26,131 / 29,778      ms
[2024-03-16T13:32:23.479-0300][gc,stats    ]    Subphase: Concurrent Mark Try Flush                     0,000 / 0,000         0,062 / 0,128         0,062 / 0,128         0,062 / 0,128       ms
[2024-03-16T13:32:23.479-0300][gc,stats    ]    Subphase: Concurrent Mark Try Terminate                 0,000 / 0,000         0,543 / 1,085         0,543 / 1,085         0,543 / 1,085       ms
[2024-03-16T13:32:23.479-0300][gc,stats    ]    Subphase: Concurrent References Enqueue                 0,000 / 0,000         0,005 / 0,007         0,005 / 0,007         0,005 / 0,007       ms
[2024-03-16T13:32:23.479-0300][gc,stats    ]    Subphase: Concurrent References Process                 0,000 / 0,000         0,387 / 0,418         0,387 / 0,418         0,387 / 0,418       ms
[2024-03-16T13:32:23.479-0300][gc,stats    ]    Subphase: Concurrent Roots ClassLoaderDataGraph         0,000 / 0,000         0,168 / 0,393         0,168 / 0,393         0,168 / 0,393       ms
[2024-03-16T13:32:23.479-0300][gc,stats    ]    Subphase: Concurrent Roots CodeCache                    0,000 / 0,000         0,000 / 0,000         0,000 / 0,000         0,000 / 0,000       ms
[2024-03-16T13:32:23.479-0300][gc,stats    ]    Subphase: Concurrent Roots JavaThreads                  0,000 / 0,000         0,548 / 0,933         0,548 / 0,933         0,548 / 0,933       ms
[2024-03-16T13:32:23.479-0300][gc,stats    ]    Subphase: Concurrent Roots OopStorageSet                0,000 / 0,000         0,054 / 0,092         0,054 / 0,092         0,054 / 0,092       ms
[2024-03-16T13:32:23.479-0300][gc,stats    ]    Subphase: Concurrent Weak Roots OopStorageSet           0,000 / 0,000         0,619 / 0,886         0,619 / 0,886         0,619 / 0,886       ms
[2024-03-16T13:32:23.479-0300][gc,stats    ]    Subphase: Pause Mark Try Complete                       0,000 / 0,000         0,000 / 0,000         0,000 / 0,000         0,000 / 0,000       ms
[2024-03-16T13:32:23.479-0300][gc,stats    ]      System: Java Threads                                      0 / 0                19 / 26               19 / 26               19 / 26          threads
[2024-03-16T13:32:23.479-0300][gc,stats    ] =========================================================================================================================================================
[2024-03-16T13:32:33.477-0300][gc,stats    ] === Garbage Collection Statistics =======================================================================================================================
[2024-03-16T13:32:33.477-0300][gc,stats    ]                                                              Last 10s              Last 10m              Last 10h                Total
[2024-03-16T13:32:33.477-0300][gc,stats    ]                                                              Avg / Max             Avg / Max             Avg / Max             Avg / Max
[2024-03-16T13:32:33.477-0300][gc,stats    ]   Collector: Garbage Collection Cycle                      0,000 / 0,000        57,394 / 67,231       57,394 / 67,231       57,394 / 67,231      ms
[2024-03-16T13:32:33.477-0300][gc,stats    ]  Contention: Mark Segment Reset Contention                     0 / 0                 0 / 1                 0 / 1                 0 / 1           ops/s
[2024-03-16T13:32:33.477-0300][gc,stats    ]  Contention: Mark SeqNum Reset Contention                      0 / 0                 0 / 1                 0 / 1                 0 / 1           ops/s
[2024-03-16T13:32:33.477-0300][gc,stats    ]    Critical: Allocation Stall                                  0 / 0                 0 / 0                 0 / 0                 0 / 0           ops/s
[2024-03-16T13:32:33.477-0300][gc,stats    ]    Critical: Allocation Stall                              0,000 / 0,000         0,000 / 0,000         0,000 / 0,000         0,000 / 0,000       ms
[2024-03-16T13:32:33.477-0300][gc,stats    ]    Critical: GC Locker Stall                                   0 / 0                 0 / 0                 0 / 0                 0 / 0           ops/s
[2024-03-16T13:32:33.477-0300][gc,stats    ]    Critical: GC Locker Stall                               0,000 / 0,000         0,000 / 0,000         0,000 / 0,000         0,000 / 0,000       ms
[2024-03-16T13:32:33.477-0300][gc,stats    ]    Critical: Relocation Stall                                  0 / 0                 0 / 0                 0 / 0                 0 / 0           ops/s
[2024-03-16T13:32:33.478-0300][gc,stats    ]    Critical: Relocation Stall                              0,000 / 0,000         0,000 / 0,000         0,000 / 0,000         0,000 / 0,000       ms
[2024-03-16T13:32:33.478-0300][gc,stats    ]      Memory: Allocation Rate                                   0 / 0                 2 / 164               2 / 164               2 / 164         MB/s
[2024-03-16T13:32:33.478-0300][gc,stats    ]      Memory: Defragment                                        0 / 0                 0 / 0                 0 / 0                 0 / 0           ops/s
[2024-03-16T13:32:33.478-0300][gc,stats    ]      Memory: Out Of Memory                                     0 / 0                 0 / 0                 0 / 0                 0 / 0           ops/s
[2024-03-16T13:32:33.478-0300][gc,stats    ]      Memory: Page Cache Flush                                  0 / 0                 0 / 0                 0 / 0                 0 / 0           MB/s
[2024-03-16T13:32:33.478-0300][gc,stats    ]      Memory: Page Cache Hit L1                                 0 / 0                 0 / 82                0 / 82                0 / 82          ops/s
[2024-03-16T13:32:33.478-0300][gc,stats    ]      Memory: Page Cache Hit L2                                 0 / 0                 0 / 0                 0 / 0                 0 / 0           ops/s
[2024-03-16T13:32:33.478-0300][gc,stats    ]      Memory: Page Cache Hit L3                                 0 / 0                 0 / 65                0 / 65                0 / 65          ops/s
[2024-03-16T13:32:33.478-0300][gc,stats    ]      Memory: Page Cache Miss                                   0 / 0                 0 / 45                0 / 45                0 / 45          ops/s
[2024-03-16T13:32:33.478-0300][gc,stats    ]      Memory: Uncommit                                          0 / 0                 0 / 0                 0 / 0                 0 / 0           MB/s
[2024-03-16T13:32:33.478-0300][gc,stats    ]      Memory: Undo Object Allocation Failed                     0 / 0                 0 / 0                 0 / 0                 0 / 0           ops/s
[2024-03-16T13:32:33.478-0300][gc,stats    ]      Memory: Undo Object Allocation Succeeded                  0 / 0                 0 / 9                 0 / 9                 0 / 9           ops/s
[2024-03-16T13:32:33.478-0300][gc,stats    ]      Memory: Undo Page Allocation                              0 / 0                 0 / 0                 0 / 0                 0 / 0           ops/s
[2024-03-16T13:32:33.478-0300][gc,stats    ]       Phase: Concurrent Mark                               0,000 / 0,000        27,280 / 30,884       27,280 / 30,884       27,280 / 30,884      ms
[2024-03-16T13:32:33.478-0300][gc,stats    ]       Phase: Concurrent Mark Continue                      0,000 / 0,000         0,000 / 0,000         0,000 / 0,000         0,000 / 0,000       ms
[2024-03-16T13:32:33.478-0300][gc,stats    ]       Phase: Concurrent Mark Free                          0,000 / 0,000         0,000 / 0,000         0,000 / 0,000         0,000 / 0,000       ms
[2024-03-16T13:32:33.478-0300][gc,stats    ]       Phase: Concurrent Process Non-Strong References      0,000 / 0,000         5,572 / 7,253         5,572 / 7,253         5,572 / 7,253       ms
[2024-03-16T13:32:33.478-0300][gc,stats    ]       Phase: Concurrent Relocate                           0,000 / 0,000         8,047 / 10,484        8,047 / 10,484        8,047 / 10,484      ms
[2024-03-16T13:32:33.478-0300][gc,stats    ]       Phase: Concurrent Reset Relocation Set               0,000 / 0,000         0,007 / 0,014         0,007 / 0,014         0,007 / 0,014       ms
[2024-03-16T13:32:33.478-0300][gc,stats    ]       Phase: Concurrent Select Relocation Set              0,000 / 0,000         4,456 / 5,773         4,456 / 5,773         4,456 / 5,773       ms
[2024-03-16T13:32:33.478-0300][gc,stats    ]       Phase: Pause Mark End                                0,000 / 0,000         0,009 / 0,009         0,009 / 0,009         0,009 / 0,009       ms
[2024-03-16T13:32:33.478-0300][gc,stats    ]       Phase: Pause Mark Start                              0,000 / 0,000         0,012 / 0,018         0,012 / 0,018         0,012 / 0,018       ms
[2024-03-16T13:32:33.478-0300][gc,stats    ]       Phase: Pause Relocate Start                          0,000 / 0,000         0,006 / 0,007         0,006 / 0,007         0,006 / 0,007       ms
[2024-03-16T13:32:33.478-0300][gc,stats    ]    Subphase: Concurrent Classes Purge                      0,000 / 0,000         0,834 / 1,163         0,834 / 1,163         0,834 / 1,163       ms
[2024-03-16T13:32:33.478-0300][gc,stats    ]    Subphase: Concurrent Classes Unlink                     0,000 / 0,000         3,618 / 4,719         3,618 / 4,719         3,618 / 4,719       ms
[2024-03-16T13:32:33.478-0300][gc,stats    ]    Subphase: Concurrent Mark                               0,000 / 0,000        26,131 / 29,778       26,131 / 29,778       26,131 / 29,778      ms
[2024-03-16T13:32:33.478-0300][gc,stats    ]    Subphase: Concurrent Mark Try Flush                     0,000 / 0,000         0,062 / 0,128         0,062 / 0,128         0,062 / 0,128       ms
[2024-03-16T13:32:33.478-0300][gc,stats    ]    Subphase: Concurrent Mark Try Terminate                 0,000 / 0,000         0,543 / 1,085         0,543 / 1,085         0,543 / 1,085       ms
[2024-03-16T13:32:33.478-0300][gc,stats    ]    Subphase: Concurrent References Enqueue                 0,000 / 0,000         0,005 / 0,007         0,005 / 0,007         0,005 / 0,007       ms
[2024-03-16T13:32:33.478-0300][gc,stats    ]    Subphase: Concurrent References Process                 0,000 / 0,000         0,387 / 0,418         0,387 / 0,418         0,387 / 0,418       ms
[2024-03-16T13:32:33.478-0300][gc,stats    ]    Subphase: Concurrent Roots ClassLoaderDataGraph         0,000 / 0,000         0,168 / 0,393         0,168 / 0,393         0,168 / 0,393       ms
[2024-03-16T13:32:33.478-0300][gc,stats    ]    Subphase: Concurrent Roots CodeCache                    0,000 / 0,000         0,000 / 0,000         0,000 / 0,000         0,000 / 0,000       ms
[2024-03-16T13:32:33.478-0300][gc,stats    ]    Subphase: Concurrent Roots JavaThreads                  0,000 / 0,000         0,548 / 0,933         0,548 / 0,933         0,548 / 0,933       ms
[2024-03-16T13:32:33.478-0300][gc,stats    ]    Subphase: Concurrent Roots OopStorageSet                0,000 / 0,000         0,054 / 0,092         0,054 / 0,092         0,054 / 0,092       ms
[2024-03-16T13:32:33.478-0300][gc,stats    ]    Subphase: Concurrent Weak Roots OopStorageSet           0,000 / 0,000         0,619 / 0,886         0,619 / 0,886         0,619 / 0,886       ms
[2024-03-16T13:32:33.478-0300][gc,stats    ]    Subphase: Pause Mark Try Complete                       0,000 / 0,000         0,000 / 0,000         0,000 / 0,000         0,000 / 0,000       ms
[2024-03-16T13:32:33.479-0300][gc,stats    ]      System: Java Threads                                      0 / 0                19 / 26               19 / 26               19 / 26          threads
[2024-03-16T13:32:33.479-0300][gc,stats    ] =========================================================================================================================================================
[2024-03-16T13:32:43.477-0300][gc,stats    ] === Garbage Collection Statistics =======================================================================================================================
[2024-03-16T13:32:43.477-0300][gc,stats    ]                                                              Last 10s              Last 10m              Last 10h                Total
[2024-03-16T13:32:43.477-0300][gc,stats    ]                                                              Avg / Max             Avg / Max             Avg / Max             Avg / Max
[2024-03-16T13:32:43.477-0300][gc,stats    ]   Collector: Garbage Collection Cycle                      0,000 / 0,000        57,394 / 67,231       57,394 / 67,231       57,394 / 67,231      ms
[2024-03-16T13:32:43.477-0300][gc,stats    ]  Contention: Mark Segment Reset Contention                     0 / 0                 0 / 1                 0 / 1                 0 / 1           ops/s
[2024-03-16T13:32:43.477-0300][gc,stats    ]  Contention: Mark SeqNum Reset Contention                      0 / 0                 0 / 1                 0 / 1                 0 / 1           ops/s
[2024-03-16T13:32:43.477-0300][gc,stats    ]    Critical: Allocation Stall                                  0 / 0                 0 / 0                 0 / 0                 0 / 0           ops/s
[2024-03-16T13:32:43.477-0300][gc,stats    ]    Critical: Allocation Stall                              0,000 / 0,000         0,000 / 0,000         0,000 / 0,000         0,000 / 0,000       ms
[2024-03-16T13:32:43.477-0300][gc,stats    ]    Critical: GC Locker Stall                                   0 / 0                 0 / 0                 0 / 0                 0 / 0           ops/s
[2024-03-16T13:32:43.477-0300][gc,stats    ]    Critical: GC Locker Stall                               0,000 / 0,000         0,000 / 0,000         0,000 / 0,000         0,000 / 0,000       ms
[2024-03-16T13:32:43.477-0300][gc,stats    ]    Critical: Relocation Stall                                  0 / 0                 0 / 0                 0 / 0                 0 / 0           ops/s
[2024-03-16T13:32:43.477-0300][gc,stats    ]    Critical: Relocation Stall                              0,000 / 0,000         0,000 / 0,000         0,000 / 0,000         0,000 / 0,000       ms
[2024-03-16T13:32:43.477-0300][gc,stats    ]      Memory: Allocation Rate                                   0 / 0                 2 / 164               2 / 164               2 / 164         MB/s
[2024-03-16T13:32:43.477-0300][gc,stats    ]      Memory: Defragment                                        0 / 0                 0 / 0                 0 / 0                 0 / 0           ops/s
[2024-03-16T13:32:43.477-0300][gc,stats    ]      Memory: Out Of Memory                                     0 / 0                 0 / 0                 0 / 0                 0 / 0           ops/s
[2024-03-16T13:32:43.477-0300][gc,stats    ]      Memory: Page Cache Flush                                  0 / 0                 0 / 0                 0 / 0                 0 / 0           MB/s
[2024-03-16T13:32:43.477-0300][gc,stats    ]      Memory: Page Cache Hit L1                                 0 / 0                 0 / 82                0 / 82                0 / 82          ops/s
[2024-03-16T13:32:43.477-0300][gc,stats    ]      Memory: Page Cache Hit L2                                 0 / 0                 0 / 0                 0 / 0                 0 / 0           ops/s
[2024-03-16T13:32:43.477-0300][gc,stats    ]      Memory: Page Cache Hit L3                                 0 / 0                 0 / 65                0 / 65                0 / 65          ops/s
[2024-03-16T13:32:43.477-0300][gc,stats    ]      Memory: Page Cache Miss                                   0 / 0                 0 / 45                0 / 45                0 / 45          ops/s
[2024-03-16T13:32:43.477-0300][gc,stats    ]      Memory: Uncommit                                          0 / 0                 0 / 0                 0 / 0                 0 / 0           MB/s
[2024-03-16T13:32:43.477-0300][gc,stats    ]      Memory: Undo Object Allocation Failed                     0 / 0                 0 / 0                 0 / 0                 0 / 0           ops/s
[2024-03-16T13:32:43.477-0300][gc,stats    ]      Memory: Undo Object Allocation Succeeded                  0 / 0                 0 / 9                 0 / 9                 0 / 9           ops/s
[2024-03-16T13:32:43.477-0300][gc,stats    ]      Memory: Undo Page Allocation                              0 / 0                 0 / 0                 0 / 0                 0 / 0           ops/s
[2024-03-16T13:32:43.478-0300][gc,stats    ]       Phase: Concurrent Mark                               0,000 / 0,000        27,280 / 30,884       27,280 / 30,884       27,280 / 30,884      ms
[2024-03-16T13:32:43.478-0300][gc,stats    ]       Phase: Concurrent Mark Continue                      0,000 / 0,000         0,000 / 0,000         0,000 / 0,000         0,000 / 0,000       ms
[2024-03-16T13:32:43.478-0300][gc,stats    ]       Phase: Concurrent Mark Free                          0,000 / 0,000         0,000 / 0,000         0,000 / 0,000         0,000 / 0,000       ms
[2024-03-16T13:32:43.478-0300][gc,stats    ]       Phase: Concurrent Process Non-Strong References      0,000 / 0,000         5,572 / 7,253         5,572 / 7,253         5,572 / 7,253       ms
[2024-03-16T13:32:43.478-0300][gc,stats    ]       Phase: Concurrent Relocate                           0,000 / 0,000         8,047 / 10,484        8,047 / 10,484        8,047 / 10,484      ms
[2024-03-16T13:32:43.478-0300][gc,stats    ]       Phase: Concurrent Reset Relocation Set               0,000 / 0,000         0,007 / 0,014         0,007 / 0,014         0,007 / 0,014       ms
[2024-03-16T13:32:43.478-0300][gc,stats    ]       Phase: Concurrent Select Relocation Set              0,000 / 0,000         4,456 / 5,773         4,456 / 5,773         4,456 / 5,773       ms
[2024-03-16T13:32:43.478-0300][gc,stats    ]       Phase: Pause Mark End                                0,000 / 0,000         0,009 / 0,009         0,009 / 0,009         0,009 / 0,009       ms
[2024-03-16T13:32:43.478-0300][gc,stats    ]       Phase: Pause Mark Start                              0,000 / 0,000         0,012 / 0,018         0,012 / 0,018         0,012 / 0,018       ms
[2024-03-16T13:32:43.478-0300][gc,stats    ]       Phase: Pause Relocate Start                          0,000 / 0,000         0,006 / 0,007         0,006 / 0,007         0,006 / 0,007       ms
[2024-03-16T13:32:43.478-0300][gc,stats    ]    Subphase: Concurrent Classes Purge                      0,000 / 0,000         0,834 / 1,163         0,834 / 1,163         0,834 / 1,163       ms
[2024-03-16T13:32:43.478-0300][gc,stats    ]    Subphase: Concurrent Classes Unlink                     0,000 / 0,000         3,618 / 4,719         3,618 / 4,719         3,618 / 4,719       ms
[2024-03-16T13:32:43.478-0300][gc,stats    ]    Subphase: Concurrent Mark                               0,000 / 0,000        26,131 / 29,778       26,131 / 29,778       26,131 / 29,778      ms
[2024-03-16T13:32:43.478-0300][gc,stats    ]    Subphase: Concurrent Mark Try Flush                     0,000 / 0,000         0,062 / 0,128         0,062 / 0,128         0,062 / 0,128       ms
[2024-03-16T13:32:43.478-0300][gc,stats    ]    Subphase: Concurrent Mark Try Terminate                 0,000 / 0,000         0,543 / 1,085         0,543 / 1,085         0,543 / 1,085       ms
[2024-03-16T13:32:43.478-0300][gc,stats    ]    Subphase: Concurrent References Enqueue                 0,000 / 0,000         0,005 / 0,007         0,005 / 0,007         0,005 / 0,007       ms
[2024-03-16T13:32:43.478-0300][gc,stats    ]    Subphase: Concurrent References Process                 0,000 / 0,000         0,387 / 0,418         0,387 / 0,418         0,387 / 0,418       ms
[2024-03-16T13:32:43.478-0300][gc,stats    ]    Subphase: Concurrent Roots ClassLoaderDataGraph         0,000 / 0,000         0,168 / 0,393         0,168 / 0,393         0,168 / 0,393       ms
[2024-03-16T13:32:43.478-0300][gc,stats    ]    Subphase: Concurrent Roots CodeCache                    0,000 / 0,000         0,000 / 0,000         0,000 / 0,000         0,000 / 0,000       ms
[2024-03-16T13:32:43.478-0300][gc,stats    ]    Subphase: Concurrent Roots JavaThreads                  0,000 / 0,000         0,548 / 0,933         0,548 / 0,933         0,548 / 0,933       ms
[2024-03-16T13:32:43.478-0300][gc,stats    ]    Subphase: Concurrent Roots OopStorageSet                0,000 / 0,000         0,054 / 0,092         0,054 / 0,092         0,054 / 0,092       ms
[2024-03-16T13:32:43.478-0300][gc,stats    ]    Subphase: Concurrent Weak Roots OopStorageSet           0,000 / 0,000         0,619 / 0,886         0,619 / 0,886         0,619 / 0,886       ms
[2024-03-16T13:32:43.478-0300][gc,stats    ]    Subphase: Pause Mark Try Complete                       0,000 / 0,000         0,000 / 0,000         0,000 / 0,000         0,000 / 0,000       ms
[2024-03-16T13:32:43.478-0300][gc,stats    ]      System: Java Threads                                      0 / 0                19 / 26               19 / 26               19 / 26          threads
[2024-03-16T13:32:43.478-0300][gc,stats    ] =========================================================================================================================================================
[2024-03-16T13:32:53.477-0300][gc,stats    ] === Garbage Collection Statistics =======================================================================================================================
[2024-03-16T13:32:53.477-0300][gc,stats    ]                                                              Last 10s              Last 10m              Last 10h                Total
[2024-03-16T13:32:53.477-0300][gc,stats    ]                                                              Avg / Max             Avg / Max             Avg / Max             Avg / Max
[2024-03-16T13:32:53.477-0300][gc,stats    ]   Collector: Garbage Collection Cycle                      0,000 / 0,000        57,394 / 67,231       57,394 / 67,231       57,394 / 67,231      ms
[2024-03-16T13:32:53.477-0300][gc,stats    ]  Contention: Mark Segment Reset Contention                     0 / 0                 0 / 1                 0 / 1                 0 / 1           ops/s
[2024-03-16T13:32:53.477-0300][gc,stats    ]  Contention: Mark SeqNum Reset Contention                      0 / 0                 0 / 1                 0 / 1                 0 / 1           ops/s
[2024-03-16T13:32:53.477-0300][gc,stats    ]    Critical: Allocation Stall                                  0 / 0                 0 / 0                 0 / 0                 0 / 0           ops/s
[2024-03-16T13:32:53.477-0300][gc,stats    ]    Critical: Allocation Stall                              0,000 / 0,000         0,000 / 0,000         0,000 / 0,000         0,000 / 0,000       ms
[2024-03-16T13:32:53.477-0300][gc,stats    ]    Critical: GC Locker Stall                                   0 / 0                 0 / 0                 0 / 0                 0 / 0           ops/s
[2024-03-16T13:32:53.477-0300][gc,stats    ]    Critical: GC Locker Stall                               0,000 / 0,000         0,000 / 0,000         0,000 / 0,000         0,000 / 0,000       ms
[2024-03-16T13:32:53.477-0300][gc,stats    ]    Critical: Relocation Stall                                  0 / 0                 0 / 0                 0 / 0                 0 / 0           ops/s
[2024-03-16T13:32:53.478-0300][gc,stats    ]    Critical: Relocation Stall                              0,000 / 0,000         0,000 / 0,000         0,000 / 0,000         0,000 / 0,000       ms
[2024-03-16T13:32:53.478-0300][gc,stats    ]      Memory: Allocation Rate                                   0 / 0                 2 / 164               2 / 164               2 / 164         MB/s
[2024-03-16T13:32:53.478-0300][gc,stats    ]      Memory: Defragment                                        0 / 0                 0 / 0                 0 / 0                 0 / 0           ops/s
[2024-03-16T13:32:53.478-0300][gc,stats    ]      Memory: Out Of Memory                                     0 / 0                 0 / 0                 0 / 0                 0 / 0           ops/s
[2024-03-16T13:32:53.478-0300][gc,stats    ]      Memory: Page Cache Flush                                  0 / 0                 0 / 0                 0 / 0                 0 / 0           MB/s
[2024-03-16T13:32:53.478-0300][gc,stats    ]      Memory: Page Cache Hit L1                                 0 / 0                 0 / 82                0 / 82                0 / 82          ops/s
[2024-03-16T13:32:53.478-0300][gc,stats    ]      Memory: Page Cache Hit L2                                 0 / 0                 0 / 0                 0 / 0                 0 / 0           ops/s
[2024-03-16T13:32:53.478-0300][gc,stats    ]      Memory: Page Cache Hit L3                                 0 / 0                 0 / 65                0 / 65                0 / 65          ops/s
[2024-03-16T13:32:53.478-0300][gc,stats    ]      Memory: Page Cache Miss                                   0 / 0                 0 / 45                0 / 45                0 / 45          ops/s
[2024-03-16T13:32:53.478-0300][gc,stats    ]      Memory: Uncommit                                          0 / 0                 0 / 0                 0 / 0                 0 / 0           MB/s
[2024-03-16T13:32:53.478-0300][gc,stats    ]      Memory: Undo Object Allocation Failed                     0 / 0                 0 / 0                 0 / 0                 0 / 0           ops/s
[2024-03-16T13:32:53.478-0300][gc,stats    ]      Memory: Undo Object Allocation Succeeded                  0 / 0                 0 / 9                 0 / 9                 0 / 9           ops/s
[2024-03-16T13:32:53.478-0300][gc,stats    ]      Memory: Undo Page Allocation                              0 / 0                 0 / 0                 0 / 0                 0 / 0           ops/s
[2024-03-16T13:32:53.478-0300][gc,stats    ]       Phase: Concurrent Mark                               0,000 / 0,000        27,280 / 30,884       27,280 / 30,884       27,280 / 30,884      ms
[2024-03-16T13:32:53.478-0300][gc,stats    ]       Phase: Concurrent Mark Continue                      0,000 / 0,000         0,000 / 0,000         0,000 / 0,000         0,000 / 0,000       ms
[2024-03-16T13:32:53.478-0300][gc,stats    ]       Phase: Concurrent Mark Free                          0,000 / 0,000         0,000 / 0,000         0,000 / 0,000         0,000 / 0,000       ms
[2024-03-16T13:32:53.478-0300][gc,stats    ]       Phase: Concurrent Process Non-Strong References      0,000 / 0,000         5,572 / 7,253         5,572 / 7,253         5,572 / 7,253       ms
[2024-03-16T13:32:53.478-0300][gc,stats    ]       Phase: Concurrent Relocate                           0,000 / 0,000         8,047 / 10,484        8,047 / 10,484        8,047 / 10,484      ms
[2024-03-16T13:32:53.478-0300][gc,stats    ]       Phase: Concurrent Reset Relocation Set               0,000 / 0,000         0,007 / 0,014         0,007 / 0,014         0,007 / 0,014       ms
[2024-03-16T13:32:53.478-0300][gc,stats    ]       Phase: Concurrent Select Relocation Set              0,000 / 0,000         4,456 / 5,773         4,456 / 5,773         4,456 / 5,773       ms
[2024-03-16T13:32:53.478-0300][gc,stats    ]       Phase: Pause Mark End                                0,000 / 0,000         0,009 / 0,009         0,009 / 0,009         0,009 / 0,009       ms
[2024-03-16T13:32:53.478-0300][gc,stats    ]       Phase: Pause Mark Start                              0,000 / 0,000         0,012 / 0,018         0,012 / 0,018         0,012 / 0,018       ms
[2024-03-16T13:32:53.478-0300][gc,stats    ]       Phase: Pause Relocate Start                          0,000 / 0,000         0,006 / 0,007         0,006 / 0,007         0,006 / 0,007       ms
[2024-03-16T13:32:53.478-0300][gc,stats    ]    Subphase: Concurrent Classes Purge                      0,000 / 0,000         0,834 / 1,163         0,834 / 1,163         0,834 / 1,163       ms
[2024-03-16T13:32:53.478-0300][gc,stats    ]    Subphase: Concurrent Classes Unlink                     0,000 / 0,000         3,618 / 4,719         3,618 / 4,719         3,618 / 4,719       ms
[2024-03-16T13:32:53.478-0300][gc,stats    ]    Subphase: Concurrent Mark                               0,000 / 0,000        26,131 / 29,778       26,131 / 29,778       26,131 / 29,778      ms
[2024-03-16T13:32:53.478-0300][gc,stats    ]    Subphase: Concurrent Mark Try Flush                     0,000 / 0,000         0,062 / 0,128         0,062 / 0,128         0,062 / 0,128       ms
[2024-03-16T13:32:53.478-0300][gc,stats    ]    Subphase: Concurrent Mark Try Terminate                 0,000 / 0,000         0,543 / 1,085         0,543 / 1,085         0,543 / 1,085       ms
[2024-03-16T13:32:53.478-0300][gc,stats    ]    Subphase: Concurrent References Enqueue                 0,000 / 0,000         0,005 / 0,007         0,005 / 0,007         0,005 / 0,007       ms
[2024-03-16T13:32:53.478-0300][gc,stats    ]    Subphase: Concurrent References Process                 0,000 / 0,000         0,387 / 0,418         0,387 / 0,418         0,387 / 0,418       ms
[2024-03-16T13:32:53.478-0300][gc,stats    ]    Subphase: Concurrent Roots ClassLoaderDataGraph         0,000 / 0,000         0,168 / 0,393         0,168 / 0,393         0,168 / 0,393       ms
[2024-03-16T13:32:53.478-0300][gc,stats    ]    Subphase: Concurrent Roots CodeCache                    0,000 / 0,000         0,000 / 0,000         0,000 / 0,000         0,000 / 0,000       ms
[2024-03-16T13:32:53.478-0300][gc,stats    ]    Subphase: Concurrent Roots JavaThreads                  0,000 / 0,000         0,548 / 0,933         0,548 / 0,933         0,548 / 0,933       ms
[2024-03-16T13:32:53.478-0300][gc,stats    ]    Subphase: Concurrent Roots OopStorageSet                0,000 / 0,000         0,054 / 0,092         0,054 / 0,092         0,054 / 0,092       ms
[2024-03-16T13:32:53.478-0300][gc,stats    ]    Subphase: Concurrent Weak Roots OopStorageSet           0,000 / 0,000         0,619 / 0,886         0,619 / 0,886         0,619 / 0,886       ms
[2024-03-16T13:32:53.479-0300][gc,stats    ]    Subphase: Pause Mark Try Complete                       0,000 / 0,000         0,000 / 0,000         0,000 / 0,000         0,000 / 0,000       ms
[2024-03-16T13:32:53.479-0300][gc,stats    ]      System: Java Threads                                      0 / 0                19 / 26               19 / 26               19 / 26          threads
[2024-03-16T13:32:53.479-0300][gc,stats    ] =========================================================================================================================================================
[2024-03-16T13:33:03.477-0300][gc,stats    ] === Garbage Collection Statistics =======================================================================================================================
[2024-03-16T13:33:03.477-0300][gc,stats    ]                                                              Last 10s              Last 10m              Last 10h                Total
[2024-03-16T13:33:03.477-0300][gc,stats    ]                                                              Avg / Max             Avg / Max             Avg / Max             Avg / Max
[2024-03-16T13:33:03.477-0300][gc,stats    ]   Collector: Garbage Collection Cycle                      0,000 / 0,000        57,394 / 67,231       57,394 / 67,231       57,394 / 67,231      ms
[2024-03-16T13:33:03.478-0300][gc,stats    ]  Contention: Mark Segment Reset Contention                     0 / 0                 0 / 1                 0 / 1                 0 / 1           ops/s
[2024-03-16T13:33:03.478-0300][gc,stats    ]  Contention: Mark SeqNum Reset Contention                      0 / 0                 0 / 1                 0 / 1                 0 / 1           ops/s
[2024-03-16T13:33:03.478-0300][gc,stats    ]    Critical: Allocation Stall                                  0 / 0                 0 / 0                 0 / 0                 0 / 0           ops/s
[2024-03-16T13:33:03.478-0300][gc,stats    ]    Critical: Allocation Stall                              0,000 / 0,000         0,000 / 0,000         0,000 / 0,000         0,000 / 0,000       ms
[2024-03-16T13:33:03.478-0300][gc,stats    ]    Critical: GC Locker Stall                                   0 / 0                 0 / 0                 0 / 0                 0 / 0           ops/s
[2024-03-16T13:33:03.478-0300][gc,stats    ]    Critical: GC Locker Stall                               0,000 / 0,000         0,000 / 0,000         0,000 / 0,000         0,000 / 0,000       ms
[2024-03-16T13:33:03.478-0300][gc,stats    ]    Critical: Relocation Stall                                  0 / 0                 0 / 0                 0 / 0                 0 / 0           ops/s
[2024-03-16T13:33:03.478-0300][gc,stats    ]    Critical: Relocation Stall                              0,000 / 0,000         0,000 / 0,000         0,000 / 0,000         0,000 / 0,000       ms
[2024-03-16T13:33:03.478-0300][gc,stats    ]      Memory: Allocation Rate                                   0 / 0                 2 / 164               2 / 164               2 / 164         MB/s
[2024-03-16T13:33:03.478-0300][gc,stats    ]      Memory: Defragment                                        0 / 0                 0 / 0                 0 / 0                 0 / 0           ops/s
[2024-03-16T13:33:03.478-0300][gc,stats    ]      Memory: Out Of Memory                                     0 / 0                 0 / 0                 0 / 0                 0 / 0           ops/s
[2024-03-16T13:33:03.478-0300][gc,stats    ]      Memory: Page Cache Flush                                  0 / 0                 0 / 0                 0 / 0                 0 / 0           MB/s
[2024-03-16T13:33:03.478-0300][gc,stats    ]      Memory: Page Cache Hit L1                                 0 / 0                 0 / 82                0 / 82                0 / 82          ops/s
[2024-03-16T13:33:03.478-0300][gc,stats    ]      Memory: Page Cache Hit L2                                 0 / 0                 0 / 0                 0 / 0                 0 / 0           ops/s
[2024-03-16T13:33:03.478-0300][gc,stats    ]      Memory: Page Cache Hit L3                                 0 / 0                 0 / 65                0 / 65                0 / 65          ops/s
[2024-03-16T13:33:03.478-0300][gc,stats    ]      Memory: Page Cache Miss                                   0 / 0                 0 / 45                0 / 45                0 / 45          ops/s
[2024-03-16T13:33:03.478-0300][gc,stats    ]      Memory: Uncommit                                          0 / 0                 0 / 0                 0 / 0                 0 / 0           MB/s
[2024-03-16T13:33:03.478-0300][gc,stats    ]      Memory: Undo Object Allocation Failed                     0 / 0                 0 / 0                 0 / 0                 0 / 0           ops/s
[2024-03-16T13:33:03.478-0300][gc,stats    ]      Memory: Undo Object Allocation Succeeded                  0 / 0                 0 / 9                 0 / 9                 0 / 9           ops/s
[2024-03-16T13:33:03.478-0300][gc,stats    ]      Memory: Undo Page Allocation                              0 / 0                 0 / 0                 0 / 0                 0 / 0           ops/s
[2024-03-16T13:33:03.478-0300][gc,stats    ]       Phase: Concurrent Mark                               0,000 / 0,000        27,280 / 30,884       27,280 / 30,884       27,280 / 30,884      ms
[2024-03-16T13:33:03.478-0300][gc,stats    ]       Phase: Concurrent Mark Continue                      0,000 / 0,000         0,000 / 0,000         0,000 / 0,000         0,000 / 0,000       ms
[2024-03-16T13:33:03.478-0300][gc,stats    ]       Phase: Concurrent Mark Free                          0,000 / 0,000         0,000 / 0,000         0,000 / 0,000         0,000 / 0,000       ms
[2024-03-16T13:33:03.479-0300][gc,stats    ]       Phase: Concurrent Process Non-Strong References      0,000 / 0,000         5,572 / 7,253         5,572 / 7,253         5,572 / 7,253       ms
[2024-03-16T13:33:03.479-0300][gc,stats    ]       Phase: Concurrent Relocate                           0,000 / 0,000         8,047 / 10,484        8,047 / 10,484        8,047 / 10,484      ms
[2024-03-16T13:33:03.479-0300][gc,stats    ]       Phase: Concurrent Reset Relocation Set               0,000 / 0,000         0,007 / 0,014         0,007 / 0,014         0,007 / 0,014       ms
[2024-03-16T13:33:03.479-0300][gc,stats    ]       Phase: Concurrent Select Relocation Set              0,000 / 0,000         4,456 / 5,773         4,456 / 5,773         4,456 / 5,773       ms
[2024-03-16T13:33:03.479-0300][gc,stats    ]       Phase: Pause Mark End                                0,000 / 0,000         0,009 / 0,009         0,009 / 0,009         0,009 / 0,009       ms
[2024-03-16T13:33:03.479-0300][gc,stats    ]       Phase: Pause Mark Start                              0,000 / 0,000         0,012 / 0,018         0,012 / 0,018         0,012 / 0,018       ms
[2024-03-16T13:33:03.479-0300][gc,stats    ]       Phase: Pause Relocate Start                          0,000 / 0,000         0,006 / 0,007         0,006 / 0,007         0,006 / 0,007       ms
[2024-03-16T13:33:03.479-0300][gc,stats    ]    Subphase: Concurrent Classes Purge                      0,000 / 0,000         0,834 / 1,163         0,834 / 1,163         0,834 / 1,163       ms
[2024-03-16T13:33:03.479-0300][gc,stats    ]    Subphase: Concurrent Classes Unlink                     0,000 / 0,000         3,618 / 4,719         3,618 / 4,719         3,618 / 4,719       ms
[2024-03-16T13:33:03.479-0300][gc,stats    ]    Subphase: Concurrent Mark                               0,000 / 0,000        26,131 / 29,778       26,131 / 29,778       26,131 / 29,778      ms
[2024-03-16T13:33:03.479-0300][gc,stats    ]    Subphase: Concurrent Mark Try Flush                     0,000 / 0,000         0,062 / 0,128         0,062 / 0,128         0,062 / 0,128       ms
[2024-03-16T13:33:03.479-0300][gc,stats    ]    Subphase: Concurrent Mark Try Terminate                 0,000 / 0,000         0,543 / 1,085         0,543 / 1,085         0,543 / 1,085       ms
[2024-03-16T13:33:03.479-0300][gc,stats    ]    Subphase: Concurrent References Enqueue                 0,000 / 0,000         0,005 / 0,007         0,005 / 0,007         0,005 / 0,007       ms
[2024-03-16T13:33:03.479-0300][gc,stats    ]    Subphase: Concurrent References Process                 0,000 / 0,000         0,387 / 0,418         0,387 / 0,418         0,387 / 0,418       ms
[2024-03-16T13:33:03.479-0300][gc,stats    ]    Subphase: Concurrent Roots ClassLoaderDataGraph         0,000 / 0,000         0,168 / 0,393         0,168 / 0,393         0,168 / 0,393       ms
[2024-03-16T13:33:03.479-0300][gc,stats    ]    Subphase: Concurrent Roots CodeCache                    0,000 / 0,000         0,000 / 0,000         0,000 / 0,000         0,000 / 0,000       ms
[2024-03-16T13:33:03.479-0300][gc,stats    ]    Subphase: Concurrent Roots JavaThreads                  0,000 / 0,000         0,548 / 0,933         0,548 / 0,933         0,548 / 0,933       ms
[2024-03-16T13:33:03.479-0300][gc,stats    ]    Subphase: Concurrent Roots OopStorageSet                0,000 / 0,000         0,054 / 0,092         0,054 / 0,092         0,054 / 0,092       ms
[2024-03-16T13:33:03.479-0300][gc,stats    ]    Subphase: Concurrent Weak Roots OopStorageSet           0,000 / 0,000         0,619 / 0,886         0,619 / 0,886         0,619 / 0,886       ms
[2024-03-16T13:33:03.479-0300][gc,stats    ]    Subphase: Pause Mark Try Complete                       0,000 / 0,000         0,000 / 0,000         0,000 / 0,000         0,000 / 0,000       ms
[2024-03-16T13:33:03.479-0300][gc,stats    ]      System: Java Threads                                      0 / 0                19 / 26               19 / 26               19 / 26          threads
[2024-03-16T13:33:03.479-0300][gc,stats    ] =========================================================================================================================================================
[2024-03-16T13:33:13.477-0300][gc,stats    ] === Garbage Collection Statistics =======================================================================================================================
[2024-03-16T13:33:13.477-0300][gc,stats    ]                                                              Last 10s              Last 10m              Last 10h                Total
[2024-03-16T13:33:13.477-0300][gc,stats    ]                                                              Avg / Max             Avg / Max             Avg / Max             Avg / Max
[2024-03-16T13:33:13.477-0300][gc,stats    ]   Collector: Garbage Collection Cycle                      0,000 / 0,000        57,394 / 67,231       57,394 / 67,231       57,394 / 67,231      ms
[2024-03-16T13:33:13.477-0300][gc,stats    ]  Contention: Mark Segment Reset Contention                     0 / 0                 0 / 1                 0 / 1                 0 / 1           ops/s
[2024-03-16T13:33:13.477-0300][gc,stats    ]  Contention: Mark SeqNum Reset Contention                      0 / 0                 0 / 1                 0 / 1                 0 / 1           ops/s
[2024-03-16T13:33:13.477-0300][gc,stats    ]    Critical: Allocation Stall                                  0 / 0                 0 / 0                 0 / 0                 0 / 0           ops/s
[2024-03-16T13:33:13.477-0300][gc,stats    ]    Critical: Allocation Stall                              0,000 / 0,000         0,000 / 0,000         0,000 / 0,000         0,000 / 0,000       ms
[2024-03-16T13:33:13.477-0300][gc,stats    ]    Critical: GC Locker Stall                                   0 / 0                 0 / 0                 0 / 0                 0 / 0           ops/s
[2024-03-16T13:33:13.477-0300][gc,stats    ]    Critical: GC Locker Stall                               0,000 / 0,000         0,000 / 0,000         0,000 / 0,000         0,000 / 0,000       ms
[2024-03-16T13:33:13.477-0300][gc,stats    ]    Critical: Relocation Stall                                  0 / 0                 0 / 0                 0 / 0                 0 / 0           ops/s
[2024-03-16T13:33:13.477-0300][gc,stats    ]    Critical: Relocation Stall                              0,000 / 0,000         0,000 / 0,000         0,000 / 0,000         0,000 / 0,000       ms
[2024-03-16T13:33:13.477-0300][gc,stats    ]      Memory: Allocation Rate                                   0 / 0                 2 / 164               2 / 164               2 / 164         MB/s
[2024-03-16T13:33:13.477-0300][gc,stats    ]      Memory: Defragment                                        0 / 0                 0 / 0                 0 / 0                 0 / 0           ops/s
[2024-03-16T13:33:13.477-0300][gc,stats    ]      Memory: Out Of Memory                                     0 / 0                 0 / 0                 0 / 0                 0 / 0           ops/s
[2024-03-16T13:33:13.477-0300][gc,stats    ]      Memory: Page Cache Flush                                  0 / 0                 0 / 0                 0 / 0                 0 / 0           MB/s
[2024-03-16T13:33:13.477-0300][gc,stats    ]      Memory: Page Cache Hit L1                                 0 / 0                 0 / 82                0 / 82                0 / 82          ops/s
[2024-03-16T13:33:13.477-0300][gc,stats    ]      Memory: Page Cache Hit L2                                 0 / 0                 0 / 0                 0 / 0                 0 / 0           ops/s
[2024-03-16T13:33:13.477-0300][gc,stats    ]      Memory: Page Cache Hit L3                                 0 / 0                 0 / 65                0 / 65                0 / 65          ops/s
[2024-03-16T13:33:13.477-0300][gc,stats    ]      Memory: Page Cache Miss                                   0 / 0                 0 / 45                0 / 45                0 / 45          ops/s
[2024-03-16T13:33:13.477-0300][gc,stats    ]      Memory: Uncommit                                          0 / 0                 0 / 0                 0 / 0                 0 / 0           MB/s
[2024-03-16T13:33:13.477-0300][gc,stats    ]      Memory: Undo Object Allocation Failed                     0 / 0                 0 / 0                 0 / 0                 0 / 0           ops/s
[2024-03-16T13:33:13.477-0300][gc,stats    ]      Memory: Undo Object Allocation Succeeded                  0 / 0                 0 / 9                 0 / 9                 0 / 9           ops/s
[2024-03-16T13:33:13.477-0300][gc,stats    ]      Memory: Undo Page Allocation                              0 / 0                 0 / 0                 0 / 0                 0 / 0           ops/s
[2024-03-16T13:33:13.477-0300][gc,stats    ]       Phase: Concurrent Mark                               0,000 / 0,000        27,280 / 30,884       27,280 / 30,884       27,280 / 30,884      ms
[2024-03-16T13:33:13.477-0300][gc,stats    ]       Phase: Concurrent Mark Continue                      0,000 / 0,000         0,000 / 0,000         0,000 / 0,000         0,000 / 0,000       ms
[2024-03-16T13:33:13.478-0300][gc,stats    ]       Phase: Concurrent Mark Free                          0,000 / 0,000         0,000 / 0,000         0,000 / 0,000         0,000 / 0,000       ms
[2024-03-16T13:33:13.478-0300][gc,stats    ]       Phase: Concurrent Process Non-Strong References      0,000 / 0,000         5,572 / 7,253         5,572 / 7,253         5,572 / 7,253       ms
[2024-03-16T13:33:13.478-0300][gc,stats    ]       Phase: Concurrent Relocate                           0,000 / 0,000         8,047 / 10,484        8,047 / 10,484        8,047 / 10,484      ms
[2024-03-16T13:33:13.478-0300][gc,stats    ]       Phase: Concurrent Reset Relocation Set               0,000 / 0,000         0,007 / 0,014         0,007 / 0,014         0,007 / 0,014       ms
[2024-03-16T13:33:13.478-0300][gc,stats    ]       Phase: Concurrent Select Relocation Set              0,000 / 0,000         4,456 / 5,773         4,456 / 5,773         4,456 / 5,773       ms
[2024-03-16T13:33:13.478-0300][gc,stats    ]       Phase: Pause Mark End                                0,000 / 0,000         0,009 / 0,009         0,009 / 0,009         0,009 / 0,009       ms
[2024-03-16T13:33:13.478-0300][gc,stats    ]       Phase: Pause Mark Start                              0,000 / 0,000         0,012 / 0,018         0,012 / 0,018         0,012 / 0,018       ms
[2024-03-16T13:33:13.478-0300][gc,stats    ]       Phase: Pause Relocate Start                          0,000 / 0,000         0,006 / 0,007         0,006 / 0,007         0,006 / 0,007       ms
[2024-03-16T13:33:13.478-0300][gc,stats    ]    Subphase: Concurrent Classes Purge                      0,000 / 0,000         0,834 / 1,163         0,834 / 1,163         0,834 / 1,163       ms
[2024-03-16T13:33:13.478-0300][gc,stats    ]    Subphase: Concurrent Classes Unlink                     0,000 / 0,000         3,618 / 4,719         3,618 / 4,719         3,618 / 4,719       ms
[2024-03-16T13:33:13.478-0300][gc,stats    ]    Subphase: Concurrent Mark                               0,000 / 0,000        26,131 / 29,778       26,131 / 29,778       26,131 / 29,778      ms
[2024-03-16T13:33:13.478-0300][gc,stats    ]    Subphase: Concurrent Mark Try Flush                     0,000 / 0,000         0,062 / 0,128         0,062 / 0,128         0,062 / 0,128       ms
[2024-03-16T13:33:13.478-0300][gc,stats    ]    Subphase: Concurrent Mark Try Terminate                 0,000 / 0,000         0,543 / 1,085         0,543 / 1,085         0,543 / 1,085       ms
[2024-03-16T13:33:13.478-0300][gc,stats    ]    Subphase: Concurrent References Enqueue                 0,000 / 0,000         0,005 / 0,007         0,005 / 0,007         0,005 / 0,007       ms
[2024-03-16T13:33:13.478-0300][gc,stats    ]    Subphase: Concurrent References Process                 0,000 / 0,000         0,387 / 0,418         0,387 / 0,418         0,387 / 0,418       ms
[2024-03-16T13:33:13.478-0300][gc,stats    ]    Subphase: Concurrent Roots ClassLoaderDataGraph         0,000 / 0,000         0,168 / 0,393         0,168 / 0,393         0,168 / 0,393       ms
[2024-03-16T13:33:13.478-0300][gc,stats    ]    Subphase: Concurrent Roots CodeCache                    0,000 / 0,000         0,000 / 0,000         0,000 / 0,000         0,000 / 0,000       ms
[2024-03-16T13:33:13.478-0300][gc,stats    ]    Subphase: Concurrent Roots JavaThreads                  0,000 / 0,000         0,548 / 0,933         0,548 / 0,933         0,548 / 0,933       ms
[2024-03-16T13:33:13.478-0300][gc,stats    ]    Subphase: Concurrent Roots OopStorageSet                0,000 / 0,000         0,054 / 0,092         0,054 / 0,092         0,054 / 0,092       ms
[2024-03-16T13:33:13.478-0300][gc,stats    ]    Subphase: Concurrent Weak Roots OopStorageSet           0,000 / 0,000         0,619 / 0,886         0,619 / 0,886         0,619 / 0,886       ms
[2024-03-16T13:33:13.478-0300][gc,stats    ]    Subphase: Pause Mark Try Complete                       0,000 / 0,000         0,000 / 0,000         0,000 / 0,000         0,000 / 0,000       ms
[2024-03-16T13:33:13.478-0300][gc,stats    ]      System: Java Threads                                      0 / 0                19 / 26               19 / 26               19 / 26          threads
[2024-03-16T13:33:13.478-0300][gc,stats    ] =========================================================================================================================================================
[2024-03-16T13:33:23.477-0300][gc,stats    ] === Garbage Collection Statistics =======================================================================================================================
[2024-03-16T13:33:23.477-0300][gc,stats    ]                                                              Last 10s              Last 10m              Last 10h                Total
[2024-03-16T13:33:23.477-0300][gc,stats    ]                                                              Avg / Max             Avg / Max             Avg / Max             Avg / Max
[2024-03-16T13:33:23.477-0300][gc,stats    ]   Collector: Garbage Collection Cycle                      0,000 / 0,000        57,394 / 67,231       57,394 / 67,231       57,394 / 67,231      ms
[2024-03-16T13:33:23.477-0300][gc,stats    ]  Contention: Mark Segment Reset Contention                     0 / 0                 0 / 1                 0 / 1                 0 / 1           ops/s
[2024-03-16T13:33:23.477-0300][gc,stats    ]  Contention: Mark SeqNum Reset Contention                      0 / 0                 0 / 1                 0 / 1                 0 / 1           ops/s
[2024-03-16T13:33:23.477-0300][gc,stats    ]    Critical: Allocation Stall                                  0 / 0                 0 / 0                 0 / 0                 0 / 0           ops/s
[2024-03-16T13:33:23.477-0300][gc,stats    ]    Critical: Allocation Stall                              0,000 / 0,000         0,000 / 0,000         0,000 / 0,000         0,000 / 0,000       ms
[2024-03-16T13:33:23.477-0300][gc,stats    ]    Critical: GC Locker Stall                                   0 / 0                 0 / 0                 0 / 0                 0 / 0           ops/s
[2024-03-16T13:33:23.477-0300][gc,stats    ]    Critical: GC Locker Stall                               0,000 / 0,000         0,000 / 0,000         0,000 / 0,000         0,000 / 0,000       ms
[2024-03-16T13:33:23.477-0300][gc,stats    ]    Critical: Relocation Stall                                  0 / 0                 0 / 0                 0 / 0                 0 / 0           ops/s
[2024-03-16T13:33:23.477-0300][gc,stats    ]    Critical: Relocation Stall                              0,000 / 0,000         0,000 / 0,000         0,000 / 0,000         0,000 / 0,000       ms
[2024-03-16T13:33:23.478-0300][gc,stats    ]      Memory: Allocation Rate                                   0 / 0                 2 / 164               2 / 164               2 / 164         MB/s
[2024-03-16T13:33:23.478-0300][gc,stats    ]      Memory: Defragment                                        0 / 0                 0 / 0                 0 / 0                 0 / 0           ops/s
[2024-03-16T13:33:23.478-0300][gc,stats    ]      Memory: Out Of Memory                                     0 / 0                 0 / 0                 0 / 0                 0 / 0           ops/s
[2024-03-16T13:33:23.478-0300][gc,stats    ]      Memory: Page Cache Flush                                  0 / 0                 0 / 0                 0 / 0                 0 / 0           MB/s
[2024-03-16T13:33:23.478-0300][gc,stats    ]      Memory: Page Cache Hit L1                                 0 / 0                 0 / 82                0 / 82                0 / 82          ops/s
[2024-03-16T13:33:23.478-0300][gc,stats    ]      Memory: Page Cache Hit L2                                 0 / 0                 0 / 0                 0 / 0                 0 / 0           ops/s
[2024-03-16T13:33:23.478-0300][gc,stats    ]      Memory: Page Cache Hit L3                                 0 / 0                 0 / 65                0 / 65                0 / 65          ops/s
[2024-03-16T13:33:23.478-0300][gc,stats    ]      Memory: Page Cache Miss                                   0 / 0                 0 / 45                0 / 45                0 / 45          ops/s
[2024-03-16T13:33:23.478-0300][gc,stats    ]      Memory: Uncommit                                          0 / 0                 0 / 0                 0 / 0                 0 / 0           MB/s
[2024-03-16T13:33:23.478-0300][gc,stats    ]      Memory: Undo Object Allocation Failed                     0 / 0                 0 / 0                 0 / 0                 0 / 0           ops/s
[2024-03-16T13:33:23.478-0300][gc,stats    ]      Memory: Undo Object Allocation Succeeded                  0 / 0                 0 / 9                 0 / 9                 0 / 9           ops/s
[2024-03-16T13:33:23.478-0300][gc,stats    ]      Memory: Undo Page Allocation                              0 / 0                 0 / 0                 0 / 0                 0 / 0           ops/s
[2024-03-16T13:33:23.478-0300][gc,stats    ]       Phase: Concurrent Mark                               0,000 / 0,000        27,280 / 30,884       27,280 / 30,884       27,280 / 30,884      ms
[2024-03-16T13:33:23.478-0300][gc,stats    ]       Phase: Concurrent Mark Continue                      0,000 / 0,000         0,000 / 0,000         0,000 / 0,000         0,000 / 0,000       ms
[2024-03-16T13:33:23.478-0300][gc,stats    ]       Phase: Concurrent Mark Free                          0,000 / 0,000         0,000 / 0,000         0,000 / 0,000         0,000 / 0,000       ms
[2024-03-16T13:33:23.478-0300][gc,stats    ]       Phase: Concurrent Process Non-Strong References      0,000 / 0,000         5,572 / 7,253         5,572 / 7,253         5,572 / 7,253       ms
[2024-03-16T13:33:23.478-0300][gc,stats    ]       Phase: Concurrent Relocate                           0,000 / 0,000         8,047 / 10,484        8,047 / 10,484        8,047 / 10,484      ms
[2024-03-16T13:33:23.478-0300][gc,stats    ]       Phase: Concurrent Reset Relocation Set               0,000 / 0,000         0,007 / 0,014         0,007 / 0,014         0,007 / 0,014       ms
[2024-03-16T13:33:23.478-0300][gc,stats    ]       Phase: Concurrent Select Relocation Set              0,000 / 0,000         4,456 / 5,773         4,456 / 5,773         4,456 / 5,773       ms
[2024-03-16T13:33:23.478-0300][gc,stats    ]       Phase: Pause Mark End                                0,000 / 0,000         0,009 / 0,009         0,009 / 0,009         0,009 / 0,009       ms
[2024-03-16T13:33:23.478-0300][gc,stats    ]       Phase: Pause Mark Start                              0,000 / 0,000         0,012 / 0,018         0,012 / 0,018         0,012 / 0,018       ms
[2024-03-16T13:33:23.478-0300][gc,stats    ]       Phase: Pause Relocate Start                          0,000 / 0,000         0,006 / 0,007         0,006 / 0,007         0,006 / 0,007       ms
[2024-03-16T13:33:23.478-0300][gc,stats    ]    Subphase: Concurrent Classes Purge                      0,000 / 0,000         0,834 / 1,163         0,834 / 1,163         0,834 / 1,163       ms
[2024-03-16T13:33:23.478-0300][gc,stats    ]    Subphase: Concurrent Classes Unlink                     0,000 / 0,000         3,618 / 4,719         3,618 / 4,719         3,618 / 4,719       ms
[2024-03-16T13:33:23.478-0300][gc,stats    ]    Subphase: Concurrent Mark                               0,000 / 0,000        26,131 / 29,778       26,131 / 29,778       26,131 / 29,778      ms
[2024-03-16T13:33:23.478-0300][gc,stats    ]    Subphase: Concurrent Mark Try Flush                     0,000 / 0,000         0,062 / 0,128         0,062 / 0,128         0,062 / 0,128       ms
[2024-03-16T13:33:23.478-0300][gc,stats    ]    Subphase: Concurrent Mark Try Terminate                 0,000 / 0,000         0,543 / 1,085         0,543 / 1,085         0,543 / 1,085       ms
[2024-03-16T13:33:23.478-0300][gc,stats    ]    Subphase: Concurrent References Enqueue                 0,000 / 0,000         0,005 / 0,007         0,005 / 0,007         0,005 / 0,007       ms
[2024-03-16T13:33:23.478-0300][gc,stats    ]    Subphase: Concurrent References Process                 0,000 / 0,000         0,387 / 0,418         0,387 / 0,418         0,387 / 0,418       ms
[2024-03-16T13:33:23.478-0300][gc,stats    ]    Subphase: Concurrent Roots ClassLoaderDataGraph         0,000 / 0,000         0,168 / 0,393         0,168 / 0,393         0,168 / 0,393       ms
[2024-03-16T13:33:23.478-0300][gc,stats    ]    Subphase: Concurrent Roots CodeCache                    0,000 / 0,000         0,000 / 0,000         0,000 / 0,000         0,000 / 0,000       ms
[2024-03-16T13:33:23.478-0300][gc,stats    ]    Subphase: Concurrent Roots JavaThreads                  0,000 / 0,000         0,548 / 0,933         0,548 / 0,933         0,548 / 0,933       ms
[2024-03-16T13:33:23.478-0300][gc,stats    ]    Subphase: Concurrent Roots OopStorageSet                0,000 / 0,000         0,054 / 0,092         0,054 / 0,092         0,054 / 0,092       ms
[2024-03-16T13:33:23.478-0300][gc,stats    ]    Subphase: Concurrent Weak Roots OopStorageSet           0,000 / 0,000         0,619 / 0,886         0,619 / 0,886         0,619 / 0,886       ms
[2024-03-16T13:33:23.478-0300][gc,stats    ]    Subphase: Pause Mark Try Complete                       0,000 / 0,000         0,000 / 0,000         0,000 / 0,000         0,000 / 0,000       ms
[2024-03-16T13:33:23.478-0300][gc,stats    ]      System: Java Threads                                      0 / 0                19 / 26               19 / 26               19 / 26          threads
[2024-03-16T13:33:23.478-0300][gc,stats    ] =========================================================================================================================================================
[2024-03-16T13:33:33.477-0300][gc,stats    ] === Garbage Collection Statistics =======================================================================================================================
[2024-03-16T13:33:33.477-0300][gc,stats    ]                                                              Last 10s              Last 10m              Last 10h                Total
[2024-03-16T13:33:33.477-0300][gc,stats    ]                                                              Avg / Max             Avg / Max             Avg / Max             Avg / Max
[2024-03-16T13:33:33.477-0300][gc,stats    ]   Collector: Garbage Collection Cycle                      0,000 / 0,000        57,394 / 67,231       57,394 / 67,231       57,394 / 67,231      ms
[2024-03-16T13:33:33.477-0300][gc,stats    ]  Contention: Mark Segment Reset Contention                     0 / 0                 0 / 1                 0 / 1                 0 / 1           ops/s
[2024-03-16T13:33:33.477-0300][gc,stats    ]  Contention: Mark SeqNum Reset Contention                      0 / 0                 0 / 1                 0 / 1                 0 / 1           ops/s
[2024-03-16T13:33:33.477-0300][gc,stats    ]    Critical: Allocation Stall                                  0 / 0                 0 / 0                 0 / 0                 0 / 0           ops/s
[2024-03-16T13:33:33.477-0300][gc,stats    ]    Critical: Allocation Stall                              0,000 / 0,000         0,000 / 0,000         0,000 / 0,000         0,000 / 0,000       ms
[2024-03-16T13:33:33.477-0300][gc,stats    ]    Critical: GC Locker Stall                                   0 / 0                 0 / 0                 0 / 0                 0 / 0           ops/s
[2024-03-16T13:33:33.477-0300][gc,stats    ]    Critical: GC Locker Stall                               0,000 / 0,000         0,000 / 0,000         0,000 / 0,000         0,000 / 0,000       ms
[2024-03-16T13:33:33.477-0300][gc,stats    ]    Critical: Relocation Stall                                  0 / 0                 0 / 0                 0 / 0                 0 / 0           ops/s
[2024-03-16T13:33:33.477-0300][gc,stats    ]    Critical: Relocation Stall                              0,000 / 0,000         0,000 / 0,000         0,000 / 0,000         0,000 / 0,000       ms
[2024-03-16T13:33:33.477-0300][gc,stats    ]      Memory: Allocation Rate                                   0 / 0                 2 / 164               2 / 164               2 / 164         MB/s
[2024-03-16T13:33:33.477-0300][gc,stats    ]      Memory: Defragment                                        0 / 0                 0 / 0                 0 / 0                 0 / 0           ops/s
[2024-03-16T13:33:33.477-0300][gc,stats    ]      Memory: Out Of Memory                                     0 / 0                 0 / 0                 0 / 0                 0 / 0           ops/s
[2024-03-16T13:33:33.477-0300][gc,stats    ]      Memory: Page Cache Flush                                  0 / 0                 0 / 0                 0 / 0                 0 / 0           MB/s
[2024-03-16T13:33:33.477-0300][gc,stats    ]      Memory: Page Cache Hit L1                                 0 / 0                 0 / 82                0 / 82                0 / 82          ops/s
[2024-03-16T13:33:33.477-0300][gc,stats    ]      Memory: Page Cache Hit L2                                 0 / 0                 0 / 0                 0 / 0                 0 / 0           ops/s
[2024-03-16T13:33:33.477-0300][gc,stats    ]      Memory: Page Cache Hit L3                                 0 / 0                 0 / 65                0 / 65                0 / 65          ops/s
[2024-03-16T13:33:33.477-0300][gc,stats    ]      Memory: Page Cache Miss                                   0 / 0                 0 / 45                0 / 45                0 / 45          ops/s
[2024-03-16T13:33:33.477-0300][gc,stats    ]      Memory: Uncommit                                          0 / 0                 0 / 0                 0 / 0                 0 / 0           MB/s
[2024-03-16T13:33:33.477-0300][gc,stats    ]      Memory: Undo Object Allocation Failed                     0 / 0                 0 / 0                 0 / 0                 0 / 0           ops/s
[2024-03-16T13:33:33.478-0300][gc,stats    ]      Memory: Undo Object Allocation Succeeded                  0 / 0                 0 / 9                 0 / 9                 0 / 9           ops/s
[2024-03-16T13:33:33.478-0300][gc,stats    ]      Memory: Undo Page Allocation                              0 / 0                 0 / 0                 0 / 0                 0 / 0           ops/s
[2024-03-16T13:33:33.478-0300][gc,stats    ]       Phase: Concurrent Mark                               0,000 / 0,000        27,280 / 30,884       27,280 / 30,884       27,280 / 30,884      ms
[2024-03-16T13:33:33.478-0300][gc,stats    ]       Phase: Concurrent Mark Continue                      0,000 / 0,000         0,000 / 0,000         0,000 / 0,000         0,000 / 0,000       ms
[2024-03-16T13:33:33.478-0300][gc,stats    ]       Phase: Concurrent Mark Free                          0,000 / 0,000         0,000 / 0,000         0,000 / 0,000         0,000 / 0,000       ms
[2024-03-16T13:33:33.478-0300][gc,stats    ]       Phase: Concurrent Process Non-Strong References      0,000 / 0,000         5,572 / 7,253         5,572 / 7,253         5,572 / 7,253       ms
[2024-03-16T13:33:33.478-0300][gc,stats    ]       Phase: Concurrent Relocate                           0,000 / 0,000         8,047 / 10,484        8,047 / 10,484        8,047 / 10,484      ms
[2024-03-16T13:33:33.478-0300][gc,stats    ]       Phase: Concurrent Reset Relocation Set               0,000 / 0,000         0,007 / 0,014         0,007 / 0,014         0,007 / 0,014       ms
[2024-03-16T13:33:33.478-0300][gc,stats    ]       Phase: Concurrent Select Relocation Set              0,000 / 0,000         4,456 / 5,773         4,456 / 5,773         4,456 / 5,773       ms
[2024-03-16T13:33:33.478-0300][gc,stats    ]       Phase: Pause Mark End                                0,000 / 0,000         0,009 / 0,009         0,009 / 0,009         0,009 / 0,009       ms
[2024-03-16T13:33:33.478-0300][gc,stats    ]       Phase: Pause Mark Start                              0,000 / 0,000         0,012 / 0,018         0,012 / 0,018         0,012 / 0,018       ms
[2024-03-16T13:33:33.478-0300][gc,stats    ]       Phase: Pause Relocate Start                          0,000 / 0,000         0,006 / 0,007         0,006 / 0,007         0,006 / 0,007       ms
[2024-03-16T13:33:33.478-0300][gc,stats    ]    Subphase: Concurrent Classes Purge                      0,000 / 0,000         0,834 / 1,163         0,834 / 1,163         0,834 / 1,163       ms
[2024-03-16T13:33:33.478-0300][gc,stats    ]    Subphase: Concurrent Classes Unlink                     0,000 / 0,000         3,618 / 4,719         3,618 / 4,719         3,618 / 4,719       ms
[2024-03-16T13:33:33.478-0300][gc,stats    ]    Subphase: Concurrent Mark                               0,000 / 0,000        26,131 / 29,778       26,131 / 29,778       26,131 / 29,778      ms
[2024-03-16T13:33:33.478-0300][gc,stats    ]    Subphase: Concurrent Mark Try Flush                     0,000 / 0,000         0,062 / 0,128         0,062 / 0,128         0,062 / 0,128       ms
[2024-03-16T13:33:33.478-0300][gc,stats    ]    Subphase: Concurrent Mark Try Terminate                 0,000 / 0,000         0,543 / 1,085         0,543 / 1,085         0,543 / 1,085       ms
[2024-03-16T13:33:33.478-0300][gc,stats    ]    Subphase: Concurrent References Enqueue                 0,000 / 0,000         0,005 / 0,007         0,005 / 0,007         0,005 / 0,007       ms
[2024-03-16T13:33:33.478-0300][gc,stats    ]    Subphase: Concurrent References Process                 0,000 / 0,000         0,387 / 0,418         0,387 / 0,418         0,387 / 0,418       ms
[2024-03-16T13:33:33.478-0300][gc,stats    ]    Subphase: Concurrent Roots ClassLoaderDataGraph         0,000 / 0,000         0,168 / 0,393         0,168 / 0,393         0,168 / 0,393       ms
[2024-03-16T13:33:33.478-0300][gc,stats    ]    Subphase: Concurrent Roots CodeCache                    0,000 / 0,000         0,000 / 0,000         0,000 / 0,000         0,000 / 0,000       ms
[2024-03-16T13:33:33.478-0300][gc,stats    ]    Subphase: Concurrent Roots JavaThreads                  0,000 / 0,000         0,548 / 0,933         0,548 / 0,933         0,548 / 0,933       ms
[2024-03-16T13:33:33.478-0300][gc,stats    ]    Subphase: Concurrent Roots OopStorageSet                0,000 / 0,000         0,054 / 0,092         0,054 / 0,092         0,054 / 0,092       ms
[2024-03-16T13:33:33.478-0300][gc,stats    ]    Subphase: Concurrent Weak Roots OopStorageSet           0,000 / 0,000         0,619 / 0,886         0,619 / 0,886         0,619 / 0,886       ms
[2024-03-16T13:33:33.478-0300][gc,stats    ]    Subphase: Pause Mark Try Complete                       0,000 / 0,000         0,000 / 0,000         0,000 / 0,000         0,000 / 0,000       ms
[2024-03-16T13:33:33.478-0300][gc,stats    ]      System: Java Threads                                      0 / 0                19 / 26               19 / 26               19 / 26          threads
[2024-03-16T13:33:33.478-0300][gc,stats    ] =========================================================================================================================================================
[2024-03-16T13:33:43.477-0300][gc,stats    ] === Garbage Collection Statistics =======================================================================================================================
[2024-03-16T13:33:43.477-0300][gc,stats    ]                                                              Last 10s              Last 10m              Last 10h                Total
[2024-03-16T13:33:43.477-0300][gc,stats    ]                                                              Avg / Max             Avg / Max             Avg / Max             Avg / Max
[2024-03-16T13:33:43.477-0300][gc,stats    ]   Collector: Garbage Collection Cycle                      0,000 / 0,000        57,394 / 67,231       57,394 / 67,231       57,394 / 67,231      ms
[2024-03-16T13:33:43.477-0300][gc,stats    ]  Contention: Mark Segment Reset Contention                     0 / 0                 0 / 1                 0 / 1                 0 / 1           ops/s
[2024-03-16T13:33:43.477-0300][gc,stats    ]  Contention: Mark SeqNum Reset Contention                      0 / 0                 0 / 1                 0 / 1                 0 / 1           ops/s
[2024-03-16T13:33:43.477-0300][gc,stats    ]    Critical: Allocation Stall                                  0 / 0                 0 / 0                 0 / 0                 0 / 0           ops/s
[2024-03-16T13:33:43.477-0300][gc,stats    ]    Critical: Allocation Stall                              0,000 / 0,000         0,000 / 0,000         0,000 / 0,000         0,000 / 0,000       ms
[2024-03-16T13:33:43.477-0300][gc,stats    ]    Critical: GC Locker Stall                                   0 / 0                 0 / 0                 0 / 0                 0 / 0           ops/s
[2024-03-16T13:33:43.477-0300][gc,stats    ]    Critical: GC Locker Stall                               0,000 / 0,000         0,000 / 0,000         0,000 / 0,000         0,000 / 0,000       ms
[2024-03-16T13:33:43.477-0300][gc,stats    ]    Critical: Relocation Stall                                  0 / 0                 0 / 0                 0 / 0                 0 / 0           ops/s
[2024-03-16T13:33:43.477-0300][gc,stats    ]    Critical: Relocation Stall                              0,000 / 0,000         0,000 / 0,000         0,000 / 0,000         0,000 / 0,000       ms
[2024-03-16T13:33:43.477-0300][gc,stats    ]      Memory: Allocation Rate                                   0 / 0                 2 / 164               2 / 164               2 / 164         MB/s
[2024-03-16T13:33:43.477-0300][gc,stats    ]      Memory: Defragment                                        0 / 0                 0 / 0                 0 / 0                 0 / 0           ops/s
[2024-03-16T13:33:43.477-0300][gc,stats    ]      Memory: Out Of Memory                                     0 / 0                 0 / 0                 0 / 0                 0 / 0           ops/s
[2024-03-16T13:33:43.477-0300][gc,stats    ]      Memory: Page Cache Flush                                  0 / 0                 0 / 0                 0 / 0                 0 / 0           MB/s
[2024-03-16T13:33:43.477-0300][gc,stats    ]      Memory: Page Cache Hit L1                                 0 / 0                 0 / 82                0 / 82                0 / 82          ops/s
[2024-03-16T13:33:43.477-0300][gc,stats    ]      Memory: Page Cache Hit L2                                 0 / 0                 0 / 0                 0 / 0                 0 / 0           ops/s
[2024-03-16T13:33:43.477-0300][gc,stats    ]      Memory: Page Cache Hit L3                                 0 / 0                 0 / 65                0 / 65                0 / 65          ops/s
[2024-03-16T13:33:43.477-0300][gc,stats    ]      Memory: Page Cache Miss                                   0 / 0                 0 / 45                0 / 45                0 / 45          ops/s
[2024-03-16T13:33:43.477-0300][gc,stats    ]      Memory: Uncommit                                          0 / 0                 0 / 0                 0 / 0                 0 / 0           MB/s
[2024-03-16T13:33:43.477-0300][gc,stats    ]      Memory: Undo Object Allocation Failed                     0 / 0                 0 / 0                 0 / 0                 0 / 0           ops/s
[2024-03-16T13:33:43.477-0300][gc,stats    ]      Memory: Undo Object Allocation Succeeded                  0 / 0                 0 / 9                 0 / 9                 0 / 9           ops/s
[2024-03-16T13:33:43.477-0300][gc,stats    ]      Memory: Undo Page Allocation                              0 / 0                 0 / 0                 0 / 0                 0 / 0           ops/s
[2024-03-16T13:33:43.477-0300][gc,stats    ]       Phase: Concurrent Mark                               0,000 / 0,000        27,280 / 30,884       27,280 / 30,884       27,280 / 30,884      ms
[2024-03-16T13:33:43.477-0300][gc,stats    ]       Phase: Concurrent Mark Continue                      0,000 / 0,000         0,000 / 0,000         0,000 / 0,000         0,000 / 0,000       ms
[2024-03-16T13:33:43.477-0300][gc,stats    ]       Phase: Concurrent Mark Free                          0,000 / 0,000         0,000 / 0,000         0,000 / 0,000         0,000 / 0,000       ms
[2024-03-16T13:33:43.477-0300][gc,stats    ]       Phase: Concurrent Process Non-Strong References      0,000 / 0,000         5,572 / 7,253         5,572 / 7,253         5,572 / 7,253       ms
[2024-03-16T13:33:43.477-0300][gc,stats    ]       Phase: Concurrent Relocate                           0,000 / 0,000         8,047 / 10,484        8,047 / 10,484        8,047 / 10,484      ms
[2024-03-16T13:33:43.477-0300][gc,stats    ]       Phase: Concurrent Reset Relocation Set               0,000 / 0,000         0,007 / 0,014         0,007 / 0,014         0,007 / 0,014       ms
[2024-03-16T13:33:43.477-0300][gc,stats    ]       Phase: Concurrent Select Relocation Set              0,000 / 0,000         4,456 / 5,773         4,456 / 5,773         4,456 / 5,773       ms
[2024-03-16T13:33:43.477-0300][gc,stats    ]       Phase: Pause Mark End                                0,000 / 0,000         0,009 / 0,009         0,009 / 0,009         0,009 / 0,009       ms
[2024-03-16T13:33:43.477-0300][gc,stats    ]       Phase: Pause Mark Start                              0,000 / 0,000         0,012 / 0,018         0,012 / 0,018         0,012 / 0,018       ms
[2024-03-16T13:33:43.477-0300][gc,stats    ]       Phase: Pause Relocate Start                          0,000 / 0,000         0,006 / 0,007         0,006 / 0,007         0,006 / 0,007       ms
[2024-03-16T13:33:43.478-0300][gc,stats    ]    Subphase: Concurrent Classes Purge                      0,000 / 0,000         0,834 / 1,163         0,834 / 1,163         0,834 / 1,163       ms
[2024-03-16T13:33:43.478-0300][gc,stats    ]    Subphase: Concurrent Classes Unlink                     0,000 / 0,000         3,618 / 4,719         3,618 / 4,719         3,618 / 4,719       ms
[2024-03-16T13:33:43.478-0300][gc,stats    ]    Subphase: Concurrent Mark                               0,000 / 0,000        26,131 / 29,778       26,131 / 29,778       26,131 / 29,778      ms
[2024-03-16T13:33:43.478-0300][gc,stats    ]    Subphase: Concurrent Mark Try Flush                     0,000 / 0,000         0,062 / 0,128         0,062 / 0,128         0,062 / 0,128       ms
[2024-03-16T13:33:43.478-0300][gc,stats    ]    Subphase: Concurrent Mark Try Terminate                 0,000 / 0,000         0,543 / 1,085         0,543 / 1,085         0,543 / 1,085       ms
[2024-03-16T13:33:43.478-0300][gc,stats    ]    Subphase: Concurrent References Enqueue                 0,000 / 0,000         0,005 / 0,007         0,005 / 0,007         0,005 / 0,007       ms
[2024-03-16T13:33:43.478-0300][gc,stats    ]    Subphase: Concurrent References Process                 0,000 / 0,000         0,387 / 0,418         0,387 / 0,418         0,387 / 0,418       ms
[2024-03-16T13:33:43.478-0300][gc,stats    ]    Subphase: Concurrent Roots ClassLoaderDataGraph         0,000 / 0,000         0,168 / 0,393         0,168 / 0,393         0,168 / 0,393       ms
[2024-03-16T13:33:43.478-0300][gc,stats    ]    Subphase: Concurrent Roots CodeCache                    0,000 / 0,000         0,000 / 0,000         0,000 / 0,000         0,000 / 0,000       ms
[2024-03-16T13:33:43.478-0300][gc,stats    ]    Subphase: Concurrent Roots JavaThreads                  0,000 / 0,000         0,548 / 0,933         0,548 / 0,933         0,548 / 0,933       ms
[2024-03-16T13:33:43.478-0300][gc,stats    ]    Subphase: Concurrent Roots OopStorageSet                0,000 / 0,000         0,054 / 0,092         0,054 / 0,092         0,054 / 0,092       ms
[2024-03-16T13:33:43.478-0300][gc,stats    ]    Subphase: Concurrent Weak Roots OopStorageSet           0,000 / 0,000         0,619 / 0,886         0,619 / 0,886         0,619 / 0,886       ms
[2024-03-16T13:33:43.478-0300][gc,stats    ]    Subphase: Pause Mark Try Complete                       0,000 / 0,000         0,000 / 0,000         0,000 / 0,000         0,000 / 0,000       ms
[2024-03-16T13:33:43.478-0300][gc,stats    ]      System: Java Threads                                      0 / 0                19 / 26               19 / 26               19 / 26          threads
[2024-03-16T13:33:43.478-0300][gc,stats    ] =========================================================================================================================================================
[2024-03-16T13:33:49.778-0300][gc,heap,exit] Heap
[2024-03-16T13:33:49.778-0300][gc,heap,exit]  ZHeap           used 224M, capacity 340M, max capacity 3970M
[2024-03-16T13:33:49.778-0300][gc,heap,exit]  Metaspace       used 36594K, committed 37312K, reserved 1114112K
[2024-03-16T13:33:49.778-0300][gc,heap,exit]   class space    used 4308K, committed 4672K, reserved 1048576K
